Collect MU
Collect NVDA
Collect GOOGL
Collect AAPL
Collect MSFT
Collect AMZN
Collect META
Collect AMD
Collect AVGO
Collect QCOM
Collect INTC
Collect AMAT
Collect LRCX
Collect TSLA
Collect GM
Collect F
Collect GE
Collect CAT
Collect LLY
Collect JNJ
Collect 000660
Collect 005930
Collect 035420
Collect 066570
Collect 005380
Collect 000270
Collect 012330
Collect 035720
Collect 006400
Collect 051910
Collect 373220
Collect 005490
Collect 207940
Collect 068270
Collect 000100
Collect 128940
Collect 329180
Collect 012450
Collect 034020
Collect 267260
Snapshot: 40/40 companies; 2026-09-29-01a47dd47e07
