{"company": "MU", "status": "selected", "choice": {"primary": "price_conditions", "secondary": "investment_cycle"}, "recordHash": "975f893f6ca0c96a2710abd36fccdcfca84cb1358ae313ffab6d42bdede76529", "reused": false, "error": null}
{"company": "NVDA", "status": "selected", "choice": {"primary": "price_conditions", "secondary": "cash_conversion"}, "recordHash": "26a53a53729cf9faec474e9d02221b649fcf355c9dde1da7e43003c1ec1fa85b", "reused": true, "error": null}
{"company": "GOOGL", "status": "selected", "choice": {"primary": "investment_cycle", "secondary": "segment_reconciliation"}, "recordHash": "d906e6f5960c03c35f98bb5677cc335e8be668e4bda8ff2887a4cf50570c3660", "reused": false, "error": null}
{"company": "AAPL", "status": "selected", "choice": {"primary": "price_conditions", "secondary": "investment_cycle"}, "recordHash": "e49c982a469c7eede9dfa795f32d2fb689ad145ed6900744f82f6460d1438d0d", "reused": false, "error": null}
{"company": "MSFT", "status": "selected", "choice": {"primary": "price_conditions", "secondary": "investment_cycle"}, "recordHash": "2e309676a2bc01a30543b090c644adf385190da1ba2b39ab7e5c6df08a52aac5", "reused": false, "error": null}
{"company": "AMZN", "status": "selected", "choice": {"primary": "price_conditions", "secondary": "segment_reconciliation"}, "recordHash": "f6a6f53ef9e7993e87e457f7b4564753b6713d2aab6c75790c09b2b3481cce46", "reused": false, "error": null}
{"company": "META", "status": "selected", "choice": {"primary": "price_conditions", "secondary": "investment_cycle"}, "recordHash": "a45d555193eea2e37f429a563df22b557da3e5b12abd6b032ad170e6345c452b", "reused": false, "error": null}
{"company": "AMD", "status": "selected", "choice": {"primary": "price_conditions", "secondary": "investment_cycle"}, "recordHash": "308181aae8385f845ac6039a40211aa1dc9154b1388d0174ebbcd6aaa2719298", "reused": true, "error": null}
{"company": "AVGO", "status": "selected", "choice": {"primary": "price_conditions", "secondary": "cash_conversion"}, "recordHash": "ef1f2fb2f970993723aee199b7221a7aca038c6313edb0afaa1c9d530b8d5b24", "reused": true, "error": null}
{"company": "QCOM", "status": "selected", "choice": {"primary": "price_conditions", "secondary": "investment_cycle"}, "recordHash": "58c6cc0e8dafb70b2918480cf9daa59452413030d4faed4213fd3b8605fa2033", "reused": true, "error": null}
{"company": "INTC", "status": "selected", "choice": {"primary": "price_conditions", "secondary": "cash_conversion"}, "recordHash": "20bc1825a61881845d41de6ccd8107643d34219f53188cd05b43dd9735e1563e", "reused": true, "error": null}
{"company": "AMAT", "status": "selected", "choice": {"primary": "price_conditions", "secondary": "cash_conversion"}, "recordHash": "103c2f142d551f7f2145c1e73250f9cbb10d1d4bcf8cf6a3c7a06ff051664d48", "reused": true, "error": null}
{"company": "LRCX", "status": "selected", "choice": {"primary": "cash_conversion", "secondary": "price_conditions"}, "recordHash": "8b7105f13028eb17590dde0e3e75886977987d3431e051490229618a2540a896", "reused": true, "error": null}
{"company": "TSLA", "status": "selected", "choice": {"primary": "price_conditions", "secondary": "cash_conversion"}, "recordHash": "b5fb19714070e509311a9bc5fed8ba94f6b264a4a8faf6578697277323d255b5", "reused": false, "error": null}
{"company": "GM", "status": "selected", "choice": {"primary": "financial_scope", "secondary": "peer_tradeoff"}, "recordHash": "1fa7cad195ddd785db6d8d677a573e9886b195744f8866693908b8d3b13b6fd9", "reused": true, "error": null}
{"company": "F", "status": "selected", "choice": {"primary": "financial_scope", "secondary": "security_rights"}, "recordHash": "c532ade9ddfa9170a6fc01e6f3959d622c9741773709b66ea36635bca625cd99", "reused": true, "error": null}
{"company": "GE", "status": "selected", "choice": {"primary": "price_conditions", "secondary": "cash_conversion"}, "recordHash": "b3af150825c911992b13e68ac684eb4e543a4244bb79c5218ee3b4c8a1c15068", "reused": true, "error": null}
{"company": "CAT", "status": "selected", "choice": {"primary": "financial_scope", "secondary": "peer_tradeoff"}, "recordHash": "6045456a8c96b6e6215e836e8202ab5b72d9d7b581fc348e95f883c1e2ce5a30", "reused": true, "error": null}
{"company": "LLY", "status": "selected", "choice": {"primary": "price_conditions", "secondary": "cash_conversion"}, "recordHash": "d69e70d1fbae95b676c23d6651b973ecb046591ff9a42cb8ddb5f69906a9977c", "reused": true, "error": null}
{"company": "JNJ", "status": "selected", "choice": {"primary": "price_conditions", "secondary": "investment_cycle"}, "recordHash": "b152ea201ee4aeae0c22c43579c7c574c3aba88b29aeb6baabac49a92704a60b", "reused": true, "error": null}
{"company": "000660", "status": "selected", "choice": {"primary": "price_conditions", "secondary": "cash_conversion"}, "recordHash": "8fbb163275a9fb7dad8aca795530f866ef6bc940f08c5f65887ff81cd5121802", "reused": true, "error": null}
{"company": "005930", "status": "selected", "choice": {"primary": "security_rights", "secondary": "cash_conversion"}, "recordHash": "3b530c22456ebf32f5fb181fe9d2dcec35d87d175a00bd642cc12785919c681e", "reused": true, "error": null}
{"company": "035420", "status": "selected", "choice": {"primary": "price_conditions", "secondary": "investment_cycle"}, "recordHash": "5a18935f2c5c776aa51410d3d7b651edd871d71f745b67b8a18daa16d1cd51ca", "reused": true, "error": null}
{"company": "066570", "status": "selected", "choice": {"primary": "business_scope", "secondary": "cash_conversion"}, "recordHash": "6d3cb8b9f675cae2547ec1d085ae0736c96ac1903def06ce3ab44bb619944c46", "reused": true, "error": null}
{"company": "005380", "status": "selected", "choice": {"primary": "financial_scope", "secondary": "security_rights"}, "recordHash": "320885cee7fc9aa555cd1b0cbef5982a9f9831146eca123d7898db34353f9de3", "reused": true, "error": null}
{"company": "000270", "status": "selected", "choice": {"primary": "price_conditions", "secondary": "investment_cycle"}, "recordHash": "6c881f194bf1bfceccf82b4ca3d30269c120dffa582da4cb781767f42700a122", "reused": false, "error": null}
{"company": "012330", "status": "selected", "choice": {"primary": "security_rights", "secondary": "cash_conversion"}, "recordHash": "215d522939023b5dd1bc7b9ed1e4b63334a7e459e7481a19e6118275a882177c", "reused": true, "error": null}
{"company": "035720", "status": "selected", "choice": {"primary": "business_scope", "secondary": "cash_conversion"}, "recordHash": "e46eb59a81ef3980f5e02cf7c7c78beedbfc2fb658ae80ba68a859ba35df0d16", "reused": true, "error": null}
{"company": "006400", "status": "selected", "choice": {"primary": "business_scope", "secondary": "cash_conversion"}, "recordHash": "87964d8a016f38d2d60a293a111bf0e4c4be961361186f2e089b1d1eaf2e72f9", "reused": true, "error": null}
{"company": "051910", "status": "selected", "choice": {"primary": "business_scope", "secondary": "cash_conversion"}, "recordHash": "d6100b3578925f7c3917475cad9d6f86d894eb47415fcd7cb541d3a80e4cccc7", "reused": true, "error": null}
{"company": "373220", "status": "selected", "choice": {"primary": "price_conditions", "secondary": "cash_conversion"}, "recordHash": "884e6367ee317774e3b4411b0be5c5f565cca3347696198f2f9a29fce10d04e4", "reused": true, "error": null}
{"company": "005490", "status": "selected", "choice": {"primary": "price_conditions", "secondary": "cash_conversion"}, "recordHash": "ac6e9d33f49c142f989615d04ca49a965a3fd05ae1a0925d2d67aa58a4bea9cd", "reused": true, "error": null}
{"company": "207940", "status": "selected", "choice": {"primary": "business_scope", "secondary": "peer_tradeoff"}, "recordHash": "a5848eb18a9cc0c854be6268c2e28ab51c02d418103b036dc86d7f889722b797", "reused": true, "error": null}
{"company": "068270", "status": "selected", "choice": {"primary": "price_conditions", "secondary": "investment_cycle"}, "recordHash": "6c027937eb494cb31a6bb57be0ca0334c59f16aba78a2873244b21c09229e018", "reused": true, "error": null}
{"company": "000100", "status": "selected", "choice": {"primary": "security_rights", "secondary": "peer_tradeoff"}, "recordHash": "73accebdaa16579f12b18f3302cc0d11929b931475ef3d43501d0d7695e16937", "reused": true, "error": null}
{"company": "128940", "status": "selected", "choice": {"primary": "price_conditions", "secondary": "investment_cycle"}, "recordHash": "064ed3551d1cb903d5639a2084fefe84f4ecaacb8786cbd03dbe6b6cdab8d237", "reused": true, "error": null}
{"company": "329180", "status": "selected", "choice": {"primary": "price_conditions", "secondary": "cash_conversion"}, "recordHash": "650d71a5545862123c4a507b6a06225702a428bc616b323d87581117ff4162fd", "reused": true, "error": null}
{"company": "012450", "status": "selected", "choice": {"primary": "cash_conversion", "secondary": "security_rights"}, "recordHash": "d7c1b7bac41f052d7d300dfde5f92726410e8e14b62023a6db31c47f70406023", "reused": true, "error": null}
{"company": "034020", "status": "selected", "choice": {"primary": "cash_conversion", "secondary": "security_rights"}, "recordHash": "b1794696d603287529e7a535709f6179fd3b17bac45a45295cca5c77a9443064", "reused": true, "error": null}
{"company": "267260", "status": "selected", "choice": {"primary": "price_conditions", "secondary": "cash_conversion"}, "recordHash": "2a9020021d15bc386296fda0072db19a0056c655b4587dfca3e60507678131e8", "reused": true, "error": null}
{"company": "NFLX", "status": "selected", "choice": {"primary": "price_conditions", "secondary": "cash_conversion"}, "recordHash": "f6d9ab80d5586dfceb67a3ce9e9c66d6515e0ae27debdbeddc54414a5e357546", "reused": true, "error": null}
{"company": "CRM", "status": "selected", "choice": {"primary": "price_conditions", "secondary": "cash_conversion"}, "recordHash": "d82ba1fb76ab24e4e44c5ec495340e8a684c9507eb9991eedb6a817d5a19dd5b", "reused": true, "error": null}
{"company": "ORCL", "status": "selected", "choice": {"primary": "security_rights", "secondary": "peer_tradeoff"}, "recordHash": "68e784953bd67bc6bdf3b91dbdc45fdd7e0724a6dec020de7c35ed9307064d79", "reused": true, "error": null}
{"company": "ADBE", "status": "selected", "choice": {"primary": "price_conditions", "secondary": "cash_conversion"}, "recordHash": "72a3ea906a36b9fdb7d9c42ed96a57ec84e0d812ed79050a4e2b6159ed926aa8", "reused": true, "error": null}
{"company": "NOW", "status": "selected", "choice": {"primary": "price_conditions", "secondary": "cash_conversion"}, "recordHash": "98a385de5a510329df17f0bf6559efb4ba107f99612290c1672f818ce642873a", "reused": true, "error": null}
{"company": "COST", "status": "selected", "choice": {"primary": "price_conditions", "secondary": "investment_cycle"}, "recordHash": "d532d4f75c55fbfd03a1402f8bb6678edd94916b753fc26747b7cc68ad962a31", "reused": true, "error": null}
{"company": "WMT", "status": "selected", "choice": {"primary": "price_conditions", "secondary": "investment_cycle"}, "recordHash": "380d0efaa25118b6bab9a6a95328a18b04d058176b39aedcaf0a96d99a5da363", "reused": true, "error": null}
{"company": "HD", "status": "selected", "choice": {"primary": "price_conditions", "secondary": "cash_conversion"}, "recordHash": "670df592b1ffd47834ea82a9a4f27d41a6b60b080a880447377a4eb11481354c", "reused": true, "error": null}
{"company": "TXN", "status": "selected", "choice": {"primary": "price_conditions", "secondary": "cash_conversion"}, "recordHash": "886afc8772b09f21910ccdd596d74f387d860f23afda42baaf9708d1576b0f1d", "reused": true, "error": null}
{"company": "ADI", "status": "selected", "choice": {"primary": "price_conditions", "secondary": "cash_conversion"}, "recordHash": "f8c2085777e60aef9497500da3d6d1c2645d507e87e26359a996d1c12399de5c", "reused": true, "error": null}
{"company": "028260", "status": "selected", "choice": {"primary": "security_rights", "secondary": "cash_conversion"}, "recordHash": "cf2d5d6a2f027e1da81db1a921114e7ac9d6b2a7312f697fdfd432d125e89ae3", "reused": true, "error": null}
{"company": "017670", "status": "selected", "choice": {"primary": "cash_conversion", "secondary": "price_conditions"}, "recordHash": "fdc80912db41a47cb51ce1d82e49f73bda4134b57547b3f9764bead7bb11e2fa", "reused": true, "error": null}
{"company": "030200", "status": "selected", "choice": {"primary": "security_rights", "secondary": "peer_tradeoff"}, "recordHash": "1eeb62afed49b38e41b7ad06cd147452140ae4760a41f347a8ba06123db257a0", "reused": true, "error": null}
{"company": "009150", "status": "selected", "choice": {"primary": "business_scope", "secondary": "cash_conversion"}, "recordHash": "55a0cf7961be440299d4cf76a138d934e19f778a091f2ab30ddaba8ffc67c5c9", "reused": false, "error": null}
{"company": "011070", "status": "selected", "choice": {"primary": "price_conditions", "secondary": "cash_conversion"}, "recordHash": "52b6e39196303d092abe6f22deec26426444793a3bcfb0e9978747c9c436f10d", "reused": true, "error": null}
{"company": "018260", "status": "selected", "choice": {"primary": "price_conditions", "secondary": "investment_cycle"}, "recordHash": "44bbd3635f80013787a088f830ff973eb3a319cbc33b7e830039000c6037cd4c", "reused": true, "error": null}
{"company": "259960", "status": "selected", "choice": {"primary": "price_conditions", "secondary": "cash_conversion"}, "recordHash": "2d1efd6cb28d6b7cf1e234ff7e32b83bae5ae262b5dd9466c59184a5fecea0f6", "reused": true, "error": null}
{"company": "251270", "status": "selected", "choice": {"primary": "price_conditions", "secondary": "cash_conversion"}, "recordHash": "cf71967717f0e29e0dfb5d85ac759b87cd7557c19549f35dfdbf565becef210c", "reused": true, "error": null}
{"company": "090430", "status": "selected", "choice": {"primary": "cash_conversion", "secondary": "investment_cycle"}, "recordHash": "4855e0f72df84e08951b2885334988fd6d4baf64cb263cf10cae53738c9fe0ea", "reused": true, "error": null}
{"company": "271560", "status": "selected", "choice": {"primary": "price_conditions", "secondary": "cash_conversion"}, "recordHash": "73cc5fca202f3a56906da3e1449da73fd302f767726b58ff6620247f745d11a0", "reused": true, "error": null}
Question selection: artifacts/local/question-run-20261001T140237843119Z.json
