{"company": "MU", "status": "unreviewed_draft", "semanticApproval": false, "recordHash": "9ced1f3faf455fe621d613bc88688581edcfaaa04eed153cfef0aa4792cd8f40", "reused": true, "error": null}
{"company": "NVDA", "status": "unreviewed_draft", "semanticApproval": false, "recordHash": "1a57c8cb98c728f2ccb9f706327b4dfcb024d939d51752fc32e8cf1d563bd3de", "reused": true, "error": null}
{"company": "GOOGL", "status": "unreviewed_draft", "semanticApproval": false, "recordHash": "fc70477c362ea9582c2dfcca6849115cfb9f4c106781300f984cc3f38caa91c8", "reused": true, "error": null}
{"company": "AAPL", "status": "unreviewed_draft", "semanticApproval": false, "recordHash": "43e1d75f8a1aa3e84638bd04795c8649aa24dbab04b6703dfd90fb28c581122f", "reused": true, "error": null}
{"company": "MSFT", "status": "unreviewed_draft", "semanticApproval": false, "recordHash": "025ece877a9b503a436cbfc5eec959c1340542be71201c5bca3e113bf879ac22", "reused": true, "error": null}
{"company": "AMZN", "status": "unreviewed_draft", "semanticApproval": false, "recordHash": "47ce8a532b99d6955595697e976b394e4dc8a43d34a76c35076c38438ec974ac", "reused": true, "error": null}
{"company": "META", "status": "unreviewed_draft", "semanticApproval": false, "recordHash": "913e7b24ec1b34128e85e4b0745c4796641bd9b54cc1b5312480901733eb57a3", "reused": true, "error": null}
{"company": "AMD", "status": "unreviewed_draft", "semanticApproval": false, "recordHash": "aa5871f7e82dfa1dd473020a3cf06236c1c87c88a143c349dad691d32225e4b1", "reused": true, "error": null}
{"company": "AVGO", "status": "unreviewed_draft", "semanticApproval": false, "recordHash": "bb0b38a7ef9b77eb30a50f10faef5493fb823a37575becf08ca2d33d72c6a1dc", "reused": true, "error": null}
{"company": "QCOM", "status": "unreviewed_draft", "semanticApproval": false, "recordHash": "ba27f0adbf5faa53e6f8ae283eb99064b907bcf7e5c395fb7a913baaa38b5ff2", "reused": true, "error": null}
{"company": "INTC", "status": "unreviewed_draft", "semanticApproval": false, "recordHash": "c3a0ed80b1a63ee10015fad8d6996b860b2364231a854916a5559b3f0fad2349", "reused": true, "error": null}
{"company": "AMAT", "status": "unreviewed_draft", "semanticApproval": false, "recordHash": "090474452b86bd98cea3210972cff9aeffddc32e42f25e91ac6d5683b55a4b63", "reused": true, "error": null}
{"company": "LRCX", "status": "unreviewed_draft", "semanticApproval": false, "recordHash": "d2cad06c290aa591d60c34bd4d87f412e473b1726be8d3490c4b288843048d2a", "reused": true, "error": null}
{"company": "TSLA", "status": "unreviewed_draft", "semanticApproval": false, "recordHash": "4dbb79a72f2757de6f2fef28ee1b5bf7099ae0b4d221667a82f22d9bac3021fa", "reused": true, "error": null}
{"company": "GM", "status": "unreviewed_draft", "semanticApproval": false, "recordHash": "caeebcea47efbab7a325702b9267139c9f17facc90bbfe1c8e6a03970acb7719", "reused": true, "error": null}
{"company": "F", "status": "unreviewed_draft", "semanticApproval": false, "recordHash": "29df7d85110815c29fa4d7b84b1e7aef9b2aca3a7c1488b5696e65ac50dcac85", "reused": true, "error": null}
{"company": "GE", "status": "unreviewed_draft", "semanticApproval": false, "recordHash": "5a93ee9b774312f4083d68cf692441328baa90e79d5771a6f64b79bd978ba453", "reused": true, "error": null}
{"company": "CAT", "status": "unreviewed_draft", "semanticApproval": false, "recordHash": "7acf524a7fa112972c926d6e737873a3e957312cd65ebdbf154dc6668a6ace07", "reused": true, "error": null}
{"company": "LLY", "status": "unreviewed_draft", "semanticApproval": false, "recordHash": "a4fb786a1d271be01b14b4afd49b376c93c5ae8b1ed864e14de36316981392af", "reused": true, "error": null}
{"company": "JNJ", "status": "unreviewed_draft", "semanticApproval": false, "recordHash": "125b4a8fd70ce6384a5ed855e8fe2c275b9574b5c6f13ae0a0aafe1a8a4254b7", "reused": true, "error": null}
{"company": "000660", "status": "unreviewed_draft", "semanticApproval": false, "recordHash": "6103be9450919878d5c3f949d5fc2f97a1586e56fba5c58b7fb63e8e43a56235", "reused": true, "error": null}
{"company": "005930", "status": "unreviewed_draft", "semanticApproval": false, "recordHash": "3d851a0591e20e1e698276e7f60ca37a0a1207d8d88ad2f3d8cb4380608b78a6", "reused": true, "error": null}
{"company": "035420", "status": "unreviewed_draft", "semanticApproval": false, "recordHash": "7e30b19e9ab568f02e01ab428a1ec09683f577fb0c26006f6eb58cadc9c011c7", "reused": true, "error": null}
{"company": "066570", "status": "unreviewed_draft", "semanticApproval": false, "recordHash": "30a79c83f7498257dcd4dcf746164d47083e1158b2dc4a6250952c4a7d98b42b", "reused": true, "error": null}
{"company": "005380", "status": "unreviewed_draft", "semanticApproval": false, "recordHash": "21bafe2924d74097add95f221beae8c4142870c3699b76cab7bf123a3807a898", "reused": true, "error": null}
{"company": "000270", "status": "unreviewed_draft", "semanticApproval": false, "recordHash": "c6c296d249e5822816caa81e4047080528aa0f7a725f131984c03153628c533a", "reused": true, "error": null}
{"company": "012330", "status": "unreviewed_draft", "semanticApproval": false, "recordHash": "c0c973b2a7387739aaffeec6a997a536ff81d7634daf2f120579c9e2836c762c", "reused": true, "error": null}
{"company": "035720", "status": "unreviewed_draft", "semanticApproval": false, "recordHash": "4cc5d2cde01cf88ff6937416739570c420d08cf3c1bc55d20cfb3a3e33e76e78", "reused": true, "error": null}
{"company": "006400", "status": "unreviewed_draft", "semanticApproval": false, "recordHash": "44817221281f0fca6bb25aa7c6faf32e0f2d283ff4b1184744c64380d3f539ac", "reused": true, "error": null}
{"company": "051910", "status": "unreviewed_draft", "semanticApproval": false, "recordHash": "db953ff9eafb4336743658e93544b9501666365e9a2afbdbbbd3b1d624bbfadf", "reused": true, "error": null}
{"company": "373220", "status": "unreviewed_draft", "semanticApproval": false, "recordHash": "44dd58189a0aae0adceca766f456ffa6d90727959b2326ff85cce82dc73fdc5b", "reused": true, "error": null}
{"company": "005490", "status": "unreviewed_draft", "semanticApproval": false, "recordHash": "ce5ab0ae23fc193c7dc40a75d8216be107f7f1b2524622d13af946c526670495", "reused": true, "error": null}
{"company": "207940", "status": "unreviewed_draft", "semanticApproval": false, "recordHash": "5d445ddb369ca3f701d886772642b14784f81ff08be4f8dfa40090b5e297d835", "reused": true, "error": null}
{"company": "068270", "status": "unreviewed_draft", "semanticApproval": false, "recordHash": "35321caaeb01732d9f0118646a75f1e6862994defe1d22f2944ada5495618bc6", "reused": true, "error": null}
{"company": "000100", "status": "unreviewed_draft", "semanticApproval": false, "recordHash": "f21b92f2226522bd40468bb25ddce23743d2432ac9d5892ae63330942b9c9b75", "reused": true, "error": null}
{"company": "128940", "status": "unreviewed_draft", "semanticApproval": false, "recordHash": "cffe8c893cc96c4e667c0d214aea8073c30f9b863b528393cbe521cfc9549caa", "reused": true, "error": null}
{"company": "329180", "status": "unreviewed_draft", "semanticApproval": false, "recordHash": "c83c4b22a7b8b5dcec59b4d49b45034857b670df393de2490000aaba494e93b0", "reused": true, "error": null}
{"company": "012450", "status": "unreviewed_draft", "semanticApproval": false, "recordHash": "66260a51872ea948e6e412b3ba34673441726a57607fb68f67fa4f5212f9260b", "reused": true, "error": null}
{"company": "034020", "status": "unreviewed_draft", "semanticApproval": false, "recordHash": "10489bdb3a2dc84c2dcfa0d9d964ade8c14a301a4f307a3f2f996682d01334bb", "reused": true, "error": null}
{"company": "267260", "status": "unreviewed_draft", "semanticApproval": false, "recordHash": "51ea84f27063824ebe4934f881815c4f46f98e5fa6c8420f328f8f6ae8255d59", "reused": true, "error": null}
{"company": "NFLX", "status": "unreviewed_draft", "semanticApproval": false, "recordHash": "b86e31ecaedbdc315e43bdda921384d46544a5fbe05578f9dd20f40ee56cb2a1", "reused": true, "error": null}
{"company": "CRM", "status": "unreviewed_draft", "semanticApproval": false, "recordHash": "ebac8a9ab042085e9969d705efcd7014f679aa6093cc02dcb52084cdc798282a", "reused": true, "error": null}
{"company": "ORCL", "status": "unreviewed_draft", "semanticApproval": false, "recordHash": "ac8b4ed0cb54ce4031c26e7db555d97788fb2c0a82c1fd803ca0c90b4aad7dd3", "reused": true, "error": null}
{"company": "ADBE", "status": "unreviewed_draft", "semanticApproval": false, "recordHash": "877000e45f2af82beb91f3595e29928bd6d4f520d1c24e0c88020dc6c18c34cd", "reused": true, "error": null}
{"company": "NOW", "status": "unreviewed_draft", "semanticApproval": false, "recordHash": "e4676f73195290ccb4d80e0f40087be0acfa5f204177e5722502356aa56cd4a4", "reused": true, "error": null}
{"company": "COST", "status": "unreviewed_draft", "semanticApproval": false, "recordHash": "c39c0fbc08cc5bdd84ffc7bcceb09594372460689cc7168a93a3babb8dcd0f9d", "reused": true, "error": null}
{"company": "WMT", "status": "unreviewed_draft", "semanticApproval": false, "recordHash": "b52dd53eb4904d6d6bdc591ea6a444da98d116e649dbae1bb872cc1eebf7bc7b", "reused": true, "error": null}
{"company": "HD", "status": "unreviewed_draft", "semanticApproval": false, "recordHash": "5e0ce129a28016240d80cedaa6e508077a46e6f2e574948d8ffa0609948a05c1", "reused": true, "error": null}
{"company": "TXN", "status": "unreviewed_draft", "semanticApproval": false, "recordHash": "1886af604bc4bcbaba6acd9c7099761632fff686e2a47427550a7a22e549bfc9", "reused": true, "error": null}
{"company": "ADI", "status": "unreviewed_draft", "semanticApproval": false, "recordHash": "7888041dfce63d4215b36137ea95b1ea9abd3d403b446e4b42dc33d3bd8279d6", "reused": true, "error": null}
{"company": "028260", "status": "unreviewed_draft", "semanticApproval": false, "recordHash": "5ab1bb4cadcb6786cc41b4382a1dbe0cdbe7bd79f346a9eafd5a210c86c563a0", "reused": true, "error": null}
{"company": "017670", "status": "unreviewed_draft", "semanticApproval": false, "recordHash": "cebdbd9f0a94897e792241892f3c1b34a03f4c7f3998e38be23ccd0e10aaa6c5", "reused": true, "error": null}
{"company": "030200", "status": "unreviewed_draft", "semanticApproval": false, "recordHash": "c45a76f460e5a89e7ed0e4668f6a37a2da1ab824c369cb9f53c3acf6eddcc339", "reused": true, "error": null}
{"company": "009150", "status": "unreviewed_draft", "semanticApproval": false, "recordHash": "084a26c53fdc35d008475bb7245f190ba0d1bc666cb04eab6c36f5f1cefdbb02", "reused": true, "error": null}
{"company": "011070", "status": "unreviewed_draft", "semanticApproval": false, "recordHash": "a8dfdfce48a65cae9b68c24423387630e2cd22e4dbf8554d4c70858ba76ff6b3", "reused": true, "error": null}
{"company": "018260", "status": "unreviewed_draft", "semanticApproval": false, "recordHash": "a696b120b87121e73b87157d1e1aab308f4160d9cac00292706e5a287647c543", "reused": true, "error": null}
{"company": "259960", "status": "unreviewed_draft", "semanticApproval": false, "recordHash": "87ef04808013c6767308adea0eaaa9d80ccae99da7a60fba467d9d7cd1e1da73", "reused": true, "error": null}
{"company": "251270", "status": "unreviewed_draft", "semanticApproval": false, "recordHash": "3e06145053db6a3f5fed8d14273d7f76dd9e026f84a52331ed14f8e66f7ff301", "reused": true, "error": null}
{"company": "090430", "status": "unreviewed_draft", "semanticApproval": false, "recordHash": "bde9da1061663fe262fd8f2ec60b8ab3112f0772c75ff50080feefb5b35b04d6", "reused": true, "error": null}
{"company": "271560", "status": "unreviewed_draft", "semanticApproval": false, "recordHash": "6fedd21d18d491b5cce410166ca88b3753768c148f99535d956371c61fde7a70", "reused": true, "error": null}
Filing reading: artifacts/local/filing-reading-run-20261002T054515723698Z.json
