[unit] /home/soccz/.pyenv/versions/3.12.9/bin/python3 -m unittest discover -s tests -v
[unit] passed — artifacts/local/runs/20261001T060432745886Z/unit.log
[analysis] /home/soccz/.pyenv/versions/3.12.9/bin/python3 -m equitylab refresh --as-of 2026-09-29
[analysis] passed — artifacts/local/runs/20261001T060432745886Z/analysis.log
[register-cash-conditions] /home/soccz/.pyenv/versions/3.12.9/bin/python3 -m equitylab register
[register-cash-conditions] passed — artifacts/local/runs/20261001T060432745886Z/register-cash-conditions.log
[register-receivable-conditions] /home/soccz/.pyenv/versions/3.12.9/bin/python3 -m equitylab register-receivables
[register-receivable-conditions] passed — artifacts/local/runs/20261001T060432745886Z/register-receivable-conditions.log
[observe] /home/soccz/.pyenv/versions/3.12.9/bin/python3 -m equitylab observe
[observe] passed — artifacts/local/runs/20261001T060432745886Z/observe.log
[research-journal] /home/soccz/.pyenv/versions/3.12.9/bin/python3 -m equitylab register-cases
[research-journal] passed — artifacts/local/runs/20261001T060432745886Z/research-journal.log
[forward-study] /home/soccz/.pyenv/versions/3.12.9/bin/python3 -m equitylab register-study
[forward-study] passed — artifacts/local/runs/20261001T060432745886Z/forward-study.log
[price-crosscheck] node scripts/check-dossier.mjs
[price-crosscheck] passed — artifacts/local/runs/20261001T060432745886Z/price-crosscheck.log
[local-records] /home/soccz/.pyenv/versions/3.12.9/bin/python3 scripts/check-local-records.py
[local-records] passed — artifacts/local/runs/20261001T060432745886Z/local-records.log
[offline-replay] /home/soccz/.pyenv/versions/3.12.9/bin/python3 scripts/check-replay.py
[offline-replay] failed — artifacts/local/runs/20261001T060432745886Z/offline-replay.log
Traceback (most recent call last):
  File "/mnt/20t/주식/scripts/run-local.py", line 213, in <module>
    main()
  File "/mnt/20t/주식/scripts/run-local.py", line 131, in main
    stage("offline-replay", [sys.executable, "scripts/check-replay.py"])
  File "/mnt/20t/주식/scripts/run-local.py", line 82, in stage
    raise RuntimeError(f"{name} failed; see {log.relative_to(ROOT)}")
RuntimeError: offline-replay failed; see artifacts/local/runs/20261001T060432745886Z/offline-replay.log
