Coverage MU
{"ticker": "MU", "status": "ready", "periodEnd": "2026-05-28", "filedAt": "2026-06-25", "priceObservations": 1254, "historyIssues": []}
Coverage NVDA
{"ticker": "NVDA", "status": "ready", "periodEnd": "2026-07-26", "filedAt": "2026-08-26", "priceObservations": 1254, "historyIssues": []}
Coverage GOOGL
{"ticker": "GOOGL", "status": "ready", "periodEnd": "2026-06-30", "filedAt": "2026-07-23", "priceObservations": 1254, "historyIssues": []}
Coverage AAPL
{"ticker": "AAPL", "status": "ready", "periodEnd": "2026-06-27", "filedAt": "2026-07-31", "priceObservations": 1254, "historyIssues": []}
Coverage MSFT
{"ticker": "MSFT", "status": "ready", "periodEnd": "2026-06-30", "filedAt": "2026-07-29", "priceObservations": 1254, "historyIssues": []}
Coverage AMZN
{"ticker": "AMZN", "status": "ready", "periodEnd": "2026-06-30", "filedAt": "2026-07-31", "priceObservations": 1254, "historyIssues": []}
Coverage META
{"ticker": "META", "status": "ready", "periodEnd": "2026-06-30", "filedAt": "2026-07-30", "priceObservations": 1254, "historyIssues": []}
Coverage AMD
{"ticker": "AMD", "status": "ready", "periodEnd": "2026-06-27", "filedAt": "2026-08-05", "priceObservations": 1254, "historyIssues": []}
Coverage AVGO
{"ticker": "AVGO", "status": "ready", "periodEnd": "2026-08-02", "filedAt": "2026-09-10", "priceObservations": 1254, "historyIssues": []}
Coverage QCOM
{"ticker": "QCOM", "status": "ready", "periodEnd": "2026-06-28", "filedAt": "2026-07-29", "priceObservations": 1254, "historyIssues": []}
Coverage INTC
{"ticker": "INTC", "status": "ready", "periodEnd": "2026-06-27", "filedAt": "2026-07-24", "priceObservations": 1254, "historyIssues": []}
Coverage AMAT
{"ticker": "AMAT", "status": "ready", "periodEnd": "2026-07-26", "filedAt": "2026-08-20", "priceObservations": 1254, "historyIssues": []}
Coverage LRCX
{"ticker": "LRCX", "status": "ready", "periodEnd": "2026-06-28", "filedAt": "2026-08-07", "priceObservations": 1254, "historyIssues": []}
Coverage TSLA
{"ticker": "TSLA", "status": "ready", "periodEnd": "2026-06-30", "filedAt": "2026-07-23", "priceObservations": 1254, "historyIssues": []}
Coverage GM
{"ticker": "GM", "status": "ready", "periodEnd": "2026-06-30", "filedAt": "2026-07-21", "priceObservations": 1254, "historyIssues": []}
Coverage F
{"ticker": "F", "status": "ready", "periodEnd": "2026-06-30", "filedAt": "2026-07-29", "priceObservations": 1254, "historyIssues": []}
Coverage GE
{"ticker": "GE", "status": "ready", "periodEnd": "2026-06-30", "filedAt": "2026-07-16", "priceObservations": 1254, "historyIssues": []}
Coverage CAT
{"ticker": "CAT", "status": "ready", "periodEnd": "2026-06-30", "filedAt": "2026-08-05", "priceObservations": 1254, "historyIssues": []}
Coverage LLY
{"ticker": "LLY", "status": "ready", "periodEnd": "2026-06-30", "filedAt": "2026-08-05", "priceObservations": 1254, "historyIssues": []}
Coverage JNJ
{"ticker": "JNJ", "status": "ready", "periodEnd": "2026-06-28", "filedAt": "2026-07-23", "priceObservations": 1254, "historyIssues": []}
Coverage 000660
{"ticker": "000660", "status": "ready", "periodEnd": "2026-06-30", "filedAt": "2026-08-14", "priceObservations": 1219, "historyIssues": []}
Coverage 005930
{"ticker": "005930", "status": "ready", "periodEnd": "2026-06-30", "filedAt": "2026-08-14", "priceObservations": 1219, "historyIssues": []}
Coverage 035420
{"ticker": "035420", "status": "ready", "periodEnd": "2026-06-30", "filedAt": "2026-08-14", "priceObservations": 1219, "historyIssues": []}
Coverage 066570
{"ticker": "066570", "status": "ready", "periodEnd": "2026-06-30", "filedAt": "2026-08-14", "priceObservations": 1219, "historyIssues": []}
Coverage 005380
{"ticker": "005380", "status": "ready", "periodEnd": "2026-06-30", "filedAt": "2026-08-14", "priceObservations": 1219, "historyIssues": []}
Coverage 000270
{"ticker": "000270", "status": "ready", "periodEnd": "2026-06-30", "filedAt": "2026-09-16", "priceObservations": 1219, "historyIssues": []}
Coverage 012330
{"ticker": "012330", "status": "ready", "periodEnd": "2026-06-30", "filedAt": "2026-08-14", "priceObservations": 1219, "historyIssues": []}
Coverage 035720
{"ticker": "035720", "status": "ready", "periodEnd": "2026-06-30", "filedAt": "2026-08-19", "priceObservations": 1219, "historyIssues": []}
Coverage 006400
{"ticker": "006400", "status": "ready", "periodEnd": "2026-06-30", "filedAt": "2026-08-14", "priceObservations": 1219, "historyIssues": []}
Coverage 051910
{"ticker": "051910", "status": "ready", "periodEnd": "2026-06-30", "filedAt": "2026-08-14", "priceObservations": 1219, "historyIssues": []}
Coverage 373220
{"ticker": "373220", "status": "ready", "periodEnd": "2026-06-30", "filedAt": "2026-08-13", "priceObservations": 1138, "historyIssues": []}
Coverage 005490
{"ticker": "005490", "status": "ready", "periodEnd": "2026-06-30", "filedAt": "2026-08-14", "priceObservations": 1219, "historyIssues": []}
Coverage 207940
{"ticker": "207940", "status": "ready", "periodEnd": "2026-06-30", "filedAt": "2026-08-14", "priceObservations": 1219, "historyIssues": []}
Coverage 068270
{"ticker": "068270", "status": "ready", "periodEnd": "2026-06-30", "filedAt": "2026-08-14", "priceObservations": 1219, "historyIssues": []}
Coverage 000100
{"ticker": "000100", "status": "ready", "periodEnd": "2026-06-30", "filedAt": "2026-08-14", "priceObservations": 1219, "historyIssues": []}
Coverage 128940
{"ticker": "128940", "status": "ready", "periodEnd": "2026-06-30", "filedAt": "2026-08-14", "priceObservations": 1219, "historyIssues": []}
Coverage 329180
{"ticker": "329180", "status": "ready", "periodEnd": "2026-06-30", "filedAt": "2026-08-14", "priceObservations": 1219, "historyIssues": []}
Coverage 012450
{"ticker": "012450", "status": "ready", "periodEnd": "2026-06-30", "filedAt": "2026-08-14", "priceObservations": 1219, "historyIssues": []}
Coverage 034020
{"ticker": "034020", "status": "ready", "periodEnd": "2026-06-30", "filedAt": "2026-08-14", "priceObservations": 1219, "historyIssues": []}
Coverage 267260
{"ticker": "267260", "status": "ready", "periodEnd": "2026-06-30", "filedAt": "2026-08-14", "priceObservations": 1219, "historyIssues": []}
Coverage NFLX
{"ticker": "NFLX", "status": "ready", "periodEnd": "2026-06-30", "filedAt": "2026-07-17", "priceObservations": 1253, "historyIssues": []}
Coverage CRM
{"ticker": "CRM", "status": "ready", "periodEnd": "2026-07-31", "filedAt": "2026-08-27", "priceObservations": 1253, "historyIssues": []}
Coverage ORCL
{"ticker": "ORCL", "status": "ready", "periodEnd": "2026-08-31", "filedAt": "2026-09-11", "priceObservations": 1253, "historyIssues": []}
Coverage ADBE
{"ticker": "ADBE", "status": "ready", "periodEnd": "2026-08-28", "filedAt": "2026-09-22", "priceObservations": 1253, "historyIssues": []}
Coverage NOW
{"ticker": "NOW", "status": "ready", "periodEnd": "2026-06-30", "filedAt": "2026-07-23", "priceObservations": 1253, "historyIssues": []}
Coverage COST
{"ticker": "COST", "status": "ready", "periodEnd": "2026-05-10", "filedAt": "2026-06-03", "priceObservations": 1253, "historyIssues": []}
Coverage WMT
{"ticker": "WMT", "status": "ready", "periodEnd": "2026-07-31", "filedAt": "2026-08-28", "priceObservations": 1253, "historyIssues": []}
Coverage HD
{"ticker": "HD", "status": "ready", "periodEnd": "2026-08-02", "filedAt": "2026-08-25", "priceObservations": 1253, "historyIssues": []}
Coverage TXN
{"ticker": "TXN", "status": "ready", "periodEnd": "2026-06-30", "filedAt": "2026-07-24", "priceObservations": 1253, "historyIssues": []}
Coverage ADI
{"ticker": "ADI", "status": "ready", "periodEnd": "2026-08-01", "filedAt": "2026-08-19", "priceObservations": 1253, "historyIssues": []}
Coverage 028260
{"ticker": "028260", "status": "ready", "periodEnd": "2026-06-30", "filedAt": "2026-08-14", "priceObservations": 1218, "historyIssues": []}
Coverage 017670
{"ticker": "017670", "status": "ready", "periodEnd": "2026-06-30", "filedAt": "2026-08-13", "priceObservations": 1218, "historyIssues": []}
Coverage 030200
{"ticker": "030200", "status": "ready", "periodEnd": "2026-06-30", "filedAt": "2026-08-14", "priceObservations": 1218, "historyIssues": [{"accession": "20260323001553", "error": "Same-period revenue, CFO or gross PP&E purchases missing"}]}
Coverage 009150
{"ticker": "009150", "status": "ready", "periodEnd": "2026-06-30", "filedAt": "2026-08-14", "priceObservations": 1218, "historyIssues": []}
Coverage 011070
{"ticker": "011070", "status": "ready", "periodEnd": "2026-06-30", "filedAt": "2026-08-14", "priceObservations": 1218, "historyIssues": []}
Coverage 018260
{"ticker": "018260", "status": "ready", "periodEnd": "2026-06-30", "filedAt": "2026-08-14", "priceObservations": 1218, "historyIssues": []}
Coverage 259960
{"ticker": "259960", "status": "ready", "periodEnd": "2026-06-30", "filedAt": "2026-08-14", "priceObservations": 1218, "historyIssues": []}
Coverage 251270
{"ticker": "251270", "status": "ready", "periodEnd": "2026-06-30", "filedAt": "2026-08-14", "priceObservations": 1218, "historyIssues": []}
Coverage 090430
{"ticker": "090430", "status": "ready", "periodEnd": "2026-06-30", "filedAt": "2026-08-14", "priceObservations": 1218, "historyIssues": []}
Coverage 271560
{"ticker": "271560", "status": "ready", "periodEnd": "2026-06-30", "filedAt": "2026-08-18", "priceObservations": 1218, "historyIssues": []}
