MU archived
NVDA archived
GOOGL archived
AAPL archived
MSFT archived
AMZN archived
META archived
AMD archived
AVGO archived
QCOM archived
INTC archived
AMAT archived
LRCX archived
TSLA archived
GM archived
F archived
GE archived
CAT archived
LLY archived
JNJ archived
000660 archived
005930 archived
035420 archived
066570 archived
005380 archived
000270 archived
012330 archived
035720 archived
006400 archived
051910 archived
373220 archived
005490 archived
207940 archived
068270 archived
000100 archived
128940 archived
329180 archived
012450 archived
034020 archived
267260 archived
NFLX archived
CRM archived
ORCL archived
ADBE archived
NOW archived
COST archived
WMT archived
HD archived
TXN archived
ADI archived
028260 archived
017670 archived
030200 archived
009150 archived
011070 archived
018260 archived
259960 archived
251270 archived
090430 archived
271560 archived
