test_content_operating_lease_and_financing_costs_are_not_double_counted (test_amazon_operating.AmazonOperatingTests.test_content_operating_lease_and_financing_costs_are_not_double_counted) ... ok
test_energy_periods_do_not_turn_unquantified_into_zero_or_aws_profit (test_amazon_operating.AmazonOperatingTests.test_energy_periods_do_not_turn_unquantified_into_zero_or_aws_profit) ... ok
test_half_year_operating_capital_proxy_does_not_mix_a_trailing_denominator (test_amazon_operating.AmazonOperatingTests.test_half_year_operating_capital_proxy_does_not_mix_a_trailing_denominator) ... ok
test_normalization_inputs_are_explicit_and_losses_have_no_assumed_tax_credit (test_amazon_operating.AmazonOperatingTests.test_normalization_inputs_are_explicit_and_losses_have_no_assumed_tax_credit) ... ok
test_partial_exclusion_changes_future_profit_and_tax_once_not_reported_cash (test_amazon_operating.AmazonOperatingTests.test_partial_exclusion_changes_future_profit_and_tax_once_not_reported_cash) ... ok
test_reported_trailing_disagreement_or_unreviewed_scope_is_rejected (test_amazon_operating.AmazonOperatingTests.test_reported_trailing_disagreement_or_unreviewed_scope_is_rejected) ... ok
test_three_period_and_reported_trailing_cash_match_without_residual (test_amazon_operating.AmazonOperatingTests.test_three_period_and_reported_trailing_cash_match_without_residual) ... ok
test_automotive_price_is_held_and_missing_receivables_not_zero (test_business.BusinessTests.test_automotive_price_is_held_and_missing_receivables_not_zero) ... ok
test_balance_contexts_retain_reported_dates_even_if_taxonomy_uses_duration (test_business.BusinessTests.test_balance_contexts_retain_reported_dates_even_if_taxonomy_uses_duration) ... ok
test_cash_difference_has_no_invented_elimination_explanation (test_business.BusinessTests.test_cash_difference_has_no_invented_elimination_explanation) ... ok
test_dates_dimensions_currency_and_conflicts_are_selected_strictly (test_business.BusinessTests.test_dates_dimensions_currency_and_conflicts_are_selected_strictly) ... ok
test_finance_lease_principal_is_deducted_once_noncash_is_not_deducted (test_business.BusinessTests.test_finance_lease_principal_is_deducted_once_noncash_is_not_deducted) ... ok
test_future_filing_is_not_available_to_business_analysis (test_business.BusinessTests.test_future_filing_is_not_available_to_business_analysis) ... ok
test_hyundai_external_and_internal_revenues_are_not_interchangeable (test_business.BusinessTests.test_hyundai_external_and_internal_revenues_are_not_interchangeable) ... ok
test_microsoft_reported_segments_reconcile_with_the_same_filing (test_business.BusinessTests.test_microsoft_reported_segments_reconcile_with_the_same_filing) ... ok
test_wrong_entity_and_typed_contexts_are_rejected (test_business.BusinessTests.test_wrong_entity_and_typed_contexts_are_rejected) ... ok
test_changed_company_explanation_cannot_silently_retain_old_amount (test_business_drivers.BusinessDriverTests.test_changed_company_explanation_cannot_silently_retain_old_amount) ... ok
test_changed_filing_holds_the_numerical_bridge_together_with_authored_reading (test_business_drivers.BusinessDriverTests.test_changed_filing_holds_the_numerical_bridge_together_with_authored_reading) ... ok
test_foundry_loss_improvement_preserves_adverse_product_effect_and_residual (test_business_drivers.BusinessDriverTests.test_foundry_loss_improvement_preserves_adverse_product_effect_and_residual) ... ok
test_loss_parentheses_are_negative_and_changed_columns_fail (test_business_drivers.BusinessDriverTests.test_loss_parentheses_are_negative_and_changed_columns_fail) ... ok
test_qct_and_auto_bridges_keep_quarter_and_nine_month_contributions_distinct (test_business_drivers.BusinessDriverTests.test_qct_and_auto_bridges_keep_quarter_and_nine_month_contributions_distinct) ... ok
test_every_authored_reading_points_to_current_actual_passages (test_business_insights.BusinessInsightTests.test_every_authored_reading_points_to_current_actual_passages) ... ok
test_unknown_passage_is_rejected_instead_of_merely_linking_a_filing (test_business_insights.BusinessInsightTests.test_unknown_passage_is_rejected_instead_of_merely_linking_a_filing) ... ok
test_updated_filing_and_corpus_cannot_silently_reuse_authored_claims (test_business_insights.BusinessInsightTests.test_updated_filing_and_corpus_cannot_silently_reuse_authored_claims) ... ok
test_added_cloud_chip_and_cdmo_segments_reconcile (test_capital.CapitalTests.test_added_cloud_chip_and_cdmo_segments_reconcile) ... ok
test_all_registered_companies_use_their_exact_current_filing (test_capital.CapitalTests.test_all_registered_companies_use_their_exact_current_filing) ... ok
test_broadcom_disclosed_costs_reconcile_and_korean_residuals_remain (test_capital.CapitalTests.test_broadcom_disclosed_costs_reconcile_and_korean_residuals_remain) ... ok
test_conflicting_dividend_disclosures_are_not_silently_selected (test_capital.CapitalTests.test_conflicting_dividend_disclosures_are_not_silently_selected) ... ok
test_korean_segment_difference_and_gross_revenue_are_explicit (test_capital.CapitalTests.test_korean_segment_difference_and_gross_revenue_are_explicit) ... ok
test_missing_lease_payment_is_not_treated_as_zero (test_capital.CapitalTests.test_missing_lease_payment_is_not_treated_as_zero) ... ok
test_sbc_proxy_is_not_cash_and_does_not_double_deduct_repurchases (test_capital.CapitalTests.test_sbc_proxy_is_not_cash_and_does_not_double_deduct_repurchases) ... ok
test_us_segment_adjustments_reconcile_without_double_counting_products (test_capital.CapitalTests.test_us_segment_adjustments_reconcile_without_double_counting_products) ... ok
test_lg_chem_aggregate_is_not_added_to_its_subcomponents (test_cash_scope.CashScopeTests.test_lg_chem_aggregate_is_not_added_to_its_subcomponents) ... ok
test_price_and_relative_cash_judgment_wait_for_consistent_business_scope (test_cash_scope.CashScopeTests.test_price_and_relative_cash_judgment_wait_for_consistent_business_scope) ... ok
test_same_context_conflict_is_not_silently_resolved (test_cash_scope.CashScopeTests.test_same_context_conflict_is_not_silently_resolved) ... ok
test_samsung_bio_annual_and_half_year_discontinued_cash_are_distinct (test_cash_scope.CashScopeTests.test_samsung_bio_annual_and_half_year_discontinued_cash_are_distinct) ... ok
test_separate_financials_with_opposite_sign_are_not_used (test_cash_scope.CashScopeTests.test_separate_financials_with_opposite_sign_are_not_used) ... ok
test_53_week_reporting_keeps_actual_dates (test_comparable.ComparableTests.test_53_week_reporting_keeps_actual_dates) ... ok
test_future_correction_cannot_change_asof_numbers (test_comparable.ComparableTests.test_future_correction_cannot_change_asof_numbers) ... ok
test_investment_definition_change_blocks_cash_comparison (test_comparable.ComparableTests.test_investment_definition_change_blocks_cash_comparison) ... ok
test_missing_year_does_not_fall_back_to_older_annual_report (test_comparable.ComparableTests.test_missing_year_does_not_fall_back_to_older_annual_report) ... ok
test_year_bridge_does_not_annualize_first_half (test_comparable.ComparableTests.test_year_bridge_does_not_annualize_first_half) ... ok
test_actual_amazon_values_retain_one_reporting_period (test_coverage.CoverageTests.test_actual_amazon_values_retain_one_reporting_period) ... ok
test_changed_investment_definition_withholds_margin_comparison (test_coverage.CoverageTests.test_changed_investment_definition_withholds_margin_comparison) ... ok
test_cross_market_peers_keep_accounting_and_period_cautions (test_coverage.CoverageTests.test_cross_market_peers_keep_accounting_and_period_cautions) ... ok
test_expanded_coverage_has_official_identity_provenance (test_coverage.CoverageTests.test_expanded_coverage_has_official_identity_provenance) ... ok
test_expanded_current_coverage_does_not_expand_old_performance_claims (test_coverage.CoverageTests.test_expanded_current_coverage_does_not_expand_old_performance_claims) ... ok
test_future_restatement_cannot_change_history (test_coverage.CoverageTests.test_future_restatement_cannot_change_history) ... ok
test_incomplete_latest_period_cannot_reuse_previous_period (test_coverage.CoverageTests.test_incomplete_latest_period_cannot_reuse_previous_period) ... ok
test_missing_growth_is_unknown_not_a_negative_observation (test_coverage.CoverageTests.test_missing_growth_is_unknown_not_a_negative_observation) ... ok
test_profit_identity_handles_loss_to_profit_without_growth_ratio (test_coverage.CoverageTests.test_profit_identity_handles_loss_to_profit_without_growth_ratio) ... ok
test_ttm_cash_cannot_be_paired_with_half_year_revenue (test_coverage.CoverageTests.test_ttm_cash_cannot_be_paired_with_half_year_revenue) ... ok
test_all_attempts_evaluation_keeps_invalid_responses_and_fails_gate (test_coverage_reasoning.CoverageReasoningTests.test_all_attempts_evaluation_keeps_invalid_responses_and_fails_gate) ... Evaluation cfo_growth: failed None
Evaluation capacity_hypothesis: failed None
Evaluation replacement_alternative: failed None
Evaluation future_discriminator: failed None
Evaluation reconciliation_missing: failed None
Evaluation principal_cash: failed None
Evaluation noncash_spending: failed None
Evaluation double_interest: failed None
Evaluation segment_scope: failed None
Evaluation invented_elimination: failed None
Evaluation provided_segment_missing: failed None
Evaluation normalized_cash: failed None
ok
test_all_companies_have_same_currency_fact_bound_inputs (test_coverage_reasoning.CoverageReasoningTests.test_all_companies_have_same_currency_fact_bound_inputs) ... ok
test_company_evaluation_cannot_reuse_receivable_protocol (test_coverage_reasoning.CoverageReasoningTests.test_company_evaluation_cannot_reuse_receivable_protocol) ... ok
test_critique_can_quote_input_numbers_without_allowing_numbers_in_notes (test_coverage_reasoning.CoverageReasoningTests.test_critique_can_quote_input_numbers_without_allowing_numbers_in_notes) ... ok
test_currency_corruption_and_nan_fail_before_inference (test_coverage_reasoning.CoverageReasoningTests.test_currency_corruption_and_nan_fail_before_inference) ... ok
test_dictionary_insertion_order_does_not_change_the_model_packet (test_coverage_reasoning.CoverageReasoningTests.test_dictionary_insertion_order_does_not_change_the_model_packet) ... ok
test_fact_and_business_changes_invalidate_notes (test_coverage_reasoning.CoverageReasoningTests.test_fact_and_business_changes_invalidate_notes) ... ok
test_model_cannot_forge_references_or_repeat_alternative (test_coverage_reasoning.CoverageReasoningTests.test_model_cannot_forge_references_or_repeat_alternative) ... ok
test_private_notes_removed_from_public_projection (test_coverage_reasoning.CoverageReasoningTests.test_private_notes_removed_from_public_projection) ... ok
test_synthetic_suite_is_balanced_and_ids_unique (test_coverage_reasoning.CoverageReasoningTests.test_synthetic_suite_is_balanced_and_ids_unique) ... ok
test_kt_annual_uses_its_own_original_caption (test_dart_mappings.ReviewedDartExtensionTests.test_kt_annual_uses_its_own_original_caption) ... ok
test_kt_current_preserves_reported_scope_and_comparatives (test_dart_mappings.ReviewedDartExtensionTests.test_kt_current_preserves_reported_scope_and_comparatives) ... ok
test_mapping_never_transfers_to_a_new_receipt_or_issuer (test_dart_mappings.ReviewedDartExtensionTests.test_mapping_never_transfers_to_a_new_receipt_or_issuer) ... ok
test_cash_requirement_known_perpetuity_and_discount_direction (test_dossier.DossierTests.test_cash_requirement_known_perpetuity_and_discount_direction) ... ok
test_critique_cannot_pass_a_challenged_claim (test_dossier.DossierTests.test_critique_cannot_pass_a_challenged_claim) ... ok
test_korean_notes_use_consolidated_reported_amounts_and_common_shares (test_dossier.DossierTests.test_korean_notes_use_consolidated_reported_amounts_and_common_shares) ... ok
test_micron_reported_cash_bridge_and_receivable_sign (test_dossier.DossierTests.test_micron_reported_cash_bridge_and_receivable_sign) ... ok
test_model_endpoint_cannot_use_external_host_or_credentials (test_dossier.DossierTests.test_model_endpoint_cannot_use_external_host_or_credentials) ... ok
test_public_payload_excludes_private_model_notes (test_dossier.DossierTests.test_public_payload_excludes_private_model_notes) ... ok
test_same_filing_required_and_conflicts_rejected (test_dossier.DossierTests.test_same_filing_required_and_conflicts_rejected) ... ok
test_unknown_reference_and_unverified_numeral_fail (test_dossier.DossierTests.test_unknown_reference_and_unverified_numeral_fail) ... ok
test_all_snapshot_facts_available_and_reconcilable (test_engine.ResearchContractTests.test_all_snapshot_facts_available_and_reconcilable) ... ok
test_dart_exception_does_not_reveal_credential (test_engine.ResearchContractTests.test_dart_exception_does_not_reveal_credential) ... ok
test_dart_latest_period_wins_over_late_older_period_correction (test_engine.ResearchContractTests.test_dart_latest_period_wins_over_late_older_period_correction) ... ok
test_every_historical_financial_fact_precedes_signal_day (test_engine.ResearchContractTests.test_every_historical_financial_fact_precedes_signal_day) ... ok
test_experiment_oracle_is_upper_bound_and_windows_do_not_overlap (test_engine.ResearchContractTests.test_experiment_oracle_is_upper_bound_and_windows_do_not_overlap) ... ok
test_failed_refresh_preserves_latest_complete_snapshot (test_engine.ResearchContractTests.test_failed_refresh_preserves_latest_complete_snapshot) ... Collect TEST
Snapshot: 0/1 companies; 2026-09-29-fc42caa2e077
ok
test_first_observation_is_not_regraded_against_a_later_period (test_engine.ResearchContractTests.test_first_observation_is_not_regraded_against_a_later_period) ... ok
test_fundamental_future_filings_cannot_change_historical_signal (test_engine.ResearchContractTests.test_fundamental_future_filings_cannot_change_historical_signal) ... ok
test_future_filing_excluded_and_restatement_asof (test_engine.ResearchContractTests.test_future_filing_excluded_and_restatement_asof) ... ok
test_future_observation_and_prediction_are_separate (test_engine.ResearchContractTests.test_future_observation_and_prediction_are_separate) ... ok
test_future_perturbation_does_not_change_past_signal (test_engine.ResearchContractTests.test_future_perturbation_does_not_change_past_signal) ... ok
test_hash_mismatch_rejected (test_engine.ResearchContractTests.test_hash_mismatch_rejected) ... ok
test_ledger_detects_tampering_and_register_is_idempotent (test_engine.ResearchContractTests.test_ledger_detects_tampering_and_register_is_idempotent) ... ok
test_online_refresh_cannot_silently_reuse_korean_filings_without_key (test_engine.ResearchContractTests.test_online_refresh_cannot_silently_reuse_korean_filings_without_key) ... ok
test_raw_dart_matches_independent_known_hynix_cells (test_engine.ResearchContractTests.test_raw_dart_matches_independent_known_hynix_cells) ... ok
test_registration_uses_the_filing_markets_calendar_date (test_engine.ResearchContractTests.test_registration_uses_the_filing_markets_calendar_date) ... ok
test_render_failure_does_not_publish_a_new_latest_snapshot (test_engine.ResearchContractTests.test_render_failure_does_not_publish_a_new_latest_snapshot) ... ok
test_signed_cash_and_negative_profit (test_engine.ResearchContractTests.test_signed_cash_and_negative_profit) ... ok
test_statement_matches_cumulative_period_not_latest_quarter (test_engine.ResearchContractTests.test_statement_matches_cumulative_period_not_latest_quarter) ... ok
test_wrong_duration_is_not_silently_used (test_engine.ResearchContractTests.test_wrong_duration_is_not_silently_used) ... ok
test_wrong_korean_issuer_is_rejected (test_engine.ResearchContractTests.test_wrong_korean_issuer_is_rejected) ... ok
test_all_sixty_curated_inputs_are_current_complete_and_bounded (test_filing_reading.FilingReadingTests.test_all_sixty_curated_inputs_are_current_complete_and_bounded) ... ok
test_claim_ids_cannot_escape_current_source_set (test_filing_reading.FilingReadingTests.test_claim_ids_cannot_escape_current_source_set) ... ok
test_editorial_findings_must_match_the_original_model_sentence (test_filing_reading.FilingReadingTests.test_editorial_findings_must_match_the_original_model_sentence) ... ok
test_incomplete_model_reply_stays_failed_and_is_archived (test_filing_reading.FilingReadingTests.test_incomplete_model_reply_stays_failed_and_is_archived) ... ok
test_new_filing_needs_new_source_selection (test_filing_reading.FilingReadingTests.test_new_filing_needs_new_source_selection) ... ok
test_prose_numbers_are_flagged_without_approving_or_discarding_text (test_filing_reading.FilingReadingTests.test_prose_numbers_are_flagged_without_approving_or_discarding_text) ... ok
test_frozen_selection_is_idempotent_and_future_only (test_forward_study.ForwardStudyTests.test_frozen_selection_is_idempotent_and_future_only) ... FAIL
test_known_future_window_cost_ablation_and_missing_member (test_forward_study.ForwardStudyTests.test_known_future_window_cost_ablation_and_missing_member) ... ok
test_cash_and_each_provision_period_reconcile_with_original_amounts (test_kia_operating.KiaOperatingTests.test_cash_and_each_provision_period_reconcile_with_original_amounts) ... ok
test_extra_warranty_use_reduces_cash_once_without_changing_reported_margin (test_kia_operating.KiaOperatingTests.test_extra_warranty_use_reduces_cash_once_without_changing_reported_margin) ... ok
test_half_year_proxy_excludes_warranty_and_annual_cash_includes_intangibles (test_kia_operating.KiaOperatingTests.test_half_year_proxy_excludes_warranty_and_annual_cash_includes_intangibles) ... ok
test_source_change_or_offsetting_period_errors_do_not_pass (test_kia_operating.KiaOperatingTests.test_source_change_or_offsetting_period_errors_do_not_pass) ... ok
test_archived_corpus_hash_is_reproducible_and_source_bound (test_narrative.NarrativeTests.test_archived_corpus_hash_is_reproducible_and_source_bound) ... ok
test_hidden_filing_content_is_excluded_and_inline_text_preserved (test_narrative.NarrativeTests.test_hidden_filing_content_is_excluded_and_inline_text_preserved) ... ok
test_memory_cash_excludes_received_dividends_only_once (test_narrative.NarrativeTests.test_memory_cash_excludes_received_dividends_only_once) ... ok
test_memory_sensitivity_uses_product_not_sum_of_price_and_volume (test_narrative.NarrativeTests.test_memory_sensitivity_uses_product_not_sum_of_price_and_volume) ... ok
test_micron_products_and_segments_reconcile_but_remain_distinct_axes (test_narrative.NarrativeTests.test_micron_products_and_segments_reconcile_but_remain_distinct_axes) ... ok
test_new_filing_does_not_reuse_prior_management_text (test_narrative.NarrativeTests.test_new_filing_does_not_reuse_prior_management_text) ... ok
test_table_rows_retain_cell_separation_without_becoming_prose (test_narrative.NarrativeTests.test_table_rows_retain_cell_separation_without_becoming_prose) ... ok
test_hold_is_bound_to_original_sentence_and_cannot_approve_it (test_note_audit.NoteAuditTests.test_hold_is_bound_to_original_sentence_and_cannot_approve_it) ... ok
test_modified_record_or_empty_reason_cannot_enter_ledger (test_note_audit.NoteAuditTests.test_modified_record_or_empty_reason_cannot_enter_ledger) ... ok
test_new_inference_does_not_inherit_a_previous_sentence_hold (test_note_audit.NoteAuditTests.test_new_inference_does_not_inherit_a_previous_sentence_hold) ... ok
test_currency_scale_does_not_create_a_relative_margin_advantage (test_operating_comparison.OperatingComparisonTests.test_currency_scale_does_not_create_a_relative_margin_advantage) ... ok
test_negative_cash_paths_are_not_zero_valuations_or_automatic_opinions (test_operating_comparison.OperatingComparisonTests.test_negative_cash_paths_are_not_zero_valuations_or_automatic_opinions) ... ok
test_only_reconciled_company_models_support_a_paired_cash_comparison (test_operating_comparison.OperatingComparisonTests.test_only_reconciled_company_models_support_a_paired_cash_comparison) ... ok
test_price_change_changes_the_contract_and_missing_model_stays_missing (test_operating_comparison.OperatingComparisonTests.test_price_change_changes_the_contract_and_missing_model_stays_missing) ... ok
test_actual_source_bridge_has_no_unexplained_cash (test_operating_model.OperatingModelTests.test_actual_source_bridge_has_no_unexplained_cash) ... ok
test_business_growth_and_reinvestment_have_distinct_effects (test_operating_model.OperatingModelTests.test_business_growth_and_reinvestment_have_distinct_effects) ... ok
test_missing_invalid_and_negative_paths_do_not_become_zero_values (test_operating_model.OperatingModelTests.test_missing_invalid_and_negative_paths_do_not_become_zero_values) ... ok
test_required_terminal_cash_reconciles_observed_market_cap (test_operating_model.OperatingModelTests.test_required_terminal_cash_reconciles_observed_market_cap) ... ok
test_unsupported_or_new_filing_requires_new_source_review (test_operating_model.OperatingModelTests.test_unsupported_or_new_filing_requires_new_source_review) ... ok
test_zero_growth_cash_uses_business_profits_not_reported_cfo (test_operating_model.OperatingModelTests.test_zero_growth_cash_uses_business_profits_not_reported_cfo) ... ok
test_both_sides_have_current_original_passages_and_no_investment_approval (test_peer_studies.PeerStudiesTests.test_both_sides_have_current_original_passages_and_no_investment_approval) ... ok
test_either_changed_filing_invalidates_the_whole_pair (test_peer_studies.PeerStudiesTests.test_either_changed_filing_invalidates_the_whole_pair) ... ok
test_clean_runner_storage_does_not_reset_existing_history (test_publication.PublicationTests.test_clean_runner_storage_does_not_reset_existing_history) ... ok
test_public_projection_removes_workstation_paths_without_changing_analysis (test_publication.PublicationTests.test_public_projection_removes_workstation_paths_without_changing_analysis) ... ok
test_static_artifact_detects_changed_and_unlisted_files (test_publication.PublicationTests.test_static_artifact_detects_changed_and_unlisted_files) ... ok
test_static_artifact_rejects_backend_dependency_and_missing_asset (test_publication.PublicationTests.test_static_artifact_rejects_backend_dependency_and_missing_asset) ... ok
test_static_artifact_rejects_symlink_to_workspace (test_publication.PublicationTests.test_static_artifact_rejects_symlink_to_workspace) ... ok
test_applicable_designs_retain_financial_and_security_scope (test_questions.QuestionSelectionTests.test_applicable_designs_retain_financial_and_security_scope) ... ok
test_archived_response_is_exact_and_new_source_identity_makes_it_stale (test_questions.QuestionSelectionTests.test_archived_response_is_exact_and_new_source_identity_makes_it_stale) ... ok
test_failed_inference_is_visible_and_not_replaced_with_a_default_choice (test_questions.QuestionSelectionTests.test_failed_inference_is_visible_and_not_replaced_with_a_default_choice) ... ok
test_model_cannot_write_a_cause_or_choose_unknown_duplicate_scope (test_questions.QuestionSelectionTests.test_model_cannot_write_a_cause_or_choose_unknown_duplicate_scope) ... ok
test_new_price_conditions_invalidate_previous_selection_input (test_questions.QuestionSelectionTests.test_new_price_conditions_invalidate_previous_selection_input) ... ok
test_private_selection_is_removed_from_public_projection (test_questions.QuestionSelectionTests.test_private_selection_is_removed_from_public_projection) ... ok
test_prompt_does_not_require_model_to_reproduce_filing_facts (test_questions.QuestionSelectionTests.test_prompt_does_not_require_model_to_reproduce_filing_facts) ... ok
test_criticism_must_match_each_exact_sentence_once (test_reasoning.ReasoningTests.test_criticism_must_match_each_exact_sentence_once) ... ok
test_evaluation_rejects_tampering_before_returning_results (test_reasoning.ReasoningTests.test_evaluation_rejects_tampering_before_returning_results) ... ok
test_explicit_uncertainty_is_necessary_but_not_sufficient (test_reasoning.ReasoningTests.test_explicit_uncertainty_is_necessary_but_not_sufficient) ... ok
test_failed_json_or_truncated_response_is_archived (test_reasoning.ReasoningTests.test_failed_json_or_truncated_response_is_archived) ... ok
test_gate_rejects_a_different_runtime_or_changed_protocol (test_reasoning.ReasoningTests.test_gate_rejects_a_different_runtime_or_changed_protocol) ... ok
test_generation_and_self_review_cannot_bypass_missing_evaluation (test_reasoning.ReasoningTests.test_generation_and_self_review_cannot_bypass_missing_evaluation) ... ok
test_missing_period_cannot_become_a_full_input_packet (test_reasoning.ReasoningTests.test_missing_period_cannot_become_a_full_input_packet) ... ok
test_model_cannot_choose_or_forge_observation_citations (test_reasoning.ReasoningTests.test_model_cannot_choose_or_forge_observation_citations) ... ok
test_observation_cannot_pass_as_a_conditional_guess (test_reasoning.ReasoningTests.test_observation_cannot_pass_as_a_conditional_guess) ... ok
test_signed_observations_do_not_invent_a_cause (test_reasoning.ReasoningTests.test_signed_observations_do_not_invent_a_cause) ... ok
test_condition_and_prediction_are_separate_with_source_evidence (test_receivables.ReceivableTests.test_condition_and_prediction_are_separate_with_source_evidence) ... ok
test_dates_not_context_names_and_unrelated_dimensions_rejected (test_receivables.ReceivableTests.test_dates_not_context_names_and_unrelated_dimensions_rejected) ... ok
test_future_amendment_and_wrong_currency_block_condition_grading (test_receivables.ReceivableTests.test_future_amendment_and_wrong_currency_block_condition_grading) ... ok
test_future_restatement_cannot_change_a_selected_balance (test_receivables.ReceivableTests.test_future_restatement_cannot_change_a_selected_balance) ... ok
test_hynix_gross_impairment_and_net_have_matching_dimensions (test_receivables.ReceivableTests.test_hynix_gross_impairment_and_net_have_matching_dimensions) ... ok
test_inconsistent_gross_net_is_rejected_instead_of_relabelled (test_receivables.ReceivableTests.test_inconsistent_gross_net_is_rejected_instead_of_relabelled) ... ok
test_micron_trade_and_total_scope_are_not_interchangeable (test_receivables.ReceivableTests.test_micron_trade_and_total_scope_are_not_interchangeable) ... ok
test_missing_balance_and_changed_contract_remain_unresolved (test_receivables.ReceivableTests.test_missing_balance_and_changed_contract_remain_unresolved) ... ok
test_missing_opening_balance_is_not_zero_or_comparable_period (test_receivables.ReceivableTests.test_missing_opening_balance_is_not_zero_or_comparable_period) ... ok
test_model_receives_available_allowance_and_correct_remaining_gaps (test_receivables.ReceivableTests.test_model_receives_available_allowance_and_correct_remaining_gaps) ... ok
test_registration_keeps_original_baseline_on_repeated_runs (test_receivables.ReceivableTests.test_registration_keeps_original_baseline_on_repeated_runs) ... ok
test_same_local_day_and_previously_known_filing_are_not_future_scores (test_receivables.ReceivableTests.test_same_local_day_and_previously_known_filing_are_not_future_scores) ... ok
test_business_condition_tracks_a_named_segment_without_forecasting (test_research_case.ResearchCaseTests.test_business_condition_tracks_a_named_segment_without_forecasting) ... ok
test_different_investment_definitions_hold_cash_ranking (test_research_case.ResearchCaseTests.test_different_investment_definitions_hold_cash_ranking) ... ok
test_journal_is_idempotent_and_keeps_revisions (test_research_case.ResearchCaseTests.test_journal_is_idempotent_and_keeps_revisions) ... ok
test_missing_peer_data_never_becomes_zero_or_a_negative_view (test_research_case.ResearchCaseTests.test_missing_peer_data_never_becomes_zero_or_a_negative_view) ... ok
test_peer_comparison_uses_actual_trailing_year_and_preserves_scope (test_research_case.ResearchCaseTests.test_peer_comparison_uses_actual_trailing_year_and_preserves_scope) ... ok
test_same_day_and_old_period_cannot_be_scored (test_research_case.ResearchCaseTests.test_same_day_and_old_period_cannot_be_scored) ... ok
test_segment_scope_change_is_unresolved_not_a_bad_prediction (test_research_case.ResearchCaseTests.test_segment_scope_change_is_unresolved_not_a_bad_prediction) ... ok
test_attachment_correction_does_not_replace_annual_financials (test_research_view.ResearchViewTests.test_attachment_correction_does_not_replace_annual_financials) ... ok
test_cash_conditions_do_not_generate_an_investment_preference (test_research_view.ResearchViewTests.test_cash_conditions_do_not_generate_an_investment_preference) ... ok
test_missing_growth_is_data_gap_not_negative (test_research_view.ResearchViewTests.test_missing_growth_is_data_gap_not_negative) ... ok
test_share_class_gaps_keep_price_unresolved (test_research_view.ResearchViewTests.test_share_class_gaps_keep_price_unresolved) ... ok
test_all_korean_sources_preserve_current_filing_and_add_to_replay (test_security.ShareTableTests.test_all_korean_sources_preserve_current_filing_and_add_to_replay) ... ok
test_conflicting_share_notes_hold_price_even_with_balanced_api_table (test_security.ShareTableTests.test_conflicting_share_notes_hold_price_even_with_balanced_api_table) ... ok
test_dash_does_not_become_zero_without_an_exhaustive_aggregate (test_security.ShareTableTests.test_dash_does_not_become_zero_without_an_exhaustive_aggregate) ... ok
test_issuer_receipt_period_and_arithmetic_are_fail_closed (test_security.ShareTableTests.test_issuer_receipt_period_and_arithmetic_are_fail_closed) ... ok
test_missing_treasury_remains_missing_with_equal_issued_outstanding (test_security.ShareTableTests.test_missing_treasury_remains_missing_with_equal_issued_outstanding) ... ok
test_naver_issued_less_treasury_and_explicit_aggregate (test_security.ShareTableTests.test_naver_issued_less_treasury_and_explicit_aggregate) ... ok
test_preferred_stock_rights_are_not_assigned_to_common (test_security.ShareTableTests.test_preferred_stock_rights_are_not_assigned_to_common) ... ok
test_voting_label_requires_both_exact_ordinary_share_facts (test_security.ShareTableTests.test_voting_label_requires_both_exact_ordinary_share_facts) ... ok
test_amd_context_and_cost_sign_change_are_explicit_source_components (test_segment_history.SegmentPeriodTests.test_amd_context_and_cost_sign_change_are_explicit_source_components) ... ok
test_broadcom_unallocated_costs_are_deducted_once_in_all_three_periods (test_segment_history.SegmentPeriodTests.test_broadcom_unallocated_costs_are_deducted_once_in_all_three_periods) ... ok
test_definition_text_cannot_move_to_a_separate_statement_context (test_segment_history.SegmentPeriodTests.test_definition_text_cannot_move_to_a_separate_statement_context) ... ok
test_korean_bridges_preserve_issuer_specific_contexts_and_cash_boundaries (test_segment_history.SegmentPeriodTests.test_korean_bridges_preserve_issuer_specific_contexts_and_cash_boundaries) ... ok
test_korean_tag_aliases_and_nonzero_gaps_remain_visible (test_segment_history.SegmentPeriodTests.test_korean_tag_aliases_and_nonzero_gaps_remain_visible) ... ok
test_missing_annual_fact_keeps_a_gap_instead_of_annualizing_ytd (test_segment_history.SegmentPeriodTests.test_missing_annual_fact_keeps_a_gap_instead_of_annualizing_ytd) ... ok
test_offsetting_period_gaps_do_not_masquerade_as_a_reconciliation (test_segment_history.SegmentPeriodTests.test_offsetting_period_gaps_do_not_masquerade_as_a_reconciliation) ... ok
test_seven_issuer_specific_bridges_reconcile_both_consolidated_metrics (test_segment_history.SegmentPeriodTests.test_seven_issuer_specific_bridges_reconcile_both_consolidated_metrics) ... ok
test_unknown_new_or_future_source_cannot_reuse_definition_review (test_segment_history.SegmentPeriodTests.test_unknown_new_or_future_source_cannot_reuse_definition_review) ... ok
test_conflicting_primary_filing_and_companyfacts_cannot_be_silently_selected (test_supplements.SupplementalSourceTests.test_conflicting_primary_filing_and_companyfacts_cannot_be_silently_selected) ... ok
test_ford_primary_filing_supplies_missing_half_year_without_segment_mixing (test_supplements.SupplementalSourceTests.test_ford_primary_filing_supplies_missing_half_year_without_segment_mixing) ... ok
test_lilly_caption_matches_amount_period_and_unit_not_only_a_substring (test_supplements.SupplementalSourceTests.test_lilly_caption_matches_amount_period_and_unit_not_only_a_substring) ... ok
test_cash_product_and_unallocated_costs_reconcile_every_period (test_tesla_operating.TeslaOperatingTests.test_cash_product_and_unallocated_costs_reconcile_every_period) ... ok
test_credit_shutdown_and_investment_floor_have_explicit_cost_effects (test_tesla_operating.TeslaOperatingTests.test_credit_shutdown_and_investment_floor_have_explicit_cost_effects) ... ok
test_future_cash_keeps_sbc_and_leased_asset_costs_and_deducts_minority_once (test_tesla_operating.TeslaOperatingTests.test_future_cash_keeps_sbc_and_leased_asset_costs_and_deducts_minority_once) ... ok
test_same_taxonomy_tag_does_not_mix_comprehensive_income_and_cash (test_tesla_operating.TeslaOperatingTests.test_same_taxonomy_tag_does_not_mix_comprehensive_income_and_cash) ... ok
test_source_changes_and_cancelling_period_errors_are_rejected (test_tesla_operating.TeslaOperatingTests.test_source_changes_and_cancelling_period_errors_are_rejected) ... ok
test_cash_is_not_a_zero_price_when_negative (test_valuation.ValuationTests.test_cash_is_not_a_zero_price_when_negative) ... ok
test_higher_burden_or_discount_reduces_conditional_price (test_valuation.ValuationTests.test_higher_burden_or_discount_reduces_conditional_price) ... ok
test_historical_anchors_do_not_overlap_and_missing_is_explicit (test_valuation.ValuationTests.test_historical_anchors_do_not_overlap_and_missing_is_explicit) ... ok
test_implied_growth_recovers_price_and_reports_unsolved_ranges (test_valuation.ValuationTests.test_implied_growth_recovers_price_and_reports_unsolved_ranges) ... ok
test_issued_and_weighted_average_shares_are_not_substitutes (test_valuation.ValuationTests.test_issued_and_weighted_average_shares_are_not_substitutes) ... ok
test_latest_header_shares_preserve_own_date (test_valuation.ValuationTests.test_latest_header_shares_preserve_own_date) ... ok
test_multiclass_and_financial_subsidiaries_hold_price (test_valuation.ValuationTests.test_multiclass_and_financial_subsidiaries_hold_price) ... ok
test_preferred_class_dimension_is_not_mistaken_for_no_preferred_stock (test_valuation.ValuationTests.test_preferred_class_dimension_is_not_mistaken_for_no_preferred_stock) ... ok

======================================================================
FAIL: test_frozen_selection_is_idempotent_and_future_only (test_forward_study.ForwardStudyTests.test_frozen_selection_is_idempotent_and_future_only)
----------------------------------------------------------------------
Traceback (most recent call last):
  File "/mnt/20t/주식/tests/test_forward_study.py", line 23, in test_frozen_selection_is_idempotent_and_future_only
    self.assertEqual(sum(len(c["members"]) for c in p["markets"].values()), 40)
AssertionError: 60 != 40

----------------------------------------------------------------------
Ran 206 tests in 91.014s

FAILED (failures=1)
