test_all_snapshot_facts_available_and_reconcilable (test_engine.ResearchContractTests.test_all_snapshot_facts_available_and_reconcilable) ... ok
test_dart_exception_does_not_reveal_credential (test_engine.ResearchContractTests.test_dart_exception_does_not_reveal_credential) ... ok
test_dart_latest_period_wins_over_late_older_period_correction (test_engine.ResearchContractTests.test_dart_latest_period_wins_over_late_older_period_correction) ... ok
test_every_historical_financial_fact_precedes_signal_day (test_engine.ResearchContractTests.test_every_historical_financial_fact_precedes_signal_day) ... ok
test_experiment_oracle_is_upper_bound_and_windows_do_not_overlap (test_engine.ResearchContractTests.test_experiment_oracle_is_upper_bound_and_windows_do_not_overlap) ... ok
test_failed_refresh_preserves_latest_complete_snapshot (test_engine.ResearchContractTests.test_failed_refresh_preserves_latest_complete_snapshot) ... Collect TEST
Snapshot: 0/1 companies; 2026-09-29-547a6a8eaff5
ok
test_first_observation_is_not_regraded_against_a_later_period (test_engine.ResearchContractTests.test_first_observation_is_not_regraded_against_a_later_period) ... ok
test_fundamental_future_filings_cannot_change_historical_signal (test_engine.ResearchContractTests.test_fundamental_future_filings_cannot_change_historical_signal) ... ok
test_future_filing_excluded_and_restatement_asof (test_engine.ResearchContractTests.test_future_filing_excluded_and_restatement_asof) ... ok
test_future_observation_and_prediction_are_separate (test_engine.ResearchContractTests.test_future_observation_and_prediction_are_separate) ... ok
test_future_perturbation_does_not_change_past_signal (test_engine.ResearchContractTests.test_future_perturbation_does_not_change_past_signal) ... ok
test_hash_mismatch_rejected (test_engine.ResearchContractTests.test_hash_mismatch_rejected) ... ok
test_ledger_detects_tampering_and_register_is_idempotent (test_engine.ResearchContractTests.test_ledger_detects_tampering_and_register_is_idempotent) ... ok
test_online_refresh_cannot_silently_reuse_korean_filings_without_key (test_engine.ResearchContractTests.test_online_refresh_cannot_silently_reuse_korean_filings_without_key) ... ok
test_raw_dart_matches_independent_known_hynix_cells (test_engine.ResearchContractTests.test_raw_dart_matches_independent_known_hynix_cells) ... ok
test_registration_uses_the_filing_markets_calendar_date (test_engine.ResearchContractTests.test_registration_uses_the_filing_markets_calendar_date) ... ok
test_render_failure_does_not_publish_a_new_latest_snapshot (test_engine.ResearchContractTests.test_render_failure_does_not_publish_a_new_latest_snapshot) ... ok
test_signed_cash_and_negative_profit (test_engine.ResearchContractTests.test_signed_cash_and_negative_profit) ... ok
test_statement_matches_cumulative_period_not_latest_quarter (test_engine.ResearchContractTests.test_statement_matches_cumulative_period_not_latest_quarter) ... ok
test_wrong_duration_is_not_silently_used (test_engine.ResearchContractTests.test_wrong_duration_is_not_silently_used) ... ok
test_wrong_korean_issuer_is_rejected (test_engine.ResearchContractTests.test_wrong_korean_issuer_is_rejected) ... ok

----------------------------------------------------------------------
Ran 21 tests in 2.483s

OK
