test_actual_amazon_values_retain_one_reporting_period (test_coverage.CoverageTests.test_actual_amazon_values_retain_one_reporting_period) ... ok
test_changed_investment_definition_withholds_margin_comparison (test_coverage.CoverageTests.test_changed_investment_definition_withholds_margin_comparison) ... ok
test_cross_market_peers_keep_accounting_and_period_cautions (test_coverage.CoverageTests.test_cross_market_peers_keep_accounting_and_period_cautions) ... ok
test_expanded_coverage_has_official_identity_provenance (test_coverage.CoverageTests.test_expanded_coverage_has_official_identity_provenance) ... ok
test_expanded_current_coverage_does_not_expand_old_performance_claims (test_coverage.CoverageTests.test_expanded_current_coverage_does_not_expand_old_performance_claims) ... ok
test_future_restatement_cannot_change_history (test_coverage.CoverageTests.test_future_restatement_cannot_change_history) ... ok
test_incomplete_latest_period_cannot_reuse_previous_period (test_coverage.CoverageTests.test_incomplete_latest_period_cannot_reuse_previous_period) ... ok
test_missing_growth_is_unknown_not_a_negative_observation (test_coverage.CoverageTests.test_missing_growth_is_unknown_not_a_negative_observation) ... ok
test_profit_identity_handles_loss_to_profit_without_growth_ratio (test_coverage.CoverageTests.test_profit_identity_handles_loss_to_profit_without_growth_ratio) ... ok
test_ttm_cash_cannot_be_paired_with_half_year_revenue (test_coverage.CoverageTests.test_ttm_cash_cannot_be_paired_with_half_year_revenue) ... ok
test_cash_requirement_known_perpetuity_and_discount_direction (test_dossier.DossierTests.test_cash_requirement_known_perpetuity_and_discount_direction) ... ok
test_critique_cannot_pass_a_challenged_claim (test_dossier.DossierTests.test_critique_cannot_pass_a_challenged_claim) ... ok
test_korean_notes_use_consolidated_reported_amounts_and_common_shares (test_dossier.DossierTests.test_korean_notes_use_consolidated_reported_amounts_and_common_shares) ... ok
test_micron_reported_cash_bridge_and_receivable_sign (test_dossier.DossierTests.test_micron_reported_cash_bridge_and_receivable_sign) ... ok
test_model_endpoint_cannot_use_external_host_or_credentials (test_dossier.DossierTests.test_model_endpoint_cannot_use_external_host_or_credentials) ... ok
test_public_payload_excludes_private_model_notes (test_dossier.DossierTests.test_public_payload_excludes_private_model_notes) ... ok
test_same_filing_required_and_conflicts_rejected (test_dossier.DossierTests.test_same_filing_required_and_conflicts_rejected) ... ok
test_unknown_reference_and_unverified_numeral_fail (test_dossier.DossierTests.test_unknown_reference_and_unverified_numeral_fail) ... ok
test_all_snapshot_facts_available_and_reconcilable (test_engine.ResearchContractTests.test_all_snapshot_facts_available_and_reconcilable) ... ok
test_dart_exception_does_not_reveal_credential (test_engine.ResearchContractTests.test_dart_exception_does_not_reveal_credential) ... ok
test_dart_latest_period_wins_over_late_older_period_correction (test_engine.ResearchContractTests.test_dart_latest_period_wins_over_late_older_period_correction) ... ok
test_every_historical_financial_fact_precedes_signal_day (test_engine.ResearchContractTests.test_every_historical_financial_fact_precedes_signal_day) ... ok
test_experiment_oracle_is_upper_bound_and_windows_do_not_overlap (test_engine.ResearchContractTests.test_experiment_oracle_is_upper_bound_and_windows_do_not_overlap) ... ok
test_failed_refresh_preserves_latest_complete_snapshot (test_engine.ResearchContractTests.test_failed_refresh_preserves_latest_complete_snapshot) ... Collect TEST
Snapshot: 0/1 companies; 2026-09-29-87ca54a519ab
ok
test_first_observation_is_not_regraded_against_a_later_period (test_engine.ResearchContractTests.test_first_observation_is_not_regraded_against_a_later_period) ... ok
test_fundamental_future_filings_cannot_change_historical_signal (test_engine.ResearchContractTests.test_fundamental_future_filings_cannot_change_historical_signal) ... ok
test_future_filing_excluded_and_restatement_asof (test_engine.ResearchContractTests.test_future_filing_excluded_and_restatement_asof) ... ok
test_future_observation_and_prediction_are_separate (test_engine.ResearchContractTests.test_future_observation_and_prediction_are_separate) ... ok
test_future_perturbation_does_not_change_past_signal (test_engine.ResearchContractTests.test_future_perturbation_does_not_change_past_signal) ... ok
test_hash_mismatch_rejected (test_engine.ResearchContractTests.test_hash_mismatch_rejected) ... ok
test_ledger_detects_tampering_and_register_is_idempotent (test_engine.ResearchContractTests.test_ledger_detects_tampering_and_register_is_idempotent) ... ok
test_raw_dart_matches_independent_known_hynix_cells (test_engine.ResearchContractTests.test_raw_dart_matches_independent_known_hynix_cells) ... ok
test_registration_uses_the_filing_markets_calendar_date (test_engine.ResearchContractTests.test_registration_uses_the_filing_markets_calendar_date) ... ok
test_render_failure_does_not_publish_a_new_latest_snapshot (test_engine.ResearchContractTests.test_render_failure_does_not_publish_a_new_latest_snapshot) ... ok
test_signed_cash_and_negative_profit (test_engine.ResearchContractTests.test_signed_cash_and_negative_profit) ... ok
test_statement_matches_cumulative_period_not_latest_quarter (test_engine.ResearchContractTests.test_statement_matches_cumulative_period_not_latest_quarter) ... ok
test_wrong_duration_is_not_silently_used (test_engine.ResearchContractTests.test_wrong_duration_is_not_silently_used) ... ok
test_wrong_korean_issuer_is_rejected (test_engine.ResearchContractTests.test_wrong_korean_issuer_is_rejected) ... ok
test_clean_runner_storage_does_not_reset_existing_history (test_publication.PublicationTests.test_clean_runner_storage_does_not_reset_existing_history) ... ok
test_public_projection_removes_workstation_paths_without_changing_analysis (test_publication.PublicationTests.test_public_projection_removes_workstation_paths_without_changing_analysis) ... ok
test_static_artifact_detects_changed_and_unlisted_files (test_publication.PublicationTests.test_static_artifact_detects_changed_and_unlisted_files) ... ok
test_static_artifact_rejects_backend_dependency_and_missing_asset (test_publication.PublicationTests.test_static_artifact_rejects_backend_dependency_and_missing_asset) ... ok
test_static_artifact_rejects_symlink_to_workspace (test_publication.PublicationTests.test_static_artifact_rejects_symlink_to_workspace) ... ok
test_criticism_must_match_each_exact_sentence_once (test_reasoning.ReasoningTests.test_criticism_must_match_each_exact_sentence_once) ... ok
test_evaluation_rejects_tampering_before_returning_results (test_reasoning.ReasoningTests.test_evaluation_rejects_tampering_before_returning_results) ... ok
test_explicit_uncertainty_is_necessary_but_not_sufficient (test_reasoning.ReasoningTests.test_explicit_uncertainty_is_necessary_but_not_sufficient) ... ok
test_failed_json_or_truncated_response_is_archived (test_reasoning.ReasoningTests.test_failed_json_or_truncated_response_is_archived) ... ok
test_gate_rejects_a_different_runtime_or_changed_protocol (test_reasoning.ReasoningTests.test_gate_rejects_a_different_runtime_or_changed_protocol) ... ok
test_generation_and_self_review_cannot_bypass_missing_evaluation (test_reasoning.ReasoningTests.test_generation_and_self_review_cannot_bypass_missing_evaluation) ... ok
test_missing_period_cannot_become_a_full_input_packet (test_reasoning.ReasoningTests.test_missing_period_cannot_become_a_full_input_packet) ... ok
test_model_cannot_choose_or_forge_observation_citations (test_reasoning.ReasoningTests.test_model_cannot_choose_or_forge_observation_citations) ... ok
test_observation_cannot_pass_as_a_conditional_guess (test_reasoning.ReasoningTests.test_observation_cannot_pass_as_a_conditional_guess) ... ok
test_signed_observations_do_not_invent_a_cause (test_reasoning.ReasoningTests.test_signed_observations_do_not_invent_a_cause) ... ok
test_condition_and_prediction_are_separate_with_source_evidence (test_receivables.ReceivableTests.test_condition_and_prediction_are_separate_with_source_evidence) ... ok
test_dates_not_context_names_and_unrelated_dimensions_rejected (test_receivables.ReceivableTests.test_dates_not_context_names_and_unrelated_dimensions_rejected) ... ok
test_future_amendment_and_wrong_currency_block_condition_grading (test_receivables.ReceivableTests.test_future_amendment_and_wrong_currency_block_condition_grading) ... ok
test_future_restatement_cannot_change_a_selected_balance (test_receivables.ReceivableTests.test_future_restatement_cannot_change_a_selected_balance) ... ok
test_hynix_gross_impairment_and_net_have_matching_dimensions (test_receivables.ReceivableTests.test_hynix_gross_impairment_and_net_have_matching_dimensions) ... ok
test_inconsistent_gross_net_is_rejected_instead_of_relabelled (test_receivables.ReceivableTests.test_inconsistent_gross_net_is_rejected_instead_of_relabelled) ... ok
test_micron_trade_and_total_scope_are_not_interchangeable (test_receivables.ReceivableTests.test_micron_trade_and_total_scope_are_not_interchangeable) ... ok
test_missing_balance_and_changed_contract_remain_unresolved (test_receivables.ReceivableTests.test_missing_balance_and_changed_contract_remain_unresolved) ... ok
test_missing_opening_balance_is_not_zero_or_comparable_period (test_receivables.ReceivableTests.test_missing_opening_balance_is_not_zero_or_comparable_period) ... ok
test_model_receives_available_allowance_and_correct_remaining_gaps (test_receivables.ReceivableTests.test_model_receives_available_allowance_and_correct_remaining_gaps) ... ok
test_registration_keeps_original_baseline_on_repeated_runs (test_receivables.ReceivableTests.test_registration_keeps_original_baseline_on_repeated_runs) ... ok
test_same_local_day_and_previously_known_filing_are_not_future_scores (test_receivables.ReceivableTests.test_same_local_day_and_previously_known_filing_are_not_future_scores) ... ok

----------------------------------------------------------------------
Ran 65 tests in 7.287s

OK
