{"company": "MU", "status": "revision_required", "recordHash": "e20ec563dab3a5db311fe82229b4eeb4da582f8262a37dcd66f260ee53f1d74f", "displayEligible": false, "reused": true, "error": null}
{"company": "NVDA", "status": "revision_required", "recordHash": "d10e0de2b1c0f7a31bc14392a8d7c62699dca9fa6d4a195f2cfa28aff5793942", "displayEligible": false, "reused": true, "error": null}
{"company": "GOOGL", "status": "reviewed_draft", "recordHash": "1ba376d531c6b82c649358cce8f598a6b760fb0a57cc438820aab5443c5c13b7", "displayEligible": false, "reused": true, "error": null}
{"company": "AAPL", "status": "revision_required", "recordHash": "e8907fe6425b70b2eb3ec1b964b9803dac3d4bf739baacf114ea56c38cb81949", "displayEligible": false, "reused": true, "error": null}
{"company": "MSFT", "status": "revision_required", "recordHash": "5d2800beecdcc939ebbbf1d20a71069ee14f8f356dac6b1a5aa1f99573b00728", "displayEligible": false, "reused": true, "error": null}
{"company": "AMZN", "status": "revision_required", "recordHash": "a4b4da450abf4b3d2c5bcd8997c4348118b00b0603861084cbc8072e83428188", "displayEligible": false, "reused": true, "error": null}
{"company": "META", "status": "reviewed_draft", "recordHash": "4ae8d51402af46dfeeb22bc0d625938efc311d078ccb5d3e7c60e6c213708316", "displayEligible": false, "reused": true, "error": null}
{"company": "AMD", "status": "revision_required", "recordHash": "bda7dabfc513a352d301894ae0850b28aa8e4d97b59a0a2faa4130eaeac43cd4", "displayEligible": false, "reused": true, "error": null}
{"company": "AVGO", "status": "revision_required", "recordHash": "627d83d3412f5a4fe36c52ceea6d3c460c13851c41b00b04ba4d51673c94705f", "displayEligible": false, "reused": true, "error": null}
{"company": "QCOM", "status": "reviewed_draft", "recordHash": "98f21b073f7571c6feb8a7ffb9e63a8f9fce236539146dfaec00ad5bde8526f5", "displayEligible": false, "reused": true, "error": null}
{"company": "INTC", "status": "revision_required", "recordHash": "afa271c4c12432c052e53ff117af0de0380eb0387d9ce1665e812ad65b836b7a", "displayEligible": false, "reused": true, "error": null}
{"company": "AMAT", "status": "reviewed_draft", "recordHash": "7e80d5893111a5fd53242b33207d1aafc90859046d9bdd942b2e0bde8bbdabc4", "displayEligible": false, "reused": true, "error": null}
{"company": "LRCX", "status": "revision_required", "recordHash": "7c4603eedcbf09beeed724a2d83dd827ad2d356ceded1c71b8d9bac5597cdb1f", "displayEligible": false, "reused": true, "error": null}
{"company": "TSLA", "status": "revision_required", "recordHash": "01d603590a5b5213732461da8be4825ac6dd931a0105480d54c2b8e0b0b60273", "displayEligible": false, "reused": true, "error": null}
{"company": "GM", "status": "reviewed_draft", "recordHash": "51163f3d2d59360074b1fde486367609ddb847dabc1adffddf1cb0800b51ad6c", "displayEligible": false, "reused": true, "error": null}
{"company": "F", "status": "reviewed_draft", "recordHash": "6ce21d0d2d7575a5e070616b11775cd912c073336026f0623a967484184999ac", "displayEligible": false, "reused": true, "error": null}
{"company": "GE", "status": "reviewed_draft", "recordHash": "e1a285a0d94a317980fa176493a9ff61b9312e9220113109f60301bb27da395d", "displayEligible": false, "reused": true, "error": null}
{"company": "CAT", "status": "revision_required", "recordHash": "75472aa7d8f54f4aa1f9546e7a2b6db8576bf530cd81393a0ca3b2865e00794d", "displayEligible": false, "reused": true, "error": null}
{"company": "LLY", "status": "reviewed_draft", "recordHash": "ec5023f8a6d010af0b8302b5cdfed43f041f722c22fdd9f2ba342afbcfe14930", "displayEligible": false, "reused": true, "error": null}
{"company": "JNJ", "status": "revision_required", "recordHash": "9663392bf52c5b514c1e6ed9f22f63f8078c9b6ef2aafff9175dd2275c7fe290", "displayEligible": false, "reused": true, "error": null}
{"company": "000660", "status": "reviewed_draft", "recordHash": "8512113961944d7817673167b528542f6a8a6ba8abac720345648786365b5f4a", "displayEligible": false, "reused": true, "error": null}
{"company": "005930", "status": "revision_required", "recordHash": "f8cb8f698e4306323e224553c140586acb74f3d3a60a210cdc6f9975963ff7da", "displayEligible": false, "reused": true, "error": null}
{"company": "035420", "status": "revision_required", "recordHash": "b83a90be3c25e8cbd4d711aceef9f203cd20f6b888da53188409ed257b658d1e", "displayEligible": false, "reused": true, "error": null}
{"company": "066570", "status": "revision_required", "recordHash": "46c52c577242da1806eae5c1c84728b60f582d444bf487cf4341b1b9491a33e9", "displayEligible": false, "reused": true, "error": null}
{"company": "005380", "status": "revision_required", "recordHash": "785597db2c0ef0e4e118a91d5fb9465efd3f7b5213bfeaadd49de36b97fad8a4", "displayEligible": false, "reused": true, "error": null}
{"company": "000270", "status": "revision_required", "recordHash": "f58a95666d1a4f892301610e692a9155f9947ab143b87882fdf93fc38291bb11", "displayEligible": false, "reused": true, "error": null}
{"company": "012330", "status": "reviewed_draft", "recordHash": "a7bf9c9a4068ef477e8e45d9859a8680cd329d77896f02a3df5599b5a3f243c0", "displayEligible": false, "reused": true, "error": null}
{"company": "035720", "status": "revision_required", "recordHash": "c3e9c58e77ea8ff56c58f9796ee815f99866892a3d65d82a001211f91e3310e8", "displayEligible": false, "reused": true, "error": null}
{"company": "006400", "status": "revision_required", "recordHash": "2bd50b7b8e3a0ff4c37b5854d6ea6f7a81aa9b207ec8bd4ff5de8c0534c9ad2c", "displayEligible": false, "reused": true, "error": null}
{"company": "051910", "status": "revision_required", "recordHash": "38c19896a3386cf8ad3d949f102fabc8c5a0dff0fe1f3bdf4c9b093b10829aef", "displayEligible": false, "reused": true, "error": null}
{"company": "373220", "status": "revision_required", "recordHash": "f8fac3c1cfa8a9832e027b59d07852fb9786bff8cac13d51c4e9e79acb3d14de", "displayEligible": false, "reused": true, "error": null}
{"company": "005490", "status": "revision_required", "recordHash": "618e83def07a57b6082fd58c80dfab73f048bc4eed24d953e980215319fd9c1f", "displayEligible": false, "reused": true, "error": null}
{"company": "207940", "status": "revision_required", "recordHash": "b5d91d46295034cf0ede596b74956ed634bd031b9c3adaa5aa4c0d41ab2d74d9", "displayEligible": false, "reused": true, "error": null}
{"company": "068270", "status": "reviewed_draft", "recordHash": "36edeaae1961771529c695e0d844a9be6fb0d06fa64f90d436f21eee3a994725", "displayEligible": false, "reused": true, "error": null}
{"company": "000100", "status": "revision_required", "recordHash": "d6ebc291bcf53e712834d70f31f46460575b2fb0286e7b4c06551c9e1c444fd5", "displayEligible": false, "reused": true, "error": null}
{"company": "128940", "status": "revision_required", "recordHash": "163ac14e9cb8ecf2b90142b96f6958bebc0d1df038cde4185d9aa60547dca99f", "displayEligible": false, "reused": true, "error": null}
{"company": "329180", "status": "revision_required", "recordHash": "8668bd5e69d94b35b5fbfee7e42580a48c9a82eb23feff8b224214720eff9ced", "displayEligible": false, "reused": true, "error": null}
{"company": "012450", "status": "reviewed_draft", "recordHash": "699069f6745c65190f6a0a34f6e65e923f56c6df2d2b0951a73dade2b411f68b", "displayEligible": false, "reused": true, "error": null}
{"company": "034020", "status": "revision_required", "recordHash": "3056d8cb4f7fad1195621d28703b93183fc9349a51fd4321b17662c0ed24b168", "displayEligible": false, "reused": true, "error": null}
{"company": "267260", "status": "reviewed_draft", "recordHash": "e1a5fe899093825ac6c6f8b5e3f1ba6305660ef48d867948886e4e22f836cbf0", "displayEligible": true, "reused": true, "error": null}
{"company": "NFLX", "status": "revision_required", "recordHash": "0ae714a122b375cda14323f1f23ee6b7bdff883208c529f4359108bdabe9e262", "displayEligible": false, "reused": true, "error": null}
{"company": "CRM", "status": "reviewed_draft", "recordHash": "d775132f03e259dbf5335944ee398c5ecde2316c2a70a06d281493168fe0d5ae", "displayEligible": false, "reused": true, "error": null}
{"company": "ORCL", "status": "reviewed_draft", "recordHash": "daabb17bc7eba37e40ee20af8f376fbffca9b22defb6fa1583133c83ef958762", "displayEligible": false, "reused": true, "error": null}
{"company": "ADBE", "status": "reviewed_draft", "recordHash": "c8db99899c05b9e194ba09610fb980483c35e9bdece0024331ad1ba6d726d26f", "displayEligible": false, "reused": true, "error": null}
{"company": "NOW", "status": "revision_required", "recordHash": "4ced69cc9a11fd6d8831ac35e65f09f92ff7fbb67aaa669573d91fdfe102059a", "displayEligible": false, "reused": true, "error": null}
{"company": "COST", "status": "reviewed_draft", "recordHash": "4f75112e93f073812ca450a00042e34f4e6d356c5808a0ce80b6a293cf38a61f", "displayEligible": false, "reused": true, "error": null}
{"company": "WMT", "status": "revision_required", "recordHash": "c10a8bd3a379cf003c10c4f6f7e8cecf878d685bb47aaa41fe2536ab07c34b05", "displayEligible": false, "reused": true, "error": null}
{"company": "HD", "status": "revision_required", "recordHash": "6e2ef0f9493b484f906c9099d9394ee209ca232b03ea5b9d260e4621e8259a25", "displayEligible": false, "reused": true, "error": null}
{"company": "TXN", "status": "reviewed_draft", "recordHash": "fd6ed9dce8da53c000fb6d291324d57cfefe0dc7b4ea4a968c433f470db181b3", "displayEligible": false, "reused": true, "error": null}
{"company": "ADI", "status": "revision_required", "recordHash": "8428d0298efc182de5f5c32483556f2ce546fbf1ad1d457d68157500a38074b7", "displayEligible": false, "reused": true, "error": null}
{"company": "028260", "status": "reviewed_draft", "recordHash": "4ca13adb3145afbd763c1ead702c6b1bfb30313d963734d6a825b810a307e9de", "displayEligible": false, "reused": true, "error": null}
{"company": "017670", "status": "revision_required", "recordHash": "243bc2b6f37065c6000af639852d10b6ced2c43029d71f5f254a9cf3cb208415", "displayEligible": false, "reused": true, "error": null}
{"company": "030200", "status": "revision_required", "recordHash": "a2eae99d18e4fbdc83c07b6d118ee6321f5a893786e30f15eeb0bffb18f94416", "displayEligible": false, "reused": true, "error": null}
{"company": "009150", "status": "reviewed_draft", "recordHash": "a4b97fb6f1714774e575474f5f975ce6ca8cb4a04ab69e703264bcdddbcbe976", "displayEligible": false, "reused": true, "error": null}
{"company": "011070", "status": "revision_required", "recordHash": "8619ede13474f499daa6aed818b88d74ce9404ed678049abef317bd714cb016a", "displayEligible": false, "reused": true, "error": null}
{"company": "018260", "status": "reviewed_draft", "recordHash": "242b4357b896702f9bbd0e9e1944691781a860fc2327287db78fa6a44f550434", "displayEligible": false, "reused": true, "error": null}
{"company": "259960", "status": "revision_required", "recordHash": "0da1edcc751d2563a85a75fe2dae06629c8f57010183986236a4b5bd7a0617a9", "displayEligible": false, "reused": true, "error": null}
{"company": "251270", "status": "revision_required", "recordHash": "5cb7ddc6aff1891fd2ddaba30ea1043fc8fd6b0ee8cafd76566920c954cbb2e4", "displayEligible": false, "reused": true, "error": null}
{"company": "090430", "status": "revision_required", "recordHash": "5f37e930fedf3b9500d63960083109ec2e0701f63bd4f44987b2a23d9027e0fb", "displayEligible": false, "reused": true, "error": null}
{"company": "271560", "status": "reviewed_draft", "recordHash": "cf08132e26840f58118ed4b8b81fd16e36659308b48ba6e063d1228a36dc5e52", "displayEligible": true, "reused": true, "error": null}
Coverage run: artifacts/local/coverage-run-20261002T052625802603Z.json
