{
  "receipt": "20260318001320",
  "url": "https://dart.fss.or.kr/dsaf001/main.do?rcpNo=20260318001320",
  "retrievedAt": "2026-10-02T07:43:47.571832+00:00",
  "package": {
    "file": "data/sources/dart-document-20260318001320-b49bd56bdbc15148.zip",
    "sha256": "b49bd56bdbc15148c02f1a6bdf0c0d3ad62aa1981e3a9e5d15afbe4b39a42806"
  },
  "files": [
    {
      "file": "data/sources/dart-document-20260318001320-0-c5d35f8794757296.xml",
      "sha256": "c5d35f8794757296037a238ceafebcd4ef60d59facfd6e34643e31716b64f02f",
      "originalName": "20260318001320.xml"
    },
    {
      "file": "data/sources/dart-document-20260318001320-1-b83736d17ffe6900.xml",
      "sha256": "b83736d17ffe6900df2dd49556e96fc4de8c202993fc756fca200f79ecba767e",
      "originalName": "20260318001320_00761.xml"
    },
    {
      "file": "data/sources/dart-document-20260318001320-2-e3b6442f77902332.xml",
      "sha256": "e3b6442f77902332f75f56f40caca32d64156ef8226b7882aa62d829e2f9af95",
      "originalName": "20260318001320_00760.xml"
    }
  ]
}
