test_acquisition_sensitivity_retains_other_investment_and_gaap_costs (test_adi_operating.AdiOperatingTests.test_acquisition_sensitivity_retains_other_investment_and_gaap_costs) ... ok
test_amortization_uses_cash_statement_precision_and_is_added_once (test_adi_operating.AdiOperatingTests.test_amortization_uses_cash_statement_precision_and_is_added_once) ... ok
test_interest_expense_reduces_cash_once_after_assumed_tax (test_adi_operating.AdiOperatingTests.test_interest_expense_reduces_cash_once_after_assumed_tax) ... ok
test_interim_working_cash_stays_aggregate_while_annual_details_are_preserved (test_adi_operating.AdiOperatingTests.test_interim_working_cash_stays_aggregate_while_annual_details_are_preserved) ... ok
test_market_sales_are_not_fictitious_independent_profit_segments (test_adi_operating.AdiOperatingTests.test_market_sales_are_not_fictitious_independent_profit_segments) ... ok
test_new_filings_and_early_dates_need_a_new_review (test_adi_operating.AdiOperatingTests.test_new_filings_and_early_dates_need_a_new_review) ... ok
test_sale_note_mda_difference_is_not_silently_normalized (test_adi_operating.AdiOperatingTests.test_sale_note_mda_difference_is_not_silently_normalized) ... ok
test_three_exact_cash_and_profit_periods_reconcile (test_adi_operating.AdiOperatingTests.test_three_exact_cash_and_profit_periods_reconcile) ... ok
test_broad_asset_purchase_caption_and_inconsistent_periods_hold_price (test_adobe_operating.AdobeOperatingTests.test_broad_asset_purchase_caption_and_inconsistent_periods_hold_price) ... ok
test_contract_amortization_is_not_added_back_twice (test_adobe_operating.AdobeOperatingTests.test_contract_amortization_is_not_added_back_twice) ... ok
test_future_customer_funding_is_an_editable_assumption (test_adobe_operating.AdobeOperatingTests.test_future_customer_funding_is_an_editable_assumption) ... ok
test_investment_and_costs_stay_in_future_cash (test_adobe_operating.AdobeOperatingTests.test_investment_and_costs_stay_in_future_cash) ... ok
test_new_filing_requires_new_source_review (test_adobe_operating.AdobeOperatingTests.test_new_filing_requires_new_source_review) ... ok
test_other_noncash_sign_is_preserved_and_inverted_once (test_adobe_operating.AdobeOperatingTests.test_other_noncash_sign_is_preserved_and_inverted_once) ... ok
test_product_and_all_period_cash_reconcile (test_adobe_operating.AdobeOperatingTests.test_product_and_all_period_cash_reconcile) ... ok
test_stock_balances_do_not_mix_rounded_note_and_full_balance_sheet (test_adobe_operating.AdobeOperatingTests.test_stock_balances_do_not_mix_rounded_note_and_full_balance_sheet) ... ok
test_both_exhibits_and_current_filing_are_archived_for_replay (test_alphabet_capital.AlphabetCapitalTests.test_both_exhibits_and_current_filing_are_archived_for_replay) ... ok
test_contract_mutation_fails_instead_of_using_default_terms (test_alphabet_capital.AlphabetCapitalTests.test_contract_mutation_fails_instead_of_using_default_terms) ... ok
test_contract_review_does_not_release_price_hold (test_alphabet_capital.AlphabetCapitalTests.test_contract_review_does_not_release_price_hold) ... ok
test_new_current_filing_never_inherits_old_rights (test_alphabet_capital.AlphabetCapitalTests.test_new_current_filing_never_inherits_old_rights) ... ok
test_nonfinite_nonpositive_and_boolean_prices_rejected (test_alphabet_capital.AlphabetCapitalTests.test_nonfinite_nonpositive_and_boolean_prices_rejected) ... ok
test_stock_classes_are_not_interchangeable (test_alphabet_capital.AlphabetCapitalTests.test_stock_classes_are_not_interchangeable) ... ok
test_unadjusted_conversion_at_both_breakpoints (test_alphabet_capital.AlphabetCapitalTests.test_unadjusted_conversion_at_both_breakpoints) ... ok
test_corporate_change_flows_through_tax_once (test_alphabet_operating.AlphabetOperatingTests.test_corporate_change_flows_through_tax_once) ... ok
test_each_period_checked_before_netting (test_alphabet_operating.AlphabetOperatingTests.test_each_period_checked_before_netting) ... ok
test_exact_cash_and_corporate_scope (test_alphabet_operating.AlphabetOperatingTests.test_exact_cash_and_corporate_scope) ... ok
test_historical_lease_caption_cannot_be_replaced (test_alphabet_operating.AlphabetOperatingTests.test_historical_lease_caption_cannot_be_replaced) ... ok
test_lease_prepayment_is_added_only_when_separately_reported (test_alphabet_operating.AlphabetOperatingTests.test_lease_prepayment_is_added_only_when_separately_reported) ... ok
test_loss_segment_not_clipped_and_rights_never_bypassed (test_alphabet_operating.AlphabetOperatingTests.test_loss_segment_not_clipped_and_rights_never_bypassed) ... ok
test_other_models_preserve_stored_financial_results (test_alphabet_operating.AlphabetOperatingTests.test_other_models_preserve_stored_financial_results) ... ok
test_content_operating_lease_and_financing_costs_are_not_double_counted (test_amazon_operating.AmazonOperatingTests.test_content_operating_lease_and_financing_costs_are_not_double_counted) ... ok
test_energy_periods_do_not_turn_unquantified_into_zero_or_aws_profit (test_amazon_operating.AmazonOperatingTests.test_energy_periods_do_not_turn_unquantified_into_zero_or_aws_profit) ... ok
test_half_year_operating_capital_proxy_does_not_mix_a_trailing_denominator (test_amazon_operating.AmazonOperatingTests.test_half_year_operating_capital_proxy_does_not_mix_a_trailing_denominator) ... ok
test_normalization_inputs_are_explicit_and_losses_have_no_assumed_tax_credit (test_amazon_operating.AmazonOperatingTests.test_normalization_inputs_are_explicit_and_losses_have_no_assumed_tax_credit) ... ok
test_partial_exclusion_changes_future_profit_and_tax_once_not_reported_cash (test_amazon_operating.AmazonOperatingTests.test_partial_exclusion_changes_future_profit_and_tax_once_not_reported_cash) ... ok
test_reported_trailing_disagreement_or_unreviewed_scope_is_rejected (test_amazon_operating.AmazonOperatingTests.test_reported_trailing_disagreement_or_unreviewed_scope_is_rejected) ... ok
test_three_period_and_reported_trailing_cash_match_without_residual (test_amazon_operating.AmazonOperatingTests.test_three_period_and_reported_trailing_cash_match_without_residual) ... ok
test_conditional_warrants_do_not_become_current_outstanding_shares (test_amd_operating.AmdOperatingTests.test_conditional_warrants_do_not_become_current_outstanding_shares) ... ok
test_continuing_capex_does_not_include_disposal_settlement (test_amd_operating.AmdOperatingTests.test_continuing_capex_does_not_include_disposal_settlement) ... ok
test_continuing_cfo_reconciles_each_period_without_disposed_business (test_amd_operating.AmdOperatingTests.test_continuing_cfo_reconciles_each_period_without_disposed_business) ... ok
test_corporate_adjustment_retains_sbc_and_future_lease_is_only_assumed (test_amd_operating.AmdOperatingTests.test_corporate_adjustment_retains_sbc_and_future_lease_is_only_assumed) ... ok
test_corrupted_annual_cash_and_new_corpus_invalidate_the_model (test_amd_operating.AmdOperatingTests.test_corrupted_annual_cash_and_new_corpus_invalidate_the_model) ... ok
test_future_contracts_and_maximum_guarantee_are_not_current_cash (test_amd_operating.AmdOperatingTests.test_future_contracts_and_maximum_guarantee_are_not_current_cash) ... ok
test_source_specific_amortization_tax_and_recovery_signs (test_amd_operating.AmdOperatingTests.test_source_specific_amortization_tax_and_recovery_signs) ... ok
test_warrant_review_rejects_later_source_and_does_not_approve_new_filing (test_amd_operating.AmdOperatingTests.test_warrant_review_rejects_later_source_and_does_not_approve_new_filing) ... ok
test_changed_corpus_requires_review_and_original_caption_is_required (test_apple_operating.AppleOperatingTests.test_changed_corpus_requires_review_and_original_caption_is_required) ... ok
test_lease_balance_and_maturity_do_not_become_paid_cash (test_apple_operating.AppleOperatingTests.test_lease_balance_and_maturity_do_not_become_paid_cash) ... ok
test_missing_fact_does_not_use_zero_or_another_period (test_apple_operating.AppleOperatingTests.test_missing_fact_does_not_use_zero_or_another_period) ... ok
test_offsetting_period_errors_are_rejected (test_apple_operating.AppleOperatingTests.test_offsetting_period_errors_are_rejected) ... ok
test_product_margin_and_lease_stress_have_separate_cash_effects (test_apple_operating.AppleOperatingTests.test_product_margin_and_lease_stress_have_separate_cash_effects) ... ok
test_reported_cash_and_product_profit_each_period (test_apple_operating.AppleOperatingTests.test_reported_cash_and_product_profit_each_period) ... ok
test_cash_is_reconciled_in_each_original_period (test_applied_operating.AppliedOperatingTests.test_cash_is_reconciled_in_each_original_period) ... ok
test_cash_statement_adjustments_differ_from_expenses (test_applied_operating.AppliedOperatingTests.test_cash_statement_adjustments_differ_from_expenses) ... ok
test_finance_lease_unknown_is_not_the_annual_reported_zero (test_applied_operating.AppliedOperatingTests.test_finance_lease_unknown_is_not_the_annual_reported_zero) ... ok
test_investment_and_lease_assumptions_change_cash_without_duplicate_settlement (test_applied_operating.AppliedOperatingTests.test_investment_and_lease_assumptions_change_cash_without_duplicate_settlement) ... ok
test_recast_changes_segment_allocation_not_consolidated_growth (test_applied_operating.AppliedOperatingTests.test_recast_changes_segment_allocation_not_consolidated_growth) ... ok
test_recast_quarters_match_current_comparatives_before_trailing_sum (test_applied_operating.AppliedOperatingTests.test_recast_quarters_match_current_comparatives_before_trailing_sum) ... ok
test_wrong_deferred_tax_sign_and_changed_source_fail (test_applied_operating.AppliedOperatingTests.test_wrong_deferred_tax_sign_and_changed_source_fail) ... ok
test_acquisition_amortization_is_not_the_whole_cash_amortization (test_broadcom_operating.BroadcomOperatingTests.test_acquisition_amortization_is_not_the_whole_cash_amortization) ... ok
test_changed_cash_sign_or_source_contract_does_not_pass (test_broadcom_operating.BroadcomOperatingTests.test_changed_cash_sign_or_source_contract_does_not_pass) ... ok
test_customer_notes_are_not_issuer_dilution_and_maximum_is_not_paid_cash (test_broadcom_operating.BroadcomOperatingTests.test_customer_notes_are_not_issuer_dilution_and_maximum_is_not_paid_cash) ... ok
test_each_cash_period_reconciles_before_trailing_addition (test_broadcom_operating.BroadcomOperatingTests.test_each_cash_period_reconciles_before_trailing_addition) ... ok
test_four_corporate_costs_reconcile_both_segments (test_broadcom_operating.BroadcomOperatingTests.test_four_corporate_costs_reconcile_both_segments) ... ok
test_long_term_cash_and_factoring_totals_are_not_growth_working_capital (test_broadcom_operating.BroadcomOperatingTests.test_long_term_cash_and_factoring_totals_are_not_growth_working_capital) ... ok
test_support_never_resolves_a_held_security_or_nonpositive_value (test_broadcom_operating.BroadcomOperatingTests.test_support_never_resolves_a_held_security_or_nonpositive_value) ... ok
test_support_stress_is_discounted_once_without_a_terminal_recurrence (test_broadcom_operating.BroadcomOperatingTests.test_support_stress_is_discounted_once_without_a_terminal_recurrence) ... ok
test_automotive_price_is_held_and_missing_receivables_not_zero (test_business.BusinessTests.test_automotive_price_is_held_and_missing_receivables_not_zero) ... ok
test_balance_contexts_retain_reported_dates_even_if_taxonomy_uses_duration (test_business.BusinessTests.test_balance_contexts_retain_reported_dates_even_if_taxonomy_uses_duration) ... ok
test_cash_difference_has_no_invented_elimination_explanation (test_business.BusinessTests.test_cash_difference_has_no_invented_elimination_explanation) ... ok
test_dates_dimensions_currency_and_conflicts_are_selected_strictly (test_business.BusinessTests.test_dates_dimensions_currency_and_conflicts_are_selected_strictly) ... ok
test_finance_lease_principal_is_deducted_once_noncash_is_not_deducted (test_business.BusinessTests.test_finance_lease_principal_is_deducted_once_noncash_is_not_deducted) ... ok
test_future_filing_is_not_available_to_business_analysis (test_business.BusinessTests.test_future_filing_is_not_available_to_business_analysis) ... ok
test_hyundai_external_and_internal_revenues_are_not_interchangeable (test_business.BusinessTests.test_hyundai_external_and_internal_revenues_are_not_interchangeable) ... ok
test_microsoft_reported_segments_reconcile_with_the_same_filing (test_business.BusinessTests.test_microsoft_reported_segments_reconcile_with_the_same_filing) ... ok
test_wrong_entity_and_typed_contexts_are_rejected (test_business.BusinessTests.test_wrong_entity_and_typed_contexts_are_rejected) ... ok
test_changed_company_explanation_cannot_silently_retain_old_amount (test_business_drivers.BusinessDriverTests.test_changed_company_explanation_cannot_silently_retain_old_amount) ... ok
test_changed_filing_holds_the_numerical_bridge_together_with_authored_reading (test_business_drivers.BusinessDriverTests.test_changed_filing_holds_the_numerical_bridge_together_with_authored_reading) ... ok
test_foundry_loss_improvement_preserves_adverse_product_effect_and_residual (test_business_drivers.BusinessDriverTests.test_foundry_loss_improvement_preserves_adverse_product_effect_and_residual) ... ok
test_loss_parentheses_are_negative_and_changed_columns_fail (test_business_drivers.BusinessDriverTests.test_loss_parentheses_are_negative_and_changed_columns_fail) ... ok
test_qct_and_auto_bridges_keep_quarter_and_nine_month_contributions_distinct (test_business_drivers.BusinessDriverTests.test_qct_and_auto_bridges_keep_quarter_and_nine_month_contributions_distinct) ... ok
test_every_authored_reading_points_to_current_actual_passages (test_business_insights.BusinessInsightTests.test_every_authored_reading_points_to_current_actual_passages) ... ok
test_unknown_passage_is_rejected_instead_of_merely_linking_a_filing (test_business_insights.BusinessInsightTests.test_unknown_passage_is_rejected_instead_of_merely_linking_a_filing) ... ok
test_updated_filing_and_corpus_cannot_silently_reuse_authored_claims (test_business_insights.BusinessInsightTests.test_updated_filing_and_corpus_cannot_silently_reuse_authored_claims) ... ok
test_added_cloud_chip_and_cdmo_segments_reconcile (test_capital.CapitalTests.test_added_cloud_chip_and_cdmo_segments_reconcile) ... ok
test_all_registered_companies_use_their_exact_current_filing (test_capital.CapitalTests.test_all_registered_companies_use_their_exact_current_filing) ... ok
test_broadcom_disclosed_costs_reconcile_and_korean_residuals_remain (test_capital.CapitalTests.test_broadcom_disclosed_costs_reconcile_and_korean_residuals_remain) ... ok
test_conflicting_dividend_disclosures_are_not_silently_selected (test_capital.CapitalTests.test_conflicting_dividend_disclosures_are_not_silently_selected) ... ok
test_korean_segment_difference_and_gross_revenue_are_explicit (test_capital.CapitalTests.test_korean_segment_difference_and_gross_revenue_are_explicit) ... ok
test_missing_lease_payment_is_not_treated_as_zero (test_capital.CapitalTests.test_missing_lease_payment_is_not_treated_as_zero) ... ok
test_sbc_proxy_is_not_cash_and_does_not_double_deduct_repurchases (test_capital.CapitalTests.test_sbc_proxy_is_not_cash_and_does_not_double_deduct_repurchases) ... ok
test_us_segment_adjustments_reconcile_without_double_counting_products (test_capital.CapitalTests.test_us_segment_adjustments_reconcile_without_double_counting_products) ... ok
test_conflicting_or_wrong_context_debt_does_not_pass (test_capital_claims.CapitalClaimsTests.test_conflicting_or_wrong_context_debt_does_not_pass) ... ok
test_future_filing_cannot_be_used (test_capital_claims.CapitalClaimsTests.test_future_filing_cannot_be_used) ... ok
test_intel_eps_exclusion_does_not_remove_capital_rights (test_capital_claims.CapitalClaimsTests.test_intel_eps_exclusion_does_not_remove_capital_rights) ... ok
test_new_filing_keeps_hold_instead_of_reusing_old_terms (test_capital_claims.CapitalClaimsTests.test_new_filing_keeps_hold_instead_of_reusing_old_terms) ... ok
test_other_issuers_are_not_classified_from_a_tag_keyword (test_capital_claims.CapitalClaimsTests.test_other_issuers_are_not_classified_from_a_tag_keyword) ... ok
test_sds_holds_inverse_but_preserves_reported_outstanding (test_capital_claims.CapitalClaimsTests.test_sds_holds_inverse_but_preserves_reported_outstanding) ... ok
test_sds_issued_debt_is_not_an_authorization_or_actual_common_shares (test_capital_claims.CapitalClaimsTests.test_sds_issued_debt_is_not_an_authorization_or_actual_common_shares) ... ok
test_amd_extension_and_archived_annual_do_not_hide_discontinued_cash (test_cash_scope.CashScopeTests.test_amd_extension_and_archived_annual_do_not_hide_discontinued_cash) ... ok
test_ge_negative_discontinued_cash_is_not_an_absent_value (test_cash_scope.CashScopeTests.test_ge_negative_discontinued_cash_is_not_an_absent_value) ... ok
test_lg_chem_aggregate_is_not_added_to_its_subcomponents (test_cash_scope.CashScopeTests.test_lg_chem_aggregate_is_not_added_to_its_subcomponents) ... ok
test_price_and_relative_cash_judgment_wait_for_consistent_business_scope (test_cash_scope.CashScopeTests.test_price_and_relative_cash_judgment_wait_for_consistent_business_scope) ... ok
test_same_context_conflict_is_not_silently_resolved (test_cash_scope.CashScopeTests.test_same_context_conflict_is_not_silently_resolved) ... ok
test_samsung_bio_annual_and_half_year_discontinued_cash_are_distinct (test_cash_scope.CashScopeTests.test_samsung_bio_annual_and_half_year_discontinued_cash_are_distinct) ... ok
test_separate_financials_with_opposite_sign_are_not_used (test_cash_scope.CashScopeTests.test_separate_financials_with_opposite_sign_are_not_used) ... ok
test_us_segment_cash_is_not_a_consolidated_discontinued_total (test_cash_scope.CashScopeTests.test_us_segment_cash_is_not_a_consolidated_discontinued_total) ... ok
test_corrupted_segment_fact_cannot_hide_behind_a_cached_total (test_celltrion_operating.CelltrionCandidateTests.test_corrupted_segment_fact_cannot_hide_behind_a_cached_total) ... ok
test_development_stage_gross_and_impairment_are_not_cash_purchases (test_celltrion_operating.CelltrionCandidateTests.test_development_stage_gross_and_impairment_are_not_cash_purchases) ... ok
test_financing_interest_is_not_already_in_cfo (test_celltrion_operating.CelltrionCandidateTests.test_financing_interest_is_not_already_in_cfo) ... ok
test_segment_gross_sales_and_internal_profit_have_separate_assumptions (test_celltrion_operating.CelltrionCandidateTests.test_segment_gross_sales_and_internal_profit_have_separate_assumptions) ... ok
test_source_revision_requires_new_review (test_celltrion_operating.CelltrionCandidateTests.test_source_revision_requires_new_review) ... ok
test_supplier_financing_net_flow_is_not_gross_repayment_or_other_transfer (test_celltrion_operating.CelltrionCandidateTests.test_supplier_financing_net_flow_is_not_gross_repayment_or_other_transfer) ... ok
test_three_cash_periods_preserve_the_change_of_working_capital_sign (test_celltrion_operating.CelltrionCandidateTests.test_three_cash_periods_preserve_the_change_of_working_capital_sign) ... ok
test_53_week_reporting_keeps_actual_dates (test_comparable.ComparableTests.test_53_week_reporting_keeps_actual_dates) ... ok
test_future_correction_cannot_change_asof_numbers (test_comparable.ComparableTests.test_future_correction_cannot_change_asof_numbers) ... ok
test_investment_definition_change_blocks_cash_comparison (test_comparable.ComparableTests.test_investment_definition_change_blocks_cash_comparison) ... ok
test_missing_year_does_not_fall_back_to_older_annual_report (test_comparable.ComparableTests.test_missing_year_does_not_fall_back_to_older_annual_report) ... ok
test_year_bridge_does_not_annualize_first_half (test_comparable.ComparableTests.test_year_bridge_does_not_annualize_first_half) ... ok
test_actual_amazon_values_retain_one_reporting_period (test_coverage.CoverageTests.test_actual_amazon_values_retain_one_reporting_period) ... ok
test_changed_investment_definition_withholds_margin_comparison (test_coverage.CoverageTests.test_changed_investment_definition_withholds_margin_comparison) ... ok
test_cross_market_peers_keep_accounting_and_period_cautions (test_coverage.CoverageTests.test_cross_market_peers_keep_accounting_and_period_cautions) ... ok
test_expanded_coverage_has_official_identity_provenance (test_coverage.CoverageTests.test_expanded_coverage_has_official_identity_provenance) ... ok
test_expanded_current_coverage_does_not_expand_old_performance_claims (test_coverage.CoverageTests.test_expanded_current_coverage_does_not_expand_old_performance_claims) ... ok
test_future_restatement_cannot_change_history (test_coverage.CoverageTests.test_future_restatement_cannot_change_history) ... ok
test_incomplete_latest_period_cannot_reuse_previous_period (test_coverage.CoverageTests.test_incomplete_latest_period_cannot_reuse_previous_period) ... ok
test_missing_growth_is_unknown_not_a_negative_observation (test_coverage.CoverageTests.test_missing_growth_is_unknown_not_a_negative_observation) ... ok
test_profit_identity_handles_loss_to_profit_without_growth_ratio (test_coverage.CoverageTests.test_profit_identity_handles_loss_to_profit_without_growth_ratio) ... ok
test_ttm_cash_cannot_be_paired_with_half_year_revenue (test_coverage.CoverageTests.test_ttm_cash_cannot_be_paired_with_half_year_revenue) ... ok
test_all_attempts_evaluation_keeps_invalid_responses_and_fails_gate (test_coverage_reasoning.CoverageReasoningTests.test_all_attempts_evaluation_keeps_invalid_responses_and_fails_gate) ... Evaluation cfo_growth: failed None
Evaluation capacity_hypothesis: failed None
Evaluation replacement_alternative: failed None
Evaluation future_discriminator: failed None
Evaluation reconciliation_missing: failed None
Evaluation principal_cash: failed None
Evaluation noncash_spending: failed None
Evaluation double_interest: failed None
Evaluation segment_scope: failed None
Evaluation invented_elimination: failed None
Evaluation provided_segment_missing: failed None
Evaluation normalized_cash: failed None
ok
test_all_companies_have_same_currency_fact_bound_inputs (test_coverage_reasoning.CoverageReasoningTests.test_all_companies_have_same_currency_fact_bound_inputs) ... ok
test_company_evaluation_cannot_reuse_receivable_protocol (test_coverage_reasoning.CoverageReasoningTests.test_company_evaluation_cannot_reuse_receivable_protocol) ... ok
test_critique_can_quote_input_numbers_without_allowing_numbers_in_notes (test_coverage_reasoning.CoverageReasoningTests.test_critique_can_quote_input_numbers_without_allowing_numbers_in_notes) ... ok
test_currency_corruption_and_nan_fail_before_inference (test_coverage_reasoning.CoverageReasoningTests.test_currency_corruption_and_nan_fail_before_inference) ... ok
test_dictionary_insertion_order_does_not_change_the_model_packet (test_coverage_reasoning.CoverageReasoningTests.test_dictionary_insertion_order_does_not_change_the_model_packet) ... ok
test_fact_and_business_changes_invalidate_notes (test_coverage_reasoning.CoverageReasoningTests.test_fact_and_business_changes_invalidate_notes) ... ok
test_model_cannot_forge_references_or_repeat_alternative (test_coverage_reasoning.CoverageReasoningTests.test_model_cannot_forge_references_or_repeat_alternative) ... ok
test_private_notes_removed_from_public_projection (test_coverage_reasoning.CoverageReasoningTests.test_private_notes_removed_from_public_projection) ... ok
test_synthetic_suite_is_balanced_and_ids_unique (test_coverage_reasoning.CoverageReasoningTests.test_synthetic_suite_is_balanced_and_ids_unique) ... ok
test_kt_annual_uses_its_own_original_caption (test_dart_mappings.ReviewedDartExtensionTests.test_kt_annual_uses_its_own_original_caption) ... ok
test_kt_current_preserves_reported_scope_and_comparatives (test_dart_mappings.ReviewedDartExtensionTests.test_kt_current_preserves_reported_scope_and_comparatives) ... ok
test_mapping_never_transfers_to_a_new_receipt_or_issuer (test_dart_mappings.ReviewedDartExtensionTests.test_mapping_never_transfers_to_a_new_receipt_or_issuer) ... ok
test_cash_requirement_known_perpetuity_and_discount_direction (test_dossier.DossierTests.test_cash_requirement_known_perpetuity_and_discount_direction) ... ok
test_critique_cannot_pass_a_challenged_claim (test_dossier.DossierTests.test_critique_cannot_pass_a_challenged_claim) ... ok
test_korean_notes_use_consolidated_reported_amounts_and_common_shares (test_dossier.DossierTests.test_korean_notes_use_consolidated_reported_amounts_and_common_shares) ... ok
test_micron_reported_cash_bridge_and_receivable_sign (test_dossier.DossierTests.test_micron_reported_cash_bridge_and_receivable_sign) ... ok
test_model_endpoint_cannot_use_external_host_or_credentials (test_dossier.DossierTests.test_model_endpoint_cannot_use_external_host_or_credentials) ... ok
test_public_payload_excludes_private_model_notes (test_dossier.DossierTests.test_public_payload_excludes_private_model_notes) ... ok
test_same_filing_required_and_conflicts_rejected (test_dossier.DossierTests.test_same_filing_required_and_conflicts_rejected) ... ok
test_unknown_reference_and_unverified_numeral_fail (test_dossier.DossierTests.test_unknown_reference_and_unverified_numeral_fail) ... ok
test_archived_annual_is_included_in_replay_sources (test_electromechanics_scope.ElectromechanicsScopeTests.test_archived_annual_is_included_in_replay_sources) ... ok
test_changed_xbrl_hash_does_not_inherit_sign_review (test_electromechanics_scope.ElectromechanicsScopeTests.test_changed_xbrl_hash_does_not_inherit_sign_review) ... ok
test_new_filing_does_not_inherit_the_review (test_electromechanics_scope.ElectromechanicsScopeTests.test_new_filing_does_not_inherit_the_review) ... ok
test_price_remains_held_and_models_receive_both_values_as_disputed (test_electromechanics_scope.ElectromechanicsScopeTests.test_price_remains_held_and_models_receive_both_values_as_disputed) ... ok
test_raw_narrative_dashes_and_investing_values_are_preserved (test_electromechanics_scope.ElectromechanicsScopeTests.test_raw_narrative_dashes_and_investing_values_are_preserved) ... ok
test_three_original_periods_have_opposite_signs_without_a_selected_value (test_electromechanics_scope.ElectromechanicsScopeTests.test_three_original_periods_have_opposite_signs_without_a_selected_value) ... ok
test_all_snapshot_facts_available_and_reconcilable (test_engine.ResearchContractTests.test_all_snapshot_facts_available_and_reconcilable) ... ok
test_dart_exception_does_not_reveal_credential (test_engine.ResearchContractTests.test_dart_exception_does_not_reveal_credential) ... ok
test_dart_latest_period_wins_over_late_older_period_correction (test_engine.ResearchContractTests.test_dart_latest_period_wins_over_late_older_period_correction) ... ok
test_every_historical_financial_fact_precedes_signal_day (test_engine.ResearchContractTests.test_every_historical_financial_fact_precedes_signal_day) ... ok
test_experiment_oracle_is_upper_bound_and_windows_do_not_overlap (test_engine.ResearchContractTests.test_experiment_oracle_is_upper_bound_and_windows_do_not_overlap) ... ok
test_failed_refresh_preserves_latest_complete_snapshot (test_engine.ResearchContractTests.test_failed_refresh_preserves_latest_complete_snapshot) ... Collect TEST
Snapshot: 0/1 companies; 2026-09-29-42a47d7c724b
ok
test_first_observation_is_not_regraded_against_a_later_period (test_engine.ResearchContractTests.test_first_observation_is_not_regraded_against_a_later_period) ... ok
test_fundamental_future_filings_cannot_change_historical_signal (test_engine.ResearchContractTests.test_fundamental_future_filings_cannot_change_historical_signal) ... ok
test_future_filing_excluded_and_restatement_asof (test_engine.ResearchContractTests.test_future_filing_excluded_and_restatement_asof) ... ok
test_future_observation_and_prediction_are_separate (test_engine.ResearchContractTests.test_future_observation_and_prediction_are_separate) ... ok
test_future_perturbation_does_not_change_past_signal (test_engine.ResearchContractTests.test_future_perturbation_does_not_change_past_signal) ... ok
test_hash_mismatch_rejected (test_engine.ResearchContractTests.test_hash_mismatch_rejected) ... ok
test_ledger_detects_tampering_and_register_is_idempotent (test_engine.ResearchContractTests.test_ledger_detects_tampering_and_register_is_idempotent) ... ok
test_online_refresh_cannot_silently_reuse_korean_filings_without_key (test_engine.ResearchContractTests.test_online_refresh_cannot_silently_reuse_korean_filings_without_key) ... ok
test_raw_dart_matches_independent_known_hynix_cells (test_engine.ResearchContractTests.test_raw_dart_matches_independent_known_hynix_cells) ... ok
test_registration_uses_the_filing_markets_calendar_date (test_engine.ResearchContractTests.test_registration_uses_the_filing_markets_calendar_date) ... ok
test_render_failure_does_not_publish_a_new_latest_snapshot (test_engine.ResearchContractTests.test_render_failure_does_not_publish_a_new_latest_snapshot) ... ok
test_signed_cash_and_negative_profit (test_engine.ResearchContractTests.test_signed_cash_and_negative_profit) ... ok
test_statement_matches_cumulative_period_not_latest_quarter (test_engine.ResearchContractTests.test_statement_matches_cumulative_period_not_latest_quarter) ... ok
test_wrong_duration_is_not_silently_used (test_engine.ResearchContractTests.test_wrong_duration_is_not_silently_used) ... ok
test_wrong_korean_issuer_is_rejected (test_engine.ResearchContractTests.test_wrong_korean_issuer_is_rejected) ... ok
test_all_sixty_curated_inputs_are_current_complete_and_bounded (test_filing_reading.FilingReadingTests.test_all_sixty_curated_inputs_are_current_complete_and_bounded) ... ok
test_claim_ids_cannot_escape_current_source_set (test_filing_reading.FilingReadingTests.test_claim_ids_cannot_escape_current_source_set) ... ok
test_editorial_findings_must_match_the_original_model_sentence (test_filing_reading.FilingReadingTests.test_editorial_findings_must_match_the_original_model_sentence) ... ok
test_incomplete_model_reply_stays_failed_and_is_archived (test_filing_reading.FilingReadingTests.test_incomplete_model_reply_stays_failed_and_is_archived) ... ok
test_kt_short_units_and_different_period_headers_are_original_context (test_filing_reading.FilingReadingTests.test_kt_short_units_and_different_period_headers_are_original_context) ... ok
test_new_filing_needs_new_source_selection (test_filing_reading.FilingReadingTests.test_new_filing_needs_new_source_selection) ... ok
test_prose_numbers_are_flagged_without_approving_or_discarding_text (test_filing_reading.FilingReadingTests.test_prose_numbers_are_flagged_without_approving_or_discarding_text) ... ok
test_short_caption_cannot_silently_change_currency_scale (test_filing_reading.FilingReadingTests.test_short_caption_cannot_silently_change_currency_scale) ... ok
test_expanded_coverage_never_reselects_the_original_forty (test_forward_study.ForwardStudyTests.test_expanded_coverage_never_reselects_the_original_forty) ... ok
test_frozen_selection_is_idempotent_and_future_only (test_forward_study.ForwardStudyTests.test_frozen_selection_is_idempotent_and_future_only) ... ok
test_known_future_window_cost_ablation_and_missing_member (test_forward_study.ForwardStudyTests.test_known_future_window_cost_ablation_and_missing_member) ... ok
test_bounded_wait_expires_without_starting_a_runtime (test_gpu_runtime.GpuRuntimeTests.test_bounded_wait_expires_without_starting_a_runtime) ... Waiting for GPU; other workloads unchanged
ok
test_expired_runtime_does_not_wait_again_for_each_company (test_gpu_runtime.GpuRuntimeTests.test_expired_runtime_does_not_wait_again_for_each_company) ... ok
test_failed_gpu_wait_never_sends_inference_even_with_zero_keep_alive (test_gpu_runtime.GpuRuntimeTests.test_failed_gpu_wait_never_sends_inference_even_with_zero_keep_alive) ... ok
test_first_real_request_waits_before_http_and_critic_reuses_runtime (test_gpu_runtime.GpuRuntimeTests.test_first_real_request_waits_before_http_and_critic_reuses_runtime) ... ok
test_idle_gpu_requires_memory_and_no_compute_process (test_gpu_runtime.GpuRuntimeTests.test_idle_gpu_requires_memory_and_no_compute_process) ... ok
test_large_allocation_and_missing_gpu_do_not_qualify (test_gpu_runtime.GpuRuntimeTests.test_large_allocation_and_missing_gpu_do_not_qualify) ... ok
test_metadata_and_unload_only_do_not_wait_or_load_a_gpu (test_gpu_runtime.GpuRuntimeTests.test_metadata_and_unload_only_do_not_wait_or_load_a_gpu) ... ok
test_negative_wait_is_rejected (test_gpu_runtime.GpuRuntimeTests.test_negative_wait_is_rejected) ... ok
test_probe_failure_is_not_an_idle_gpu (test_gpu_runtime.GpuRuntimeTests.test_probe_failure_is_not_an_idle_gpu) ... ok
test_waits_for_completion_without_mutating_other_processes (test_gpu_runtime.GpuRuntimeTests.test_waits_for_completion_without_mutating_other_processes) ... Waiting for GPU; other workloads unchanged
ok
test_changed_opening_share_scope_is_not_silently_accepted (test_hynix_capital.HynixCapitalTests.test_changed_opening_share_scope_is_not_silently_accepted) ... ok
test_completed_issue_does_not_add_both_adr_and_underlying (test_hynix_capital.HynixCapitalTests.test_completed_issue_does_not_add_both_adr_and_underlying) ... ok
test_known_later_changes_hold_price_but_preserve_opening_count (test_hynix_capital.HynixCapitalTests.test_known_later_changes_hold_price_but_preserve_opening_count) ... ok
test_later_filing_is_not_used_before_its_disclosure (test_hynix_capital.HynixCapitalTests.test_later_filing_is_not_used_before_its_disclosure) ... ok
test_altered_cash_sign_fails_against_original_table (test_hynix_operating.HynixOperatingTests.test_altered_cash_sign_fails_against_original_table) ... ok
test_annual_and_half_year_raw_pension_signs_differ (test_hynix_operating.HynixOperatingTests.test_annual_and_half_year_raw_pension_signs_differ) ... ok
test_future_starts_from_operating_profit_and_keeps_sbc_cost (test_hynix_operating.HynixOperatingTests.test_future_starts_from_operating_profit_and_keeps_sbc_cost) ... ok
test_margin_decline_and_higher_investment_have_separate_cash_effects (test_hynix_operating.HynixOperatingTests.test_margin_decline_and_higher_investment_have_separate_cash_effects) ... ok
test_missing_adjustment_cannot_be_filled_with_zero (test_hynix_operating.HynixOperatingTests.test_missing_adjustment_cannot_be_filled_with_zero) ... ok
test_new_corpus_cannot_inherit_review (test_hynix_operating.HynixOperatingTests.test_new_corpus_cannot_inherit_review) ... ok
test_purchase_commitment_is_not_current_cash_investment (test_hynix_operating.HynixOperatingTests.test_purchase_commitment_is_not_current_cash_investment) ... ok
test_three_original_cash_tables_reconcile_independently (test_hynix_operating.HynixOperatingTests.test_three_original_cash_tables_reconcile_independently) ... ok
test_all_periods_reconcile_segment_sales_profits_and_cash (test_innotek_operating.InnotekOperatingTests.test_all_periods_reconcile_segment_sales_profits_and_cash) ... ok
test_cash_depreciation_difference_and_unknown_compensation_are_preserved (test_innotek_operating.InnotekOperatingTests.test_cash_depreciation_difference_and_unknown_compensation_are_preserved) ... ok
test_customer_disclosures_remain_two_values_without_an_invented_name (test_innotek_operating.InnotekOperatingTests.test_customer_disclosures_remain_two_values_without_an_invented_name) ... ok
test_future_cash_is_sensitive_to_operating_funding_and_reinvestment_assumptions (test_innotek_operating.InnotekOperatingTests.test_future_cash_is_sensitive_to_operating_funding_and_reinvestment_assumptions) ... ok
test_net_trade_receivables_and_trade_payables_exclude_other_balances (test_innotek_operating.InnotekOperatingTests.test_net_trade_receivables_and_trade_payables_exclude_other_balances) ... ok
test_new_source_cannot_inherit_this_interpretation (test_innotek_operating.InnotekOperatingTests.test_new_source_cannot_inherit_this_interpretation) ... ok
test_original_financial_expense_sign_is_converted_once (test_innotek_operating.InnotekOperatingTests.test_original_financial_expense_sign_is_converted_once) ... ok
test_receivable_inventory_and_payable_cash_movements_do_not_hide_the_residual (test_innotek_operating.InnotekOperatingTests.test_receivable_inventory_and_payable_cash_movements_do_not_hide_the_residual) ... ok
test_a_single_pretax_margin_change_recalculates_income_and_tax_without_interest (test_jnj_operating.JnjOperatingTests.test_a_single_pretax_margin_change_recalculates_income_and_tax_without_interest) ... ok
test_amortization_addback_keeps_broader_cash_reinvestment_and_sbc_cost (test_jnj_operating.JnjOperatingTests.test_amortization_addback_keeps_broader_cash_reinvestment_and_sbc_cost) ... ok
test_cash_reconciles_three_periods_without_removing_the_same_talc_reversal_twice (test_jnj_operating.JnjOperatingTests.test_cash_reconciles_three_periods_without_removing_the_same_talc_reversal_twice) ... ok
test_interest_cannot_be_deducted_again_or_mixed_with_operating_profit_paths (test_jnj_operating.JnjOperatingTests.test_interest_cannot_be_deducted_again_or_mixed_with_operating_profit_paths) ... ok
test_new_narrative_or_modified_current_cash_requires_fresh_review (test_jnj_operating.JnjOperatingTests.test_new_narrative_or_modified_current_cash_requires_fresh_review) ... ok
test_pretax_income_is_preserved_in_each_year_and_segment (test_jnj_operating.JnjOperatingTests.test_pretax_income_is_preserved_in_each_year_and_segment) ... ok
test_working_capital_proxy_excludes_other_assets_liabilities_and_collateral (test_jnj_operating.JnjOperatingTests.test_working_capital_proxy_excludes_other_assets_liabilities_and_collateral) ... ok
test_cash_and_each_provision_period_reconcile_with_original_amounts (test_kia_operating.KiaOperatingTests.test_cash_and_each_provision_period_reconcile_with_original_amounts) ... ok
test_extra_warranty_use_reduces_cash_once_without_changing_reported_margin (test_kia_operating.KiaOperatingTests.test_extra_warranty_use_reduces_cash_once_without_changing_reported_margin) ... ok
test_half_year_proxy_excludes_warranty_and_annual_cash_includes_intangibles (test_kia_operating.KiaOperatingTests.test_half_year_proxy_excludes_warranty_and_annual_cash_includes_intangibles) ... ok
test_source_change_or_offsetting_period_errors_do_not_pass (test_kia_operating.KiaOperatingTests.test_source_change_or_offsetting_period_errors_do_not_pass) ... ok
test_only_identified_finance_lease_principal_is_deducted (test_lam_operating.LamOperatingTests.test_only_identified_finance_lease_principal_is_deducted) ... ok
test_reported_annual_cash_and_comparative_year_are_separate (test_lam_operating.LamOperatingTests.test_reported_annual_cash_and_comparative_year_are_separate) ... ok
test_research_cost_and_warranty_changes_both_affect_cash (test_lam_operating.LamOperatingTests.test_research_cost_and_warranty_changes_both_affect_cash) ... ok
test_single_segment_gross_profit_is_not_service_operating_income (test_lam_operating.LamOperatingTests.test_single_segment_gross_profit_is_not_service_operating_income) ... ok
test_source_changes_and_wrong_cash_or_reserve_signs_fail (test_lam_operating.LamOperatingTests.test_source_changes_and_wrong_cash_or_reserve_signs_fail) ... ok
test_warranty_beginning_precedes_the_fiscal_period (test_lam_operating.LamOperatingTests.test_warranty_beginning_precedes_the_fiscal_period) ... ok
test_warranty_settlement_replaces_accrual_without_repeating_working_cash (test_lam_operating.LamOperatingTests.test_warranty_settlement_replaces_accrual_without_repeating_working_cash) ... ok
test_absent_lease_is_not_zero_and_new_filing_requires_review (test_meta_operating.MetaOperatingTests.test_absent_lease_is_not_zero_and_new_filing_requires_review) ... ok
test_advertising_profit_does_not_hide_reality_labs_losses_or_rights (test_meta_operating.MetaOperatingTests.test_advertising_profit_does_not_hide_reality_labs_losses_or_rights) ... ok
test_cash_statement_not_replaced_by_tax_note_amount (test_meta_operating.MetaOperatingTests.test_cash_statement_not_replaced_by_tax_note_amount) ... ok
test_half_year_tax_benefit_is_not_a_negative_permanent_tax_assumption (test_meta_operating.MetaOperatingTests.test_half_year_tax_benefit_is_not_a_negative_permanent_tax_assumption) ... ok
test_lease_capex_and_only_ppe_depreciation_are_separate (test_meta_operating.MetaOperatingTests.test_lease_capex_and_only_ppe_depreciation_are_separate) ... ok
test_three_period_cash_statements_reconcile_individually (test_meta_operating.MetaOperatingTests.test_three_period_cash_statements_reconcile_individually) ... ok
test_all_periods_and_recast_segments_reconcile (test_micron_operating.MicronOperatingTests.test_all_periods_and_recast_segments_reconcile) ... ok
test_changed_sources_cannot_inherit_the_review (test_micron_operating.MicronOperatingTests.test_changed_sources_cannot_inherit_the_review) ... ok
test_every_displayed_cash_adjustment_links_its_original_periods (test_micron_operating.MicronOperatingTests.test_every_displayed_cash_adjustment_links_its_original_periods) ... ok
test_historical_incentives_are_not_silently_netted_from_future_capex (test_micron_operating.MicronOperatingTests.test_historical_incentives_are_not_silently_netted_from_future_capex) ... ok
test_missing_current_lease_and_ppe_remain_missing (test_micron_operating.MicronOperatingTests.test_missing_current_lease_and_ppe_remain_missing) ... ok
test_noncurrent_tax_timing_does_not_become_customer_funding (test_micron_operating.MicronOperatingTests.test_noncurrent_tax_timing_does_not_become_customer_funding) ... ok
test_opposite_cash_errors_cannot_cancel_across_periods (test_micron_operating.MicronOperatingTests.test_opposite_cash_errors_cannot_cancel_across_periods) ... ok
test_segment_margin_stress_has_a_separate_tax_effect (test_micron_operating.MicronOperatingTests.test_segment_margin_stress_has_a_separate_tax_effect) ... ok
test_future_proxy_does_not_substitute_gross_settlement_or_dividend_cash (test_mobis_operating.MobisOperatingTests.test_future_proxy_does_not_substitute_gross_settlement_or_dividend_cash) ... ok
test_individual_cash_and_warranty_sign_errors_are_detected (test_mobis_operating.MobisOperatingTests.test_individual_cash_and_warranty_sign_errors_are_detected) ... ok
test_internal_sales_and_reported_profit_removal_are_separate (test_mobis_operating.MobisOperatingTests.test_internal_sales_and_reported_profit_removal_are_separate) ... ok
test_period_cash_and_consolidation_reconcile_before_trailing (test_mobis_operating.MobisOperatingTests.test_period_cash_and_consolidation_reconcile_before_trailing) ... ok
test_reserve_usage_is_not_the_cash_statement_adjustment (test_mobis_operating.MobisOperatingTests.test_reserve_usage_is_not_the_cash_statement_adjustment) ... ok
test_trade_proxy_excludes_reimbursements_pensions_and_warranty (test_mobis_operating.MobisOperatingTests.test_trade_proxy_excludes_reimbursements_pensions_and_warranty) ... ok
test_archived_corpus_hash_is_reproducible_and_source_bound (test_narrative.NarrativeTests.test_archived_corpus_hash_is_reproducible_and_source_bound) ... ok
test_hidden_filing_content_is_excluded_and_inline_text_preserved (test_narrative.NarrativeTests.test_hidden_filing_content_is_excluded_and_inline_text_preserved) ... ok
test_memory_cash_excludes_received_dividends_only_once (test_narrative.NarrativeTests.test_memory_cash_excludes_received_dividends_only_once) ... ok
test_memory_sensitivity_uses_product_not_sum_of_price_and_volume (test_narrative.NarrativeTests.test_memory_sensitivity_uses_product_not_sum_of_price_and_volume) ... ok
test_micron_products_and_segments_reconcile_but_remain_distinct_axes (test_narrative.NarrativeTests.test_micron_products_and_segments_reconcile_but_remain_distinct_axes) ... ok
test_new_filing_does_not_reuse_prior_management_text (test_narrative.NarrativeTests.test_new_filing_does_not_reuse_prior_management_text) ... ok
test_table_rows_retain_cell_separation_without_becoming_prose (test_narrative.NarrativeTests.test_table_rows_retain_cell_separation_without_becoming_prose) ... ok
test_asset_is_added_once_without_changing_operating_cash_or_tax (test_naver_investments.NaverInvestmentTests.test_asset_is_added_once_without_changing_operating_cash_or_tax) ... ok
test_invalid_values_and_missing_field_are_rejected (test_naver_investments.NaverInvestmentTests.test_invalid_values_and_missing_field_are_rejected) ... ok
test_margin_root_uses_the_market_remainder_and_not_twice_the_asset (test_naver_investments.NaverInvestmentTests.test_margin_root_uses_the_market_remainder_and_not_twice_the_asset) ... ok
test_missing_investment_value_never_means_zero_or_growth_failure (test_naver_investments.NaverInvestmentTests.test_missing_investment_value_never_means_zero_or_growth_failure) ... ok
test_original_book_movement_includes_the_small_other_change (test_naver_investments.NaverInvestmentTests.test_original_book_movement_includes_the_small_other_change) ... ok
test_security_and_nonpositive_market_remainder_keep_their_holds (test_naver_investments.NaverInvestmentTests.test_security_and_nonpositive_market_remainder_keep_their_holds) ... ok
test_annual_trade_proxy_excludes_customer_financing_and_preserves_missing_sbc (test_naver_operating.NaverOperatingTests.test_annual_trade_proxy_excludes_customer_financing_and_preserves_missing_sbc) ... ok
test_assets_leases_and_cash_interest_have_distinct_paths (test_naver_operating.NaverOperatingTests.test_assets_leases_and_cash_interest_have_distinct_paths) ... ok
test_minority_loss_is_not_repeated_and_positive_burden_is_deducted_once (test_naver_operating.NaverOperatingTests.test_minority_loss_is_not_repeated_and_positive_burden_is_deducted_once) ... ok
test_one_reportable_segment_does_not_invent_service_profit (test_naver_operating.NaverOperatingTests.test_one_reportable_segment_does_not_invent_service_profit) ... ok
test_restricted_customer_funds_are_balances_not_an_added_equity_asset (test_naver_operating.NaverOperatingTests.test_restricted_customer_funds_are_balances_not_an_added_equity_asset) ... ok
test_source_revision_requires_a_new_review (test_naver_operating.NaverOperatingTests.test_source_revision_requires_a_new_review) ... ok
test_three_cash_periods_reconcile_without_inventing_interim_adjustments (test_naver_operating.NaverOperatingTests.test_three_cash_periods_reconcile_without_inventing_interim_adjustments) ... ok
test_cash_bridge_uses_exact_thousand_dollar_rows_and_signs (test_netflix_operating.NetflixOperatingTests.test_cash_bridge_uses_exact_thousand_dollar_rows_and_signs) ... ok
test_content_payment_uses_cash_adjustment_not_balance_change (test_netflix_operating.NetflixOperatingTests.test_content_payment_uses_cash_adjustment_not_balance_change) ... ok
test_content_sensitivity_changes_cash_once_without_rewriting_source (test_netflix_operating.NetflixOperatingTests.test_content_sensitivity_changes_cash_once_without_rewriting_source) ... ok
test_content_zero_is_explicit_and_missing_or_invalid_is_rejected (test_netflix_operating.NetflixOperatingTests.test_content_zero_is_explicit_and_missing_or_invalid_is_rejected) ... ok
test_historical_content_cash_is_not_subtracted_twice (test_netflix_operating.NetflixOperatingTests.test_historical_content_cash_is_not_subtracted_twice) ... ok
test_new_source_requires_fee_and_content_review (test_netflix_operating.NetflixOperatingTests.test_new_source_requires_fee_and_content_review) ... ok
test_obligations_include_recognized_amount_and_unknown_future_titles (test_netflix_operating.NetflixOperatingTests.test_obligations_include_recognized_amount_and_unknown_future_titles) ... ok
test_receivable_scope_is_checked_against_original_caption (test_netflix_operating.NetflixOperatingTests.test_receivable_scope_is_checked_against_original_caption) ... ok
test_terminal_content_payment_and_warning_include_separate_content (test_netflix_operating.NetflixOperatingTests.test_terminal_content_payment_and_warning_include_separate_content) ... ok
test_termination_fee_is_not_removed_again_from_operating_margin (test_netflix_operating.NetflixOperatingTests.test_termination_fee_is_not_removed_again_from_operating_margin) ... ok
test_hold_is_bound_to_original_sentence_and_cannot_approve_it (test_note_audit.NoteAuditTests.test_hold_is_bound_to_original_sentence_and_cannot_approve_it) ... ok
test_modified_record_or_empty_reason_cannot_enter_ledger (test_note_audit.NoteAuditTests.test_modified_record_or_empty_reason_cannot_enter_ledger) ... ok
test_new_inference_does_not_inherit_a_previous_sentence_hold (test_note_audit.NoteAuditTests.test_new_inference_does_not_inherit_a_previous_sentence_hold) ... ok
test_all_original_periods_reconcile_before_trailing_combination (test_nvidia_operating.NvidiaOperatingTests.test_all_original_periods_reconcile_before_trailing_combination) ... ok
test_contract_totals_do_not_become_one_year_cash_spending (test_nvidia_operating.NvidiaOperatingTests.test_contract_totals_do_not_become_one_year_cash_spending) ... ok
test_corporate_costs_keep_sbc_expensed_once_in_future (test_nvidia_operating.NvidiaOperatingTests.test_corporate_costs_keep_sbc_expensed_once_in_future) ... ok
test_corporate_stress_and_tax_recalculate_every_year (test_nvidia_operating.NvidiaOperatingTests.test_corporate_stress_and_tax_recalculate_every_year) ... ok
test_financed_asset_payment_is_not_a_verified_total_lease_payment (test_nvidia_operating.NvidiaOperatingTests.test_financed_asset_payment_is_not_a_verified_total_lease_payment) ... ok
test_long_liability_cash_is_not_called_customer_advances (test_nvidia_operating.NvidiaOperatingTests.test_long_liability_cash_is_not_called_customer_advances) ... ok
test_mutated_cash_component_and_new_corpus_do_not_inherit_review (test_nvidia_operating.NvidiaOperatingTests.test_mutated_cash_component_and_new_corpus_do_not_inherit_review) ... ok
test_primary_tax_amount_is_not_replaced_by_rounded_narrative (test_nvidia_operating.NvidiaOperatingTests.test_primary_tax_amount_is_not_replaced_by_rounded_narrative) ... ok
test_currency_scale_does_not_create_a_relative_margin_advantage (test_operating_comparison.OperatingComparisonTests.test_currency_scale_does_not_create_a_relative_margin_advantage) ... ok
test_negative_cash_paths_are_not_zero_valuations_or_automatic_opinions (test_operating_comparison.OperatingComparisonTests.test_negative_cash_paths_are_not_zero_valuations_or_automatic_opinions) ... ok
test_only_reconciled_company_models_support_a_paired_cash_comparison (test_operating_comparison.OperatingComparisonTests.test_only_reconciled_company_models_support_a_paired_cash_comparison) ... ok
test_price_change_changes_the_contract_and_missing_model_stays_missing (test_operating_comparison.OperatingComparisonTests.test_price_change_changes_the_contract_and_missing_model_stays_missing) ... ok
test_above_range_is_not_extrapolated (test_operating_inverse.OperatingInverseTests.test_above_range_is_not_extrapolated) ... ok
test_each_solution_changes_only_its_own_margin_and_recomputes_taxes (test_operating_inverse.OperatingInverseTests.test_each_solution_changes_only_its_own_margin_and_recomputes_taxes) ... ok
test_invalid_other_assumptions_fail_before_inversion (test_operating_inverse.OperatingInverseTests.test_invalid_other_assumptions_fail_before_inversion) ... ok
test_recover_known_business_margin_by_matching_its_whole_cash_value (test_operating_inverse.OperatingInverseTests.test_recover_known_business_margin_by_matching_its_whole_cash_value) ... ok
test_signed_root_with_negative_terminal_cash_is_not_a_valuation (test_operating_inverse.OperatingInverseTests.test_signed_root_with_negative_terminal_cash_is_not_a_valuation) ... ok
test_unresolved_security_never_becomes_an_implied_price (test_operating_inverse.OperatingInverseTests.test_unresolved_security_never_becomes_an_implied_price) ... ok
test_zeroed_product_does_not_create_an_identified_margin (test_operating_inverse.OperatingInverseTests.test_zeroed_product_does_not_create_an_identified_margin) ... ok
test_case_uses_filing_bound_business_countercase_and_issuer_model (test_operating_judgment.OperatingJudgmentTests.test_case_uses_filing_bound_business_countercase_and_issuer_model) ... ok
test_cash_definition_hold_is_not_misreported_as_share_rights (test_operating_judgment.OperatingJudgmentTests.test_cash_definition_hold_is_not_misreported_as_share_rights) ... ok
test_cash_scope_hold_has_priority_even_with_existing_model (test_operating_judgment.OperatingJudgmentTests.test_cash_scope_hold_has_priority_even_with_existing_model) ... ok
test_lower_price_is_only_an_assumption_review_not_an_approved_preference (test_operating_judgment.OperatingJudgmentTests.test_lower_price_is_only_an_assumption_review_not_an_approved_preference) ... ok
test_negative_cash_and_security_hold_are_different_states (test_operating_judgment.OperatingJudgmentTests.test_negative_cash_and_security_hold_are_different_states) ... ok
test_terminal_requirement_reconciles_market_after_explicit_years (test_operating_judgment.OperatingJudgmentTests.test_terminal_requirement_reconciles_market_after_explicit_years) ... ok
test_actual_source_bridge_has_no_unexplained_cash (test_operating_model.OperatingModelTests.test_actual_source_bridge_has_no_unexplained_cash) ... ok
test_business_growth_and_reinvestment_have_distinct_effects (test_operating_model.OperatingModelTests.test_business_growth_and_reinvestment_have_distinct_effects) ... ok
test_missing_invalid_and_negative_paths_do_not_become_zero_values (test_operating_model.OperatingModelTests.test_missing_invalid_and_negative_paths_do_not_become_zero_values) ... ok
test_required_terminal_cash_reconciles_observed_market_cap (test_operating_model.OperatingModelTests.test_required_terminal_cash_reconciles_observed_market_cap) ... ok
test_unsupported_or_new_filing_requires_new_source_review (test_operating_model.OperatingModelTests.test_unsupported_or_new_filing_requires_new_source_review) ... ok
test_zero_growth_cash_uses_business_profits_not_reported_cfo (test_operating_model.OperatingModelTests.test_zero_growth_cash_uses_business_profits_not_reported_cfo) ... ok
test_capex_exceeding_revenue_is_not_clipped_or_converted_to_zero_value (test_oracle_operating.OracleOperatingTests.test_capex_exceeding_revenue_is_not_clipped_or_converted_to_zero_value) ... ok
test_customer_financing_adjustment_is_not_gross_receipts_or_normal_cash (test_oracle_operating.OracleOperatingTests.test_customer_financing_adjustment_is_not_gross_receipts_or_normal_cash) ... ok
test_each_period_and_three_segments_reconcile_before_trailing_combination (test_oracle_operating.OracleOperatingTests.test_each_period_and_three_segments_reconcile_before_trailing_combination) ... ok
test_expanded_capex_bound_does_not_expand_other_assumptions (test_oracle_operating.OracleOperatingTests.test_expanded_capex_bound_does_not_expand_other_assumptions) ... ok
test_finance_lease_total_less_accrued_interest_is_only_a_proxy (test_oracle_operating.OracleOperatingTests.test_finance_lease_total_less_accrued_interest_is_only_a_proxy) ... ok
test_missing_financing_balance_is_not_an_observed_zero_and_positive_path_still_holds_price (test_oracle_operating.OracleOperatingTests.test_missing_financing_balance_is_not_an_observed_zero_and_positive_path_still_holds_price) ... ok
test_new_filing_requires_new_source_review (test_oracle_operating.OracleOperatingTests.test_new_filing_requires_new_source_review) ... ok
test_other_models_keep_the_original_capex_bound (test_oracle_operating.OracleOperatingTests.test_other_models_keep_the_original_capex_bound) ... ok
test_associates_book_and_july_rights_are_not_repeated_operating_cash (test_orion_operating.OrionOperatingTests.test_associates_book_and_july_rights_are_not_repeated_operating_cash) ... ok
test_depreciation_and_minority_do_not_add_associate_losses (test_orion_operating.OrionOperatingTests.test_depreciation_and_minority_do_not_add_associate_losses) ... ok
test_exact_cash_bridge_preserves_all_three_periods (test_orion_operating.OrionOperatingTests.test_exact_cash_bridge_preserves_all_three_periods) ... ok
test_geographies_use_same_half_year_and_not_fictitious_profits (test_orion_operating.OrionOperatingTests.test_geographies_use_same_half_year_and_not_fictitious_profits) ... ok
test_interest_cost_and_lease_principal_have_separate_cash_effects (test_orion_operating.OrionOperatingTests.test_interest_cost_and_lease_principal_have_separate_cash_effects) ... ok
test_negative_acquisition_arithmetic_is_not_cash_release (test_orion_operating.OrionOperatingTests.test_negative_acquisition_arithmetic_is_not_cash_release) ... ok
test_new_filings_and_past_dates_require_new_review (test_orion_operating.OrionOperatingTests.test_new_filings_and_past_dates_require_new_review) ... ok
test_both_sides_have_current_original_passages_and_no_investment_approval (test_peer_studies.PeerStudiesTests.test_both_sides_have_current_original_passages_and_no_investment_approval) ... ok
test_either_changed_filing_invalidates_the_whole_pair (test_peer_studies.PeerStudiesTests.test_either_changed_filing_invalidates_the_whole_pair) ... ok
test_book_charge_cash_acquisition_and_legal_reserve_are_distinct (test_pharma_comparison.PharmaComparisonTests.test_book_charge_cash_acquisition_and_legal_reserve_are_distinct) ... ok
test_cash_growth_reconciles_but_does_not_prove_collection_improvement (test_pharma_comparison.PharmaComparisonTests.test_cash_growth_reconciles_but_does_not_prove_collection_improvement) ... ok
test_changed_source_and_future_or_reclassified_period_require_review (test_pharma_comparison.PharmaComparisonTests.test_changed_source_and_future_or_reclassified_period_require_review) ... ok
test_product_scope_keeps_rounding_and_unknown_counterparty_sales (test_pharma_comparison.PharmaComparisonTests.test_product_scope_keeps_rounding_and_unknown_counterparty_sales) ... ok
test_profit_decline_is_not_assigned_to_product_loss (test_pharma_comparison.PharmaComparisonTests.test_profit_decline_is_not_assigned_to_product_loss) ... ok
test_wrong_cash_sign_or_duplicate_geography_cannot_silently_reconcile (test_pharma_comparison.PharmaComparisonTests.test_wrong_cash_sign_or_duplicate_geography_cannot_silently_reconcile) ... ok
test_clean_runner_storage_does_not_reset_existing_history (test_publication.PublicationTests.test_clean_runner_storage_does_not_reset_existing_history) ... ok
test_public_projection_removes_workstation_paths_without_changing_analysis (test_publication.PublicationTests.test_public_projection_removes_workstation_paths_without_changing_analysis) ... ok
test_static_artifact_detects_changed_and_unlisted_files (test_publication.PublicationTests.test_static_artifact_detects_changed_and_unlisted_files) ... ok
test_static_artifact_rejects_backend_dependency_and_missing_asset (test_publication.PublicationTests.test_static_artifact_rejects_backend_dependency_and_missing_asset) ... ok
test_static_artifact_rejects_symlink_to_workspace (test_publication.PublicationTests.test_static_artifact_rejects_symlink_to_workspace) ... ok
test_changed_source_and_early_dates_require_review (test_qualcomm_operating.QualcommOperatingTests.test_changed_source_and_early_dates_require_review) ... ok
test_chips_licensing_and_nonreportable_segments_are_different (test_qualcomm_operating.QualcommOperatingTests.test_chips_licensing_and_nonreportable_segments_are_different) ... ok
test_historical_licensing_settlement_is_not_deleted (test_qualcomm_operating.QualcommOperatingTests.test_historical_licensing_settlement_is_not_deleted) ... ok
test_investment_gains_excluded_but_qsi_cost_retained (test_qualcomm_operating.QualcommOperatingTests.test_investment_gains_excluded_but_qsi_cost_retained) ... ok
test_investment_scope_and_missing_lease_are_explicit (test_qualcomm_operating.QualcommOperatingTests.test_investment_scope_and_missing_lease_are_explicit) ... ok
test_period_tax_benefit_is_not_future_tax_rate (test_qualcomm_operating.QualcommOperatingTests.test_period_tax_benefit_is_not_future_tax_rate) ... ok
test_three_period_cash_reconciles_with_actual_other_item_sign (test_qualcomm_operating.QualcommOperatingTests.test_three_period_cash_reconciles_with_actual_other_item_sign) ... ok
test_applicable_designs_retain_financial_and_security_scope (test_questions.QuestionSelectionTests.test_applicable_designs_retain_financial_and_security_scope) ... ok
test_archived_response_is_exact_and_new_source_identity_makes_it_stale (test_questions.QuestionSelectionTests.test_archived_response_is_exact_and_new_source_identity_makes_it_stale) ... ok
test_failed_inference_is_visible_and_not_replaced_with_a_default_choice (test_questions.QuestionSelectionTests.test_failed_inference_is_visible_and_not_replaced_with_a_default_choice) ... ok
test_model_cannot_write_a_cause_or_choose_unknown_duplicate_scope (test_questions.QuestionSelectionTests.test_model_cannot_write_a_cause_or_choose_unknown_duplicate_scope) ... ok
test_new_price_conditions_invalidate_previous_selection_input (test_questions.QuestionSelectionTests.test_new_price_conditions_invalidate_previous_selection_input) ... ok
test_private_selection_is_removed_from_public_projection (test_questions.QuestionSelectionTests.test_private_selection_is_removed_from_public_projection) ... ok
test_prompt_does_not_require_model_to_reproduce_filing_facts (test_questions.QuestionSelectionTests.test_prompt_does_not_require_model_to_reproduce_filing_facts) ... ok
test_criticism_must_match_each_exact_sentence_once (test_reasoning.ReasoningTests.test_criticism_must_match_each_exact_sentence_once) ... ok
test_evaluation_rejects_tampering_before_returning_results (test_reasoning.ReasoningTests.test_evaluation_rejects_tampering_before_returning_results) ... ok
test_explicit_uncertainty_is_necessary_but_not_sufficient (test_reasoning.ReasoningTests.test_explicit_uncertainty_is_necessary_but_not_sufficient) ... ok
test_failed_json_or_truncated_response_is_archived (test_reasoning.ReasoningTests.test_failed_json_or_truncated_response_is_archived) ... ok
test_gate_rejects_a_different_runtime_or_changed_protocol (test_reasoning.ReasoningTests.test_gate_rejects_a_different_runtime_or_changed_protocol) ... ok
test_generation_and_self_review_cannot_bypass_missing_evaluation (test_reasoning.ReasoningTests.test_generation_and_self_review_cannot_bypass_missing_evaluation) ... ok
test_missing_period_cannot_become_a_full_input_packet (test_reasoning.ReasoningTests.test_missing_period_cannot_become_a_full_input_packet) ... ok
test_model_cannot_choose_or_forge_observation_citations (test_reasoning.ReasoningTests.test_model_cannot_choose_or_forge_observation_citations) ... ok
test_observation_cannot_pass_as_a_conditional_guess (test_reasoning.ReasoningTests.test_observation_cannot_pass_as_a_conditional_guess) ... ok
test_signed_observations_do_not_invent_a_cause (test_reasoning.ReasoningTests.test_signed_observations_do_not_invent_a_cause) ... ok
test_condition_and_prediction_are_separate_with_source_evidence (test_receivables.ReceivableTests.test_condition_and_prediction_are_separate_with_source_evidence) ... ok
test_dates_not_context_names_and_unrelated_dimensions_rejected (test_receivables.ReceivableTests.test_dates_not_context_names_and_unrelated_dimensions_rejected) ... ok
test_future_amendment_and_wrong_currency_block_condition_grading (test_receivables.ReceivableTests.test_future_amendment_and_wrong_currency_block_condition_grading) ... ok
test_future_restatement_cannot_change_a_selected_balance (test_receivables.ReceivableTests.test_future_restatement_cannot_change_a_selected_balance) ... ok
test_hynix_gross_impairment_and_net_have_matching_dimensions (test_receivables.ReceivableTests.test_hynix_gross_impairment_and_net_have_matching_dimensions) ... ok
test_inconsistent_gross_net_is_rejected_instead_of_relabelled (test_receivables.ReceivableTests.test_inconsistent_gross_net_is_rejected_instead_of_relabelled) ... ok
test_micron_trade_and_total_scope_are_not_interchangeable (test_receivables.ReceivableTests.test_micron_trade_and_total_scope_are_not_interchangeable) ... ok
test_missing_balance_and_changed_contract_remain_unresolved (test_receivables.ReceivableTests.test_missing_balance_and_changed_contract_remain_unresolved) ... ok
test_missing_opening_balance_is_not_zero_or_comparable_period (test_receivables.ReceivableTests.test_missing_opening_balance_is_not_zero_or_comparable_period) ... ok
test_model_receives_available_allowance_and_correct_remaining_gaps (test_receivables.ReceivableTests.test_model_receives_available_allowance_and_correct_remaining_gaps) ... ok
test_registration_keeps_original_baseline_on_repeated_runs (test_receivables.ReceivableTests.test_registration_keeps_original_baseline_on_repeated_runs) ... ok
test_same_local_day_and_previously_known_filing_are_not_future_scores (test_receivables.ReceivableTests.test_same_local_day_and_previously_known_filing_are_not_future_scores) ... ok
test_business_condition_tracks_a_named_segment_without_forecasting (test_research_case.ResearchCaseTests.test_business_condition_tracks_a_named_segment_without_forecasting) ... ok
test_different_investment_definitions_hold_cash_ranking (test_research_case.ResearchCaseTests.test_different_investment_definitions_hold_cash_ranking) ... ok
test_journal_is_idempotent_and_keeps_revisions (test_research_case.ResearchCaseTests.test_journal_is_idempotent_and_keeps_revisions) ... ok
test_missing_peer_data_never_becomes_zero_or_a_negative_view (test_research_case.ResearchCaseTests.test_missing_peer_data_never_becomes_zero_or_a_negative_view) ... ok
test_peer_comparison_uses_actual_trailing_year_and_preserves_scope (test_research_case.ResearchCaseTests.test_peer_comparison_uses_actual_trailing_year_and_preserves_scope) ... ok
test_same_day_and_old_period_cannot_be_scored (test_research_case.ResearchCaseTests.test_same_day_and_old_period_cannot_be_scored) ... ok
test_segment_scope_change_is_unresolved_not_a_bad_prediction (test_research_case.ResearchCaseTests.test_segment_scope_change_is_unresolved_not_a_bad_prediction) ... ok
test_attachment_correction_does_not_replace_annual_financials (test_research_view.ResearchViewTests.test_attachment_correction_does_not_replace_annual_financials) ... ok
test_cash_conditions_do_not_generate_an_investment_preference (test_research_view.ResearchViewTests.test_cash_conditions_do_not_generate_an_investment_preference) ... ok
test_missing_growth_is_data_gap_not_negative (test_research_view.ResearchViewTests.test_missing_growth_is_data_gap_not_negative) ... ok
test_share_class_gaps_keep_price_unresolved (test_research_view.ResearchViewTests.test_share_class_gaps_keep_price_unresolved) ... ok
test_all_periods_cash_and_product_economics_reconcile (test_salesforce_operating.SalesforceOperatingTests.test_all_periods_cash_and_product_economics_reconcile) ... ok
test_commissions_are_subtracted_once_and_excluded_from_working_stock (test_salesforce_operating.SalesforceOperatingTests.test_commissions_are_subtracted_once_and_excluded_from_working_stock) ... ok
test_current_contractual_interest_replaces_old_debt_cost (test_salesforce_operating.SalesforceOperatingTests.test_current_contractual_interest_replaces_old_debt_cost) ... ok
test_financing_cash_statement_is_not_replaced_by_narrow_lease_note (test_salesforce_operating.SalesforceOperatingTests.test_financing_cash_statement_is_not_replaced_by_narrow_lease_note) ... ok
test_new_filing_cannot_inherit_contract_interpretation (test_salesforce_operating.SalesforceOperatingTests.test_new_filing_cannot_inherit_contract_interpretation) ... ok
test_positive_cash_cannot_bypass_the_unresolved_financing_scope (test_salesforce_operating.SalesforceOperatingTests.test_positive_cash_cannot_bypass_the_unresolved_financing_scope) ... ok
test_rou_addback_requires_a_separate_operating_lease_cash_assumption (test_salesforce_operating.SalesforceOperatingTests.test_rou_addback_requires_a_separate_operating_lease_cash_assumption) ... ok
test_strategic_profit_is_removed_from_cash_and_not_operating_profit (test_salesforce_operating.SalesforceOperatingTests.test_strategic_profit_is_removed_from_cash_and_not_operating_profit) ... ok
test_cash_reconciles_each_period_before_adding_trailing_values (test_samsung_operating.SamsungOperatingTests.test_cash_reconciles_each_period_before_adding_trailing_values) ... ok
test_changed_annual_cash_or_corpus_requires_a_new_review (test_samsung_operating.SamsungOperatingTests.test_changed_annual_cash_or_corpus_requires_a_new_review) ... ok
test_internal_sales_are_not_external_revenue_or_deducted_twice_from_profit (test_samsung_operating.SamsungOperatingTests.test_internal_sales_are_not_external_revenue_or_deducted_twice_from_profit) ... ok
test_invalid_elimination_and_other_profit_inputs_are_rejected (test_samsung_operating.SamsungOperatingTests.test_invalid_elimination_and_other_profit_inputs_are_rejected) ... ok
test_reported_lease_and_minority_proxy_are_each_deducted_once (test_samsung_operating.SamsungOperatingTests.test_reported_lease_and_minority_proxy_are_each_deducted_once) ... ok
test_unallocated_profit_stays_distinct_from_disclosed_segment_profit (test_samsung_operating.SamsungOperatingTests.test_unallocated_profit_stays_distinct_from_disclosed_segment_profit) ... ok
test_working_capital_uses_previous_consolidated_revenue_including_terminal (test_samsung_operating.SamsungOperatingTests.test_working_capital_uses_previous_consolidated_revenue_including_terminal) ... ok
test_all_three_periods_reconcile_cfo_and_preserve_precision (test_sds_operating.SdsOperatingTests.test_all_three_periods_reconcile_cfo_and_preserve_precision) ... ok
test_annual_segment_context_uses_current_source_table (test_sds_operating.SdsOperatingTests.test_annual_segment_context_uses_current_source_table) ... ok
test_business_scope_preserves_government_ownership_and_trade_payable_policy (test_sds_operating.SdsOperatingTests.test_business_scope_preserves_government_ownership_and_trade_payable_policy) ... ok
test_cash_path_keeps_capital_hold_under_growth_and_margin_changes (test_sds_operating.SdsOperatingTests.test_cash_path_keeps_capital_hold_under_growth_and_margin_changes) ... ok
test_new_sources_require_review (test_sds_operating.SdsOperatingTests.test_new_sources_require_review) ... ok
test_retirement_cost_is_not_all_of_the_profit_decline_or_cash (test_sds_operating.SdsOperatingTests.test_retirement_cost_is_not_all_of_the_profit_decline_or_cash) ... ok
test_working_stock_avoids_contract_asset_double_count_and_flow_extrapolation (test_sds_operating.SdsOperatingTests.test_working_stock_avoids_contract_asset_double_count_and_flow_extrapolation) ... ok
test_all_korean_sources_preserve_current_filing_and_add_to_replay (test_security.ShareTableTests.test_all_korean_sources_preserve_current_filing_and_add_to_replay) ... ok
test_conflicting_share_notes_hold_price_even_with_balanced_api_table (test_security.ShareTableTests.test_conflicting_share_notes_hold_price_even_with_balanced_api_table) ... ok
test_dash_does_not_become_zero_without_an_exhaustive_aggregate (test_security.ShareTableTests.test_dash_does_not_become_zero_without_an_exhaustive_aggregate) ... ok
test_explicit_common_label_with_particle_keeps_preferred_rights_separate (test_security.ShareTableTests.test_explicit_common_label_with_particle_keeps_preferred_rights_separate) ... ok
test_issuer_receipt_period_and_arithmetic_are_fail_closed (test_security.ShareTableTests.test_issuer_receipt_period_and_arithmetic_are_fail_closed) ... ok
test_missing_treasury_remains_missing_with_equal_issued_outstanding (test_security.ShareTableTests.test_missing_treasury_remains_missing_with_equal_issued_outstanding) ... ok
test_naver_issued_less_treasury_and_explicit_aggregate (test_security.ShareTableTests.test_naver_issued_less_treasury_and_explicit_aggregate) ... ok
test_preferred_stock_rights_are_not_assigned_to_common (test_security.ShareTableTests.test_preferred_stock_rights_are_not_assigned_to_common) ... ok
test_voting_label_requires_both_exact_ordinary_share_facts (test_security.ShareTableTests.test_voting_label_requires_both_exact_ordinary_share_facts) ... ok
test_cash_rights_phrase_must_exist_in_verified_original (test_security_rights.MetaRightsTests.test_cash_rights_phrase_must_exist_in_verified_original) ... ok
test_equal_cash_rights_reconcile_precise_same_day_counts (test_security_rights.MetaRightsTests.test_equal_cash_rights_reconcile_precise_same_day_counts) ... ok
test_missing_class_or_changed_date_cannot_use_weighted_average (test_security_rights.MetaRightsTests.test_missing_class_or_changed_date_cannot_use_weighted_average) ... ok
test_new_filing_or_source_hash_cannot_inherit_review (test_security_rights.MetaRightsTests.test_new_filing_or_source_hash_cannot_inherit_review) ... ok
test_preferred_and_new_class_require_separate_allocation (test_security_rights.MetaRightsTests.test_preferred_and_new_class_require_separate_allocation) ... ok
test_amd_context_and_cost_sign_change_are_explicit_source_components (test_segment_history.SegmentPeriodTests.test_amd_context_and_cost_sign_change_are_explicit_source_components) ... ok
test_broadcom_unallocated_costs_are_deducted_once_in_all_three_periods (test_segment_history.SegmentPeriodTests.test_broadcom_unallocated_costs_are_deducted_once_in_all_three_periods) ... ok
test_definition_text_cannot_move_to_a_separate_statement_context (test_segment_history.SegmentPeriodTests.test_definition_text_cannot_move_to_a_separate_statement_context) ... ok
test_korean_bridges_preserve_issuer_specific_contexts_and_cash_boundaries (test_segment_history.SegmentPeriodTests.test_korean_bridges_preserve_issuer_specific_contexts_and_cash_boundaries) ... ok
test_korean_tag_aliases_and_nonzero_gaps_remain_visible (test_segment_history.SegmentPeriodTests.test_korean_tag_aliases_and_nonzero_gaps_remain_visible) ... ok
test_missing_annual_fact_keeps_a_gap_instead_of_annualizing_ytd (test_segment_history.SegmentPeriodTests.test_missing_annual_fact_keeps_a_gap_instead_of_annualizing_ytd) ... ok
test_offsetting_period_gaps_do_not_masquerade_as_a_reconciliation (test_segment_history.SegmentPeriodTests.test_offsetting_period_gaps_do_not_masquerade_as_a_reconciliation) ... ok
test_seven_issuer_specific_bridges_reconcile_both_consolidated_metrics (test_segment_history.SegmentPeriodTests.test_seven_issuer_specific_bridges_reconcile_both_consolidated_metrics) ... ok
test_unknown_new_or_future_source_cannot_reuse_definition_review (test_segment_history.SegmentPeriodTests.test_unknown_new_or_future_source_cannot_reuse_definition_review) ... ok
test_commission_asset_amortization_and_acquisition_cash_are_separate (test_servicenow_operating.ServiceNowOperatingTests.test_commission_asset_amortization_and_acquisition_cash_are_separate) ... ok
test_current_coupon_is_not_the_old_cash_interest_or_effective_yield (test_servicenow_operating.ServiceNowOperatingTests.test_current_coupon_is_not_the_old_cash_interest_or_effective_yield) ... ok
test_customer_advance_funding_is_a_dated_assumption (test_servicenow_operating.ServiceNowOperatingTests.test_customer_advance_funding_is_a_dated_assumption) ... ok
test_excluding_acquisition_retains_commission_and_physical_investment (test_servicenow_operating.ServiceNowOperatingTests.test_excluding_acquisition_retains_commission_and_physical_investment) ... ok
test_new_filing_cannot_reuse_acquisition_terms (test_servicenow_operating.ServiceNowOperatingTests.test_new_filing_cannot_reuse_acquisition_terms) ... ok
test_revenue_groups_reconcile_to_common_gaap_costs (test_servicenow_operating.ServiceNowOperatingTests.test_revenue_groups_reconcile_to_common_gaap_costs) ... ok
test_three_cash_periods_preserve_tax_and_investment_adjustment_signs (test_servicenow_operating.ServiceNowOperatingTests.test_three_cash_periods_preserve_tax_and_investment_adjustment_signs) ... ok
test_unadjusted_acquisition_cash_keeps_negative_path_visible (test_servicenow_operating.ServiceNowOperatingTests.test_unadjusted_acquisition_cash_keeps_negative_path_visible) ... ok
test_conflicting_primary_filing_and_companyfacts_cannot_be_silently_selected (test_supplements.SupplementalSourceTests.test_conflicting_primary_filing_and_companyfacts_cannot_be_silently_selected) ... ok
test_ford_primary_filing_supplies_missing_half_year_without_segment_mixing (test_supplements.SupplementalSourceTests.test_ford_primary_filing_supplies_missing_half_year_without_segment_mixing) ... ok
test_lilly_caption_matches_amount_period_and_unit_not_only_a_substring (test_supplements.SupplementalSourceTests.test_lilly_caption_matches_amount_period_and_unit_not_only_a_substring) ... ok
test_cash_product_and_unallocated_costs_reconcile_every_period (test_tesla_operating.TeslaOperatingTests.test_cash_product_and_unallocated_costs_reconcile_every_period) ... ok
test_credit_shutdown_and_investment_floor_have_explicit_cost_effects (test_tesla_operating.TeslaOperatingTests.test_credit_shutdown_and_investment_floor_have_explicit_cost_effects) ... ok
test_future_cash_keeps_sbc_and_leased_asset_costs_and_deducts_minority_once (test_tesla_operating.TeslaOperatingTests.test_future_cash_keeps_sbc_and_leased_asset_costs_and_deducts_minority_once) ... ok
test_same_taxonomy_tag_does_not_mix_comprehensive_income_and_cash (test_tesla_operating.TeslaOperatingTests.test_same_taxonomy_tag_does_not_mix_comprehensive_income_and_cash) ... ok
test_source_changes_and_cancelling_period_errors_are_rejected (test_tesla_operating.TeslaOperatingTests.test_source_changes_and_cancelling_period_errors_are_rejected) ... ok
test_all_three_period_cash_and_business_totals_reconcile (test_txn_operating.TiOperatingTests.test_all_three_period_cash_and_business_totals_reconcile) ... ok
test_assets_and_depreciation_do_not_repeat_the_annual_grant_benefit (test_txn_operating.TiOperatingTests.test_assets_and_depreciation_do_not_repeat_the_annual_grant_benefit) ... ok
test_current_source_scope_and_publication_date_are_required (test_txn_operating.TiOperatingTests.test_current_source_scope_and_publication_date_are_required) ... ok
test_incentive_receivables_are_not_repeating_working_capital (test_txn_operating.TiOperatingTests.test_incentive_receivables_are_not_repeating_working_capital) ... ok
test_interest_cost_is_a_negative_cash_effect_not_income (test_txn_operating.TiOperatingTests.test_interest_cost_is_a_negative_cash_effect_not_income) ... ok
test_itc_tax_cash_is_already_in_cfo_and_must_not_be_added_twice (test_txn_operating.TiOperatingTests.test_itc_tax_cash_is_already_in_cfo_and_must_not_be_added_twice) ... ok
test_member_names_and_software_tags_are_source_period_specific (test_txn_operating.TiOperatingTests.test_member_names_and_software_tags_are_source_period_specific) ... ok
test_reinvestment_change_does_not_rewrite_historical_chips_receipts (test_txn_operating.TiOperatingTests.test_reinvestment_change_does_not_rewrite_historical_chips_receipts) ... ok
test_cash_is_not_a_zero_price_when_negative (test_valuation.ValuationTests.test_cash_is_not_a_zero_price_when_negative) ... ok
test_higher_burden_or_discount_reduces_conditional_price (test_valuation.ValuationTests.test_higher_burden_or_discount_reduces_conditional_price) ... ok
test_historical_anchors_do_not_overlap_and_missing_is_explicit (test_valuation.ValuationTests.test_historical_anchors_do_not_overlap_and_missing_is_explicit) ... ok
test_implied_growth_recovers_price_and_reports_unsolved_ranges (test_valuation.ValuationTests.test_implied_growth_recovers_price_and_reports_unsolved_ranges) ... ok
test_issued_and_weighted_average_shares_are_not_substitutes (test_valuation.ValuationTests.test_issued_and_weighted_average_shares_are_not_substitutes) ... ok
test_latest_header_shares_preserve_own_date (test_valuation.ValuationTests.test_latest_header_shares_preserve_own_date) ... ok
test_multiclass_and_financial_subsidiaries_hold_price (test_valuation.ValuationTests.test_multiclass_and_financial_subsidiaries_hold_price) ... ok
test_preferred_class_dimension_is_not_mistaken_for_no_preferred_stock (test_valuation.ValuationTests.test_preferred_class_dimension_is_not_mistaken_for_no_preferred_stock) ... ok

----------------------------------------------------------------------
Ran 471 tests in 300.924s

OK
