{"company": "MU", "status": "selected", "choice": {"primary": "price_conditions", "secondary": "cash_conversion"}, "recordHash": "fb80f9d2a04d3150d3ee279662681b24f49a6ed4616f834a73d1d08f0559c79e", "reused": true, "error": null}
{"company": "NVDA", "status": "selected", "choice": {"primary": "price_conditions", "secondary": "segment_reconciliation"}, "recordHash": "ddc00305157f6efd923849ad91713abd0ad1c3caff25624e3590f51021a0deda", "reused": true, "error": null}
{"company": "GOOGL", "status": "selected", "choice": {"primary": "investment_cycle", "secondary": "segment_reconciliation"}, "recordHash": "0691425d53f294a60355559b5f78c688f322d57e844f1fdb7d922f506fa8fb22", "reused": true, "error": null}
{"company": "AAPL", "status": "selected", "choice": {"primary": "price_conditions", "secondary": "segment_reconciliation"}, "recordHash": "820124364b188dad6499c96edd50c002541f45637c93bf1a5ca19eb34a8db5ba", "reused": true, "error": null}
{"company": "MSFT", "status": "selected", "choice": {"primary": "price_conditions", "secondary": "investment_cycle"}, "recordHash": "018aef8756b84d2bce17b9a2fa7e8350be1ca55ba297bdc85102e3634998ca5c", "reused": true, "error": null}
{"company": "AMZN", "status": "selected", "choice": {"primary": "price_conditions", "secondary": "segment_reconciliation"}, "recordHash": "e236ba634d8018b02b5aa65a16ef65110ca64e9709ed795906842e21c5361763", "reused": true, "error": null}
{"company": "META", "status": "selected", "choice": {"primary": "price_conditions", "secondary": "investment_cycle"}, "recordHash": "b3481dae185b866901806371d80f62605a54c48c05ac4d6b8add99e1771e12ba", "reused": true, "error": null}
{"company": "AMD", "status": "selected", "choice": {"primary": "business_scope", "secondary": "cash_conversion"}, "recordHash": "e1cfbfb3f51ea03f58cf0344928dce128aa9c5257c7638ecf3f60d6fdf8b4b04", "reused": true, "error": null}
{"company": "AVGO", "status": "selected", "choice": {"primary": "price_conditions", "secondary": "segment_reconciliation"}, "recordHash": "a5411204e2adc032c60310a659402f39130d01105397081745ea8c34d529d990", "reused": true, "error": null}
{"company": "QCOM", "status": "selected", "choice": {"primary": "price_conditions", "secondary": "investment_cycle"}, "recordHash": "38680bc305d1346d6e2c11dc86e286e9870ce95853062c0386d26accd306356d", "reused": true, "error": null}
{"company": "INTC", "status": "selected", "choice": {"primary": "security_rights", "secondary": "cash_conversion"}, "recordHash": "02d7a2d21b8d0ec974339625dc3351d71c97d6442f4f90222867f82bcb44bd4b", "reused": true, "error": null}
{"company": "AMAT", "status": "selected", "choice": {"primary": "price_conditions", "secondary": "cash_conversion"}, "recordHash": "2b1bf2e1d97143d642a265d3bf2378e610154f4e6f30b0fb00db47fd11f50b4e", "reused": true, "error": null}
{"company": "LRCX", "status": "selected", "choice": {"primary": "price_conditions", "secondary": "investment_cycle"}, "recordHash": "0662fb8b49e8a757aa98eb688fdaa59051d166ce69c5236954f17b8e8a22ec74", "reused": true, "error": null}
{"company": "TSLA", "status": "selected", "choice": {"primary": "price_conditions", "secondary": "investment_cycle"}, "recordHash": "f934663ef415fb3078934b32b8c172954f0400cb537bcaefa4787a4cd4636ef8", "reused": true, "error": null}
{"company": "GM", "status": "selected", "choice": {"primary": "financial_scope", "secondary": "peer_tradeoff"}, "recordHash": "1fa7cad195ddd785db6d8d677a573e9886b195744f8866693908b8d3b13b6fd9", "reused": true, "error": null}
{"company": "F", "status": "selected", "choice": {"primary": "financial_scope", "secondary": "security_rights"}, "recordHash": "c532ade9ddfa9170a6fc01e6f3959d622c9741773709b66ea36635bca625cd99", "reused": true, "error": null}
{"company": "GE", "status": "selected", "choice": {"primary": "business_scope", "secondary": "cash_conversion"}, "recordHash": "840eb08d230b852a955f62319559977fc82337a165b2b109d601fd5fce315b22", "reused": true, "error": null}
{"company": "CAT", "status": "selected", "choice": {"primary": "financial_scope", "secondary": "security_rights"}, "recordHash": "94b47eca875d24f7d93f8e42cad6e28c56c1740a26933ca515ece3bc39320695", "reused": true, "error": null}
{"company": "LLY", "status": "selected", "choice": {"primary": "price_conditions", "secondary": "cash_conversion"}, "recordHash": "d69e70d1fbae95b676c23d6651b973ecb046591ff9a42cb8ddb5f69906a9977c", "reused": true, "error": null}
{"company": "JNJ", "status": "selected", "choice": {"primary": "price_conditions", "secondary": "investment_cycle"}, "recordHash": "1a03b38db6b3e54db73115607d5bfc206092cd1698552fa8e5c171ad5e0ee19f", "reused": true, "error": null}
{"company": "000660", "status": "selected", "choice": {"primary": "cash_conversion", "secondary": "investment_cycle"}, "recordHash": "d4ef7bda60a7ec20ce4dc6fb6bee386dcd9b4826123fbe90f4f14b27480b5455", "reused": true, "error": null}
{"company": "005930", "status": "selected", "choice": {"primary": "security_rights", "secondary": "segment_reconciliation"}, "recordHash": "761cbe1dfe21a7c10a973a8ce9674daf7528773825426821209d671f2b28d6f3", "reused": true, "error": null}
{"company": "035420", "status": "selected", "choice": {"primary": "investment_cycle", "secondary": "price_conditions"}, "recordHash": "2892edad9dbee0d11b0c5ec12737ab3eb5d2c94117caba3a511dfc6e34cc8444", "reused": true, "error": null}
{"company": "066570", "status": "selected", "choice": {"primary": "business_scope", "secondary": "segment_reconciliation"}, "recordHash": "35afdefc21d9906ca57c364bb5e0cf92310553e6181a7945fa59509d33522cc3", "reused": true, "error": null}
{"company": "005380", "status": "selected", "choice": {"primary": "financial_scope", "secondary": "security_rights"}, "recordHash": "320885cee7fc9aa555cd1b0cbef5982a9f9831146eca123d7898db34353f9de3", "reused": true, "error": null}
{"company": "000270", "status": "selected", "choice": {"primary": "price_conditions", "secondary": "investment_cycle"}, "recordHash": "d3d63fd6cb85925a5cc553a2068569a77668367578e0d3e2aec164e7652beb8f", "reused": true, "error": null}
{"company": "012330", "status": "selected", "choice": {"primary": "cash_conversion", "secondary": "security_rights"}, "recordHash": "366970c7b1324f821022b7e5f9450a6270e2f2b1a674abb165c2569425d3f8f2", "reused": true, "error": null}
{"company": "035720", "status": "selected", "choice": {"primary": "business_scope", "secondary": "cash_conversion"}, "recordHash": "7827ef92b14a68c477eed76ad2bcde5512c02d6bcf0362ddb6d0536cf7aa3ed5", "reused": true, "error": null}
{"company": "006400", "status": "selected", "choice": {"primary": "business_scope", "secondary": "cash_conversion"}, "recordHash": "80f86551369018aaed948b7d04ba0080dd66ea5cc2cdbe14702c2b3620c0b762", "reused": true, "error": null}
{"company": "051910", "status": "selected", "choice": {"primary": "business_scope", "secondary": "cash_conversion"}, "recordHash": "a43a63e501e29e6f33f58b6d5f94f36a6f0105bd0970cc9269a838550babaa03", "reused": true, "error": null}
{"company": "373220", "status": "selected", "choice": {"primary": "price_conditions", "secondary": "cash_conversion"}, "recordHash": "884e6367ee317774e3b4411b0be5c5f565cca3347696198f2f9a29fce10d04e4", "reused": true, "error": null}
{"company": "005490", "status": "selected", "choice": {"primary": "price_conditions", "secondary": "cash_conversion"}, "recordHash": "ac6e9d33f49c142f989615d04ca49a965a3fd05ae1a0925d2d67aa58a4bea9cd", "reused": true, "error": null}
{"company": "207940", "status": "selected", "choice": {"primary": "business_scope", "secondary": "investment_cycle"}, "recordHash": "4106a0207e284f33251844179c108fdc523179b911ec97e7fb552b520781153a", "reused": true, "error": null}
{"company": "068270", "status": "selected", "choice": {"primary": "price_conditions", "secondary": "investment_cycle"}, "recordHash": "71dcffa0b85caae27828c9f960ef2bed220102ab8efdd279a2ef5d9d45c81fa5", "reused": true, "error": null}
{"company": "000100", "status": "selected", "choice": {"primary": "security_rights", "secondary": "peer_tradeoff"}, "recordHash": "73accebdaa16579f12b18f3302cc0d11929b931475ef3d43501d0d7695e16937", "reused": true, "error": null}
{"company": "128940", "status": "selected", "choice": {"primary": "price_conditions", "secondary": "investment_cycle"}, "recordHash": "064ed3551d1cb903d5639a2084fefe84f4ecaacb8786cbd03dbe6b6cdab8d237", "reused": true, "error": null}
{"company": "329180", "status": "selected", "choice": {"primary": "price_conditions", "secondary": "peer_tradeoff"}, "recordHash": "34bdb6063dbe5605517ed3f357b70d310c2d8001dcbe509b2862c23fab1328f1", "reused": true, "error": null}
{"company": "012450", "status": "selected", "choice": {"primary": "cash_conversion", "secondary": "security_rights"}, "recordHash": "49b6eb57a9a31a9568ac42070001739159c091f1bd36fed28bc3653af52c41ea", "reused": true, "error": null}
{"company": "034020", "status": "selected", "choice": {"primary": "cash_conversion", "secondary": "peer_tradeoff"}, "recordHash": "aacc378a723998c040ab67940929dda0ab5e64082d9f9e51df691ffc7e2571f5", "reused": true, "error": null}
{"company": "267260", "status": "selected", "choice": {"primary": "price_conditions", "secondary": "cash_conversion"}, "recordHash": "15ff82c5b0398c6ef74190f1925685e533f795ac356ccf32e33a4aa12b848842", "reused": true, "error": null}
{"company": "NFLX", "status": "selected", "choice": {"primary": "price_conditions", "secondary": "cash_conversion"}, "recordHash": "ddc674e84c69c863f7968dc5a96798695f7ccf939b6c74c048e79551f3b48363", "reused": true, "error": null}
{"company": "CRM", "status": "selected", "choice": {"primary": "price_conditions", "secondary": "peer_tradeoff"}, "recordHash": "1e7c303a5dc54333569ddcd404720fd2bead153752540586826411f8a90afa4e", "reused": true, "error": null}
{"company": "ORCL", "status": "selected", "choice": {"primary": "cash_conversion", "secondary": "investment_cycle"}, "recordHash": "d519f38c1f2344173bc5151af5d21f1e9bfbda4480c8cbcbc567a69c09b9791f", "reused": true, "error": null}
{"company": "ADBE", "status": "selected", "choice": {"primary": "price_conditions", "secondary": "cash_conversion"}, "recordHash": "ee0bf0ca12fd8976783f0847c206b5de1e74bc6c0c20c905e02ca236cee56eef", "reused": true, "error": null}
{"company": "NOW", "status": "selected", "choice": {"primary": "cash_conversion", "secondary": "price_conditions"}, "recordHash": "98c9cf093f43af651b1493b69fa4ad06f6cb36f713d0130eaba4e9be31edb345", "reused": true, "error": null}
{"company": "COST", "status": "selected", "choice": {"primary": "price_conditions", "secondary": "investment_cycle"}, "recordHash": "d532d4f75c55fbfd03a1402f8bb6678edd94916b753fc26747b7cc68ad962a31", "reused": true, "error": null}
{"company": "WMT", "status": "selected", "choice": {"primary": "price_conditions", "secondary": "investment_cycle"}, "recordHash": "380d0efaa25118b6bab9a6a95328a18b04d058176b39aedcaf0a96d99a5da363", "reused": true, "error": null}
{"company": "HD", "status": "selected", "choice": {"primary": "price_conditions", "secondary": "cash_conversion"}, "recordHash": "670df592b1ffd47834ea82a9a4f27d41a6b60b080a880447377a4eb11481354c", "reused": true, "error": null}
{"company": "TXN", "status": "selected", "choice": {"primary": "cash_conversion", "secondary": "investment_cycle"}, "recordHash": "836a38a7c8e13f0d2a190b68862b76624959298470be48633e5a0861ee1dd23e", "reused": false, "error": null}
{"company": "ADI", "status": "selected", "choice": {"primary": "price_conditions", "secondary": "cash_conversion"}, "recordHash": "0aba441d8933b8f47bbb4d992bd52acbd00f311607666691cdfd60816488096e", "reused": false, "error": null}
{"company": "028260", "status": "selected", "choice": {"primary": "security_rights", "secondary": "cash_conversion"}, "recordHash": "a6d3afbc6ed7ab1c035906a68ed70a2313186acd7ab5ae319d9ca8411feaaba5", "reused": true, "error": null}
{"company": "017670", "status": "selected", "choice": {"primary": "cash_conversion", "secondary": "price_conditions"}, "recordHash": "fdc80912db41a47cb51ce1d82e49f73bda4134b57547b3f9764bead7bb11e2fa", "reused": true, "error": null}
{"company": "030200", "status": "selected", "choice": {"primary": "security_rights", "secondary": "peer_tradeoff"}, "recordHash": "1eeb62afed49b38e41b7ad06cd147452140ae4760a41f347a8ba06123db257a0", "reused": true, "error": null}
{"company": "009150", "status": "selected", "choice": {"primary": "business_scope", "secondary": "cash_conversion"}, "recordHash": "eebe663b389803b98c8490329c9e8e4b1fdb4305c6747a57143e7ba00e9dab8c", "reused": true, "error": null}
{"company": "011070", "status": "selected", "choice": {"primary": "cash_conversion", "secondary": "price_conditions"}, "recordHash": "0587c55bc5389509f215096989f9091fb4b2618a775b6caf4e9a8b59c2cc21c7", "reused": true, "error": null}
{"company": "018260", "status": "selected", "choice": {"primary": "cash_conversion", "secondary": "investment_cycle"}, "recordHash": "be22db1dc32bd2e20f87ca9aca5c1ccc93dc9179e96a8faafaa340309e85be10", "reused": true, "error": null}
{"company": "259960", "status": "selected", "choice": {"primary": "price_conditions", "secondary": "cash_conversion"}, "recordHash": "2d1efd6cb28d6b7cf1e234ff7e32b83bae5ae262b5dd9466c59184a5fecea0f6", "reused": true, "error": null}
{"company": "251270", "status": "selected", "choice": {"primary": "price_conditions", "secondary": "cash_conversion"}, "recordHash": "cf71967717f0e29e0dfb5d85ac759b87cd7557c19549f35dfdbf565becef210c", "reused": true, "error": null}
{"company": "090430", "status": "selected", "choice": {"primary": "cash_conversion", "secondary": "investment_cycle"}, "recordHash": "4855e0f72df84e08951b2885334988fd6d4baf64cb263cf10cae53738c9fe0ea", "reused": true, "error": null}
{"company": "271560", "status": "selected", "choice": {"primary": "price_conditions", "secondary": "cash_conversion"}, "recordHash": "73cc5fca202f3a56906da3e1449da73fd302f767726b58ff6620247f745d11a0", "reused": true, "error": null}
Question selection: artifacts/local/question-run-20261002T073635235888Z.json
