PASS Registered real companies with a source cutoff
PASS US filter affects table and scatter
PASS Korean filter contains real Korean securities
PASS Ticker search selects Microsoft in the table and chart
PASS Empty search is explained without invented companies
PASS Sector filter uses the coverage classifications
PASS Candidate filter uses declared current financial conditions
PASS Micron report contains actual dates and currency
PASS Local filing corpus opens and verifies without network access
PASS Source search finds the exact price and shipment explanation
PASS A research revision preserves its selected filing passage
PASS Reimporting an identical notebook does not duplicate records
PASS Damaged imported notebook is rejected without overwriting history
PASS In-progress research survives reload without rewriting saved history
PASS Ephemeral browser test notes do not enter delivered reports
PASS Memory analysis separates reporting periods and dividend sensitivity
PASS Evidence is readable with source period and raw definitions
PASS Escape restores evidence trigger focus
PASS Cash bridge reconciles to the reported operating cash flow
PASS Receivable proxies expose both averaging choices and limits
PASS Management attribution is distinct from independent evidence
PASS Opening balance and comparative period retain their filing identities
PASS Historical cash scenarios show source anchors and non-probabilistic cases
PASS Additional compensation and lease burden is an explicit assumption
PASS Initial assumptions restore without silently rounding filing ratios
PASS Three filing observations remain separate from generated causes
PASS Cross-border comparison exposes unequal reporting periods
PASS Private model commentary has traceable facts and explicit review limits
PASS Every model sentence has its own exact-text review
PASS Synthetic evaluation is labelled separately from real company accuracy
PASS Uncleared notes are collapsed while computed facts stay visible
PASS Individual real report NVDA
PASS Archived filing corpus identity and hash NVDA
PASS Individual real report GOOGL
PASS Archived filing corpus identity and hash GOOGL
PASS Individual real report AAPL
PASS Archived filing corpus identity and hash AAPL
PASS Individual real report MSFT
PASS Archived filing corpus identity and hash MSFT
PASS Individual real report AMZN
PASS Archived filing corpus identity and hash AMZN
PASS Individual real report META
PASS Archived filing corpus identity and hash META
PASS Individual real report AMD
PASS Archived filing corpus identity and hash AMD
PASS Individual real report AVGO
PASS Archived filing corpus identity and hash AVGO
PASS Individual real report QCOM
PASS Archived filing corpus identity and hash QCOM
PASS Individual real report INTC
PASS Archived filing corpus identity and hash INTC
PASS Individual real report AMAT
PASS Archived filing corpus identity and hash AMAT
PASS Individual real report LRCX
PASS Archived filing corpus identity and hash LRCX
PASS Individual real report TSLA
PASS Archived filing corpus identity and hash TSLA
PASS Individual real report GM
PASS Archived filing corpus identity and hash GM
PASS Individual real report F
PASS Archived filing corpus identity and hash F
PASS Individual real report GE
PASS Archived filing corpus identity and hash GE
PASS Individual real report CAT
PASS Archived filing corpus identity and hash CAT
PASS Individual real report LLY
PASS Archived filing corpus identity and hash LLY
PASS Individual real report JNJ
PASS Archived filing corpus identity and hash JNJ
PASS Individual real report 000660
PASS Archived filing corpus identity and hash 000660
PASS Individual real report 005930
PASS Archived filing corpus identity and hash 005930
PASS Individual real report 035420
PASS Archived filing corpus identity and hash 035420
PASS Individual real report 066570
PASS Archived filing corpus identity and hash 066570
PASS Individual real report 005380
PASS Archived filing corpus identity and hash 005380
PASS Individual real report 000270
PASS Archived filing corpus identity and hash 000270
PASS Individual real report 012330
PASS Archived filing corpus identity and hash 012330
PASS Individual real report 035720
PASS Archived filing corpus identity and hash 035720
PASS Individual real report 006400
PASS Archived filing corpus identity and hash 006400
PASS Individual real report 051910
PASS Archived filing corpus identity and hash 051910
PASS Individual real report 373220
PASS Archived filing corpus identity and hash 373220
PASS Individual real report 005490
PASS Archived filing corpus identity and hash 005490
PASS Individual real report 207940
PASS Archived filing corpus identity and hash 207940
PASS Individual real report 068270
PASS Archived filing corpus identity and hash 068270
PASS Individual real report 000100
PASS Archived filing corpus identity and hash 000100
PASS Individual real report 128940
PASS Archived filing corpus identity and hash 128940
PASS Individual real report 329180
PASS Archived filing corpus identity and hash 329180
PASS Individual real report 012450
PASS Archived filing corpus identity and hash 012450
PASS Individual real report 034020
PASS Archived filing corpus identity and hash 034020
PASS Individual real report 267260
PASS Archived filing corpus identity and hash 267260
PASS Apple distinguishes product revenue from geographic operating profits
PASS Trailing-year numbers preserve the annual plus current less prior calculation
PASS Samsung segment residual and intercompany basis remain visible
PASS Conflicting dividends are shown as a data gap
PASS All companies have current source-bound local research selections
PASS Two selected designs distinguish authored research plans from factual causes
PASS Research view links observations to a frozen follow-up condition
PASS Company condition history opens without unrelated companies
PASS Company-wide local notes have four individually reviewed roles
PASS Coverage development gate is visible even when it fails
PASS Microsoft business segments reconcile to reported consolidated revenue
PASS Microsoft separates finance lease principal from noncash additions
PASS Original and revised model sentences remain available separately
PASS Company print filename carries its own identity and date
PASS Research judgment includes named segment changes and peer trade-offs
PASS Research journal keeps future conditions separate from prediction scoring
PASS Cross-border comparison changes both facts and comparability cautions
PASS Hyundai keeps financial services separate and cash residual unexplained
PASS Hyundai equity requirements wait for preferred and minority interests
PASS Conflicting share disclosures preserve both original amounts and hold price
PASS Attachment correction preserves original annual financial source
PASS Ford primary filing fills the missing companyfacts quarter explicitly
PASS Lilly investment caption is verified against the filing period and amount
PASS Negative cash bars extend left of their zero baseline
PASS NVIDIA broader investment scope remains visible
PASS Opposing average and closing-balance directions remain visible
PASS Small allowances are not rounded to zero and balance cash gaps are explicit
PASS Risk and return tests disclose oracle and exploratory limits
PASS Financial experiment matches its recorded historical window count
PASS Historical inputs link to the preserved filings
PASS Growth-gate ablation contribution matches the recorded experiment
PASS Korean research uses its own figure and fixed cohort
PASS Korean financial study preserves all recorded missing windows
PASS Actual frozen conditions without fabricated accuracy
PASS Published history needs no local mutation service
PASS All companies expose primary sources and preserved copies
PASS No document overflow 360px universe
PASS No document overflow 360px company/000660
PASS No document overflow 360px company/MSFT
PASS No document overflow 360px company/005380
PASS No document overflow 360px lab
PASS No document overflow 360px tracking
PASS No document overflow 360px sources
PASS No document overflow 390px universe
PASS No document overflow 390px company/000660
PASS No document overflow 390px company/MSFT
PASS No document overflow 390px company/005380
PASS No document overflow 390px lab
PASS No document overflow 390px tracking
PASS No document overflow 390px sources
PASS No document overflow 768px universe
PASS No document overflow 768px company/000660
PASS No document overflow 768px company/MSFT
PASS No document overflow 768px company/005380
PASS No document overflow 768px lab
PASS No document overflow 768px tracking
PASS No document overflow 768px sources
PASS Expanded forward study remains separate from old eight-company experiments
PASS No visible undefined values
PASS Local entry page shows saved coverage and separate offline/collection commands
PASS 179 live-system browser checks; 8 real-data PDFs saved.
