Collect MU
Collect NVDA
Collect GOOGL
Collect AAPL
Collect MSFT
Collect AMZN
Collect META
Collect AMD
Collect AVGO
Collect QCOM
Collect INTC
Collect AMAT
Collect LRCX
Collect TSLA
Collect GM
Collect F
Collect GE
Collect CAT
Collect LLY
Collect JNJ
Collect 000660
Collect 005930
Collect 035420
Collect 066570
Collect 005380
Collect 000270
Collect 012330
Collect 035720
Collect 006400
Collect 051910
Collect 373220
Collect 005490
Collect 207940
Collect 068270
Collect 000100
Collect 128940
Collect 329180
Collect 012450
Collect 034020
Collect 267260
Collect NFLX
Collect CRM
Collect ORCL
Collect ADBE
Collect NOW
Collect COST
Collect WMT
Collect HD
Collect TXN
Collect ADI
Collect 028260
Collect 017670
Collect 030200
Collect 009150
Collect 011070
Collect 018260
Collect 259960
Collect 251270
Collect 090430
Collect 271560
Snapshot: 60/60 companies; 2026-09-29-f8c2f0f269d2
