{
  "receipt": "20260715000004",
  "url": "https://dart.fss.or.kr/dsaf001/main.do?rcpNo=20260715000004",
  "retrievedAt": "2026-10-01T14:17:04.711508+00:00",
  "package": {
    "file": "data/sources/dart-document-20260715000004-2e69da294080604d.zip",
    "sha256": "2e69da294080604d5eaf1cd7cec05fb84f90f782d53b73ffff9f91d8f901492f"
  },
  "files": [
    {
      "file": "data/sources/dart-document-20260715000004-0-9ac60312680fb50c.xml",
      "sha256": "9ac60312680fb50caf202694f9e2634bb7d71cccbfb81fe7477b88acad0d4135",
      "originalName": "20260715000004.xml"
    }
  ]
}
{
  "receipt": "20260821000495",
  "url": "https://dart.fss.or.kr/dsaf001/main.do?rcpNo=20260821000495",
  "retrievedAt": "2026-10-01T14:17:04.954801+00:00",
  "package": {
    "file": "data/sources/dart-document-20260821000495-bc820fab87b605da.zip",
    "sha256": "bc820fab87b605da8d44c282c4f1bc96a1c960dea9bd846ad457a5d251f24aba"
  },
  "files": [
    {
      "file": "data/sources/dart-document-20260821000495-0-e021de930ab2b6d2.xml",
      "sha256": "e021de930ab2b6d2d7ae98b10470e76ce0c2117649c080f1385a6f73df1fedd3",
      "originalName": "20260821000495.xml"
    }
  ]
}
{
  "receipt": "20260819000254",
  "url": "https://dart.fss.or.kr/dsaf001/main.do?rcpNo=20260819000254",
  "retrievedAt": "2026-10-01T14:17:05.197845+00:00",
  "package": {
    "file": "data/sources/dart-document-20260819000254-f4b91941ffbb21c8.zip",
    "sha256": "f4b91941ffbb21c81e29aaac98d176f861bb9e7b7d95a17129406189f67f51ee"
  },
  "files": [
    {
      "file": "data/sources/dart-document-20260819000254-0-d2affcfa8a71c420.xml",
      "sha256": "d2affcfa8a71c4205e9ab7aa3792e8d1fbb7490e80925154a5b7bc0849f40cc7",
      "originalName": "20260819000254.xml"
    }
  ]
}
{
  "receipt": "20260922000361",
  "url": "https://dart.fss.or.kr/dsaf001/main.do?rcpNo=20260922000361",
  "retrievedAt": "2026-10-01T14:17:05.439430+00:00",
  "package": {
    "file": "data/sources/dart-document-20260922000361-f02877de31da44f0.zip",
    "sha256": "f02877de31da44f07bebd7a8a2d5cb5714b559a0071c8ea17e40456e1d3fb6a0"
  },
  "files": [
    {
      "file": "data/sources/dart-document-20260922000361-0-62c7d36a2e9c1c2b.xml",
      "sha256": "62c7d36a2e9c1c2ba3fda83cededa40adbe560c537fd9854290e123babc8adfe",
      "originalName": "20260922000361.xml"
    }
  ]
}
